Archive member included to satisfy reference by file (symbol)

.\CortexM3\ARM_GCC_541\Debug\DeliveryRobot.a(PWM_Trigger.o)
                              .\CortexM3\ARM_GCC_541\Debug\main.o (PWM_Trigger_Start)
.\CortexM3\ARM_GCC_541\Debug\DeliveryRobot.a(Timer_Echo.o)
                              .\CortexM3\ARM_GCC_541\Debug\main.o (Timer_Echo_Start)
.\CortexM3\ARM_GCC_541\Debug\DeliveryRobot.a(Timer_Echo_Int.o)
                              .\CortexM3\ARM_GCC_541\Debug\main.o (Timer_Echo_Int_StartEx)
.\CortexM3\ARM_GCC_541\Debug\DeliveryRobot.a(CyLib.o)
                              .\CortexM3\ARM_GCC_541\Debug\Cm3Start.o (CyResetStatus)
.\CortexM3\ARM_GCC_541\Debug\DeliveryRobot.a(cyPm.o)
                              .\CortexM3\ARM_GCC_541\Debug\DeliveryRobot.a(CyLib.o) (CyPmReadStatus)
.\CortexM3\ARM_GCC_541\Debug\DeliveryRobot.a(UART.o)
                              .\CortexM3\ARM_GCC_541\Debug\main.o (UART_Start)
.\CortexM3\ARM_GCC_541\Debug\DeliveryRobot.a(UART_INT.o)
                              .\CortexM3\ARM_GCC_541\Debug\DeliveryRobot.a(UART.o) (UART_TXISR)
.\CortexM3\ARM_GCC_541\Debug\DeliveryRobot.a(UART_IntClock.o)
                              .\CortexM3\ARM_GCC_541\Debug\DeliveryRobot.a(UART.o) (UART_IntClock_Start)
.\CortexM3\ARM_GCC_541\Debug\DeliveryRobot.a(Control_Reg_US.o)
                              .\CortexM3\ARM_GCC_541\Debug\main.o (Control_Reg_US_Write)
.\CortexM3\ARM_GCC_541\Debug\DeliveryRobot.a(QuadDec_L.o)
                              .\CortexM3\ARM_GCC_541\Debug\main.o (QuadDec_L_Start)
.\CortexM3\ARM_GCC_541\Debug\DeliveryRobot.a(QuadDec_L_INT.o)
                              .\CortexM3\ARM_GCC_541\Debug\DeliveryRobot.a(QuadDec_L.o) (QuadDec_L_count32SoftPart)
.\CortexM3\ARM_GCC_541\Debug\DeliveryRobot.a(QuadDec_L_Cnt16.o)
                              .\CortexM3\ARM_GCC_541\Debug\DeliveryRobot.a(QuadDec_L.o) (QuadDec_L_Cnt16_WriteCounter)
.\CortexM3\ARM_GCC_541\Debug\DeliveryRobot.a(PWM_Motor_L.o)
                              .\CortexM3\ARM_GCC_541\Debug\main.o (PWM_Motor_L_Start)
.\CortexM3\ARM_GCC_541\Debug\DeliveryRobot.a(Motor_PI_Int.o)
                              .\CortexM3\ARM_GCC_541\Debug\main.o (Motor_PI_Int_StartEx)
.\CortexM3\ARM_GCC_541\Debug\DeliveryRobot.a(QuadDec_R.o)
                              .\CortexM3\ARM_GCC_541\Debug\main.o (QuadDec_R_Start)
.\CortexM3\ARM_GCC_541\Debug\DeliveryRobot.a(QuadDec_R_INT.o)
                              .\CortexM3\ARM_GCC_541\Debug\DeliveryRobot.a(QuadDec_R.o) (QuadDec_R_count32SoftPart)
.\CortexM3\ARM_GCC_541\Debug\DeliveryRobot.a(PWM_Motor_R.o)
                              .\CortexM3\ARM_GCC_541\Debug\main.o (PWM_Motor_R_Start)
.\CortexM3\ARM_GCC_541\Debug\DeliveryRobot.a(QuadDec_R_Cnt16.o)
                              .\CortexM3\ARM_GCC_541\Debug\DeliveryRobot.a(QuadDec_R.o) (QuadDec_R_Cnt16_WriteCounter)
.\CortexM3\ARM_GCC_541\Debug\DeliveryRobot.a(Pose_Update_Int.o)
                              .\CortexM3\ARM_GCC_541\Debug\main.o (Pose_Update_Int_StartEx)
.\CortexM3\ARM_GCC_541\Debug\DeliveryRobot.a(Timer_Avoidance.o)
                              .\CortexM3\ARM_GCC_541\Debug\main.o (Timer_Avoidance_WriteCounter)
.\CortexM3\ARM_GCC_541\Debug\DeliveryRobot.a(CyBootAsmGnu.o)
                              .\CortexM3\ARM_GCC_541\Debug\cyfitter_cfg.o (CyDelayCycles)
.\CortexM3\ARM_GCC_541\Debug\DeliveryRobot.a(CyFlash.o)
                              .\CortexM3\ARM_GCC_541\Debug\DeliveryRobot.a(cyPm.o) (CyFlash_SetWaitCycles)
.\CortexM3\ARM_GCC_541\Debug\DeliveryRobot.a(CySpc.o)
                              .\CortexM3\ARM_GCC_541\Debug\DeliveryRobot.a(CyFlash.o) (CySpcStart)
c:/program files (x86)/cypress/psoc creator/4.4/psoc creator/import/gnu/arm/5.4.1/bin/../lib/gcc/arm-none-eabi/5.4.1/../../../../arm-none-eabi/lib/armv7-m\libm.a(lib_a-logl.o)
                              .\CortexM3\ARM_GCC_541\Debug\main.o (logl)
c:/program files (x86)/cypress/psoc creator/4.4/psoc creator/import/gnu/arm/5.4.1/bin/../lib/gcc/arm-none-eabi/5.4.1/../../../../arm-none-eabi/lib/armv7-m\libm.a(lib_a-s_cos.o)
                              .\CortexM3\ARM_GCC_541\Debug\main.o (cos)
c:/program files (x86)/cypress/psoc creator/4.4/psoc creator/import/gnu/arm/5.4.1/bin/../lib/gcc/arm-none-eabi/5.4.1/../../../../arm-none-eabi/lib/armv7-m\libm.a(lib_a-s_floor.o)
                              .\CortexM3\ARM_GCC_541\Debug\vfh.o (floor)
c:/program files (x86)/cypress/psoc creator/4.4/psoc creator/import/gnu/arm/5.4.1/bin/../lib/gcc/arm-none-eabi/5.4.1/../../../../arm-none-eabi/lib/armv7-m\libm.a(lib_a-s_round.o)
                              .\CortexM3\ARM_GCC_541\Debug\vfh.o (round)
c:/program files (x86)/cypress/psoc creator/4.4/psoc creator/import/gnu/arm/5.4.1/bin/../lib/gcc/arm-none-eabi/5.4.1/../../../../arm-none-eabi/lib/armv7-m\libm.a(lib_a-s_sin.o)
                              .\CortexM3\ARM_GCC_541\Debug\main.o (sin)
[...]
Memory Configuration

Name             Origin             Length             Attributes
rom              0x00000000         0x00040000         xr
ram              0x1fff8000         0x00010000         xrw
*default*        0x00000000         0xffffffff

Linker script and memory map

LOAD c:/program files (x86)/cypress/psoc creator/4.4/psoc creator/import/gnu/arm/5.4.1/bin/../lib/gcc/arm-none-eabi/5.4.1/armv7-m/crti.o
LOAD c:/program files (x86)/cypress/psoc creator/4.4/psoc creator/import/gnu/arm/5.4.1/bin/../lib/gcc/arm-none-eabi/5.4.1/armv7-m/crtbegin.o
LOAD c:/program files (x86)/cypress/psoc creator/4.4/psoc creator/import/gnu/arm/5.4.1/bin/../lib/gcc/arm-none-eabi/5.4.1/../../../../arm-none-eabi/lib/armv7-m/crt0.o
START GROUP
LOAD .\CortexM3\ARM_GCC_541\Debug\main.o
LOAD .\CortexM3\ARM_GCC_541\Debug\vfh.o
LOAD .\CortexM3\ARM_GCC_541\Debug\robot.o
LOAD .\CortexM3\ARM_GCC_541\Debug\helper.o
LOAD .\CortexM3\ARM_GCC_541\Debug\cyfitter_cfg.o
LOAD .\CortexM3\ARM_GCC_541\Debug\cymetadata.o
LOAD .\CortexM3\ARM_GCC_541\Debug\Cm3Start.o
LOAD .\CortexM3\ARM_GCC_541\Debug\DeliveryRobot.a
LOAD C:\Program Files (x86)\Cypress\PSoC Creator\4.4\PSoC Creator\psoc\content\cycomponentlibrary\CyComponentLibrary.cylib\CortexM3\ARM_GCC_541\Debug\CyComponentLibrary.a
LOAD c:/program files (x86)/cypress/psoc creator/4.4/psoc creator/import/gnu/arm/5.4.1/bin/../lib/gcc/arm-none-eabi/5.4.1/../../../../arm-none-eabi/lib/armv7-m\libm.a
END GROUP
START GROUP
LOAD c:/program files (x86)/cypress/psoc creator/4.4/psoc creator/import/gnu/arm/5.4.1/bin/../lib/gcc/arm-none-eabi/5.4.1/armv7-m\libgcc.a
LOAD c:/program files (x86)/cypress/psoc creator/4.4/psoc creator/import/gnu/arm/5.4.1/bin/../lib/gcc/arm-none-eabi/5.4.1/../../../../arm-none-eabi/lib/armv7-m\libg_nano.a
LOAD c:/program files (x86)/cypress/psoc creator/4.4/psoc creator/import/gnu/arm/5.4.1/bin/../lib/gcc/arm-none-eabi/5.4.1/../../../../arm-none-eabi/lib/armv7-m\libc_nano.a
END GROUP
START GROUP
LOAD c:/program files (x86)/cypress/psoc creator/4.4/psoc creator/import/gnu/arm/5.4.1/bin/../lib/gcc/arm-none-eabi/5.4.1/armv7-m\libgcc.a
LOAD c:/program files (x86)/cypress/psoc creator/4.4/psoc creator/import/gnu/arm/5.4.1/bin/../lib/gcc/arm-none-eabi/5.4.1/../../../../arm-none-eabi/lib/armv7-m\libc_nano.a
END GROUP
LOAD c:/program files (x86)/cypress/psoc creator/4.4/psoc creator/import/gnu/arm/5.4.1/bin/../lib/gcc/arm-none-eabi/5.4.1/armv7-m/crtend.o
LOAD c:/program files (x86)/cypress/psoc creator/4.4/psoc creator/import/gnu/arm/5.4.1/bin/../lib/gcc/arm-none-eabi/5.4.1/armv7-m/crtn.o
START GROUP
LOAD c:/program files (x86)/cypress/psoc creator/4.4/psoc creator/import/gnu/arm/5.4.1/bin/../lib/gcc/arm-none-eabi/5.4.1/armv7-m\libgcc.a
LOAD c:/program files (x86)/cypress/psoc creator/4.4/psoc creator/import/gnu/arm/5.4.1/bin/../lib/gcc/arm-none-eabi/5.4.1/../../../../arm-none-eabi/lib/armv7-m\libc.a
LOAD c:/program files (x86)/cypress/psoc creator/4.4/psoc creator/import/gnu/arm/5.4.1/bin/../lib/gcc/arm-none-eabi/5.4.1/../../../../arm-none-eabi/lib/armv7-m\libnosys.a
END GROUP
                0x00000000                CY_APPL_ORIGIN = 0x0
                0x00000100                CY_FLASH_ROW_SIZE = 0x100
                0x00000020                CY_ECC_ROW_SIZE = 0x20
                0x00000000                CY_EE_IN_BTLDR = 0x0
                0x00000000                CY_APPL_LOADABLE = 0x0
                0x00000800                CY_EE_SIZE = 0x800
                0x00000001                CY_APPL_NUM = 0x1
                0x00000001                CY_APPL_MAX = 0x1
                0x00000040                CY_METADATA_SIZE = 0x40
                0x00000000                CY_APPL_LOADABLE = 0x0
                0x00000000                CY_CHECKSUM_EXCLUDE_SIZE = ALIGN (0x0, CY_FLASH_ROW_SIZE)
                [!provide]                PROVIDE (__cy_heap_start, _end)
                0x00000001                PROVIDE (__cy_region_num, ((__cy_regions_end - __cy_regions) / 0x10))
                0x20008000                PROVIDE (__cy_stack, (ORIGIN (ram) + LENGTH (ram)))
                [!provide]                PROVIDE (__cy_heap_end, (__cy_stack - 0xfa0))

.cybootloader   0x00000000        0x0
 *(.cybootloader)
                0x00000000                appl1_start = CY_APPL_ORIGIN?CY_APPL_ORIGIN:ALIGN (CY_FLASH_ROW_SIZE)
                0x0001ff00                appl2_start = (appl1_start + ALIGN ((((LENGTH (rom) - appl1_start) - (0x2 * CY_FLASH_ROW_SIZE)) / 0x2), CY_FLASH_ROW_SIZE))
                0x00000000                appl_start = (CY_APPL_NUM == 0x1)?appl1_start:appl2_start
                0x00000000                ecc_offset = ((appl_start / CY_FLASH_ROW_SIZE) * CY_ECC_ROW_SIZE)
                0x00000000                ee_offset = (CY_APPL_LOADABLE && ! (CY_EE_IN_BTLDR))?((CY_EE_SIZE / CY_APPL_MAX) * (CY_APPL_NUM - 0x1)):0x0
                0x00000800                ee_size = (CY_APPL_LOADABLE && ! (CY_EE_IN_BTLDR))?(CY_EE_SIZE / CY_APPL_MAX):CY_EE_SIZE
                [!provide]                PROVIDE (CY_ECC_OFFSET, ecc_offset)

.text           0x00000000     0x9272
 CREATE_OBJECT_SYMBOLS
                0x00000000                PROVIDE (__cy_interrupt_vector, RomVectors)
 *(.romvectors)
 .romvectors    0x00000000       0x10 .\CortexM3\ARM_GCC_541\Debug\Cm3Start.o
                0x00000000                RomVectors
                0x00000001                ASSERT ((. != __cy_interrupt_vector), No interrupt vector)
                0x00000001                ASSERT (CY_APPL_ORIGIN?(SIZEOF (.cybootloader) <= CY_APPL_ORIGIN):0x1, Wrong image location)
                0x00000010                PROVIDE (__cy_reset, Reset)
 *(.text.Reset)
 .text.Reset    0x00000010       0x18 .\CortexM3\ARM_GCC_541\Debug\Cm3Start.o
                0x00000010                Reset
                0x00000001                ASSERT ((. != __cy_reset), No reset code)
 *(.dma_init)
                0x00000001                ASSERT ((((appl_start + .) <= 0x10000) || 0x1), DMA Init must be within the first 64k of flash)
 *(.text .text.* .gnu.linkonce.t.*)
 .text          0x00000028       0x5c c:/program files (x86)/cypress/psoc creator/4.4/psoc creator/import/gnu/arm/5.4.1/bin/../lib/gcc/arm-none-eabi/5.4.1/armv7-m/crtbegin.o
 .text.Timer_Int_Handler
                0x00000084       0x84 .\CortexM3\ARM_GCC_541\Debug\main.o
                0x00000084                Timer_Int_Handler
 .text.Pose_Update_Int_Handler
                0x00000108      0x45c .\CortexM3\ARM_GCC_541\Debug\main.o
                0x00000108                Pose_Update_Int_Handler
 .text.Motor_PI_Int_Handler
                0x00000564      0x154 .\CortexM3\ARM_GCC_541\Debug\main.o
                0x00000564                Motor_PI_Int_Handler
 .text.main     0x000006b8      0x704 .\CortexM3\ARM_GCC_541\Debug\main.o
                0x000006b8                main
 *fill*         0x00000dbc        0x4 
 .text.Drive_Left_Motor
                0x00000dc0       0xd8 .\CortexM3\ARM_GCC_541\Debug\main.o
                0x00000dc0                Drive_Left_Motor
 .text.Drive_Right_Motor
                0x00000e98       0xd8 .\CortexM3\ARM_GCC_541\Debug\main.o
                0x00000e98                Drive_Right_Motor
 .text.grid_create
                0x00000f70       0xb8 .\CortexM3\ARM_GCC_541\Debug\vfh.o
                0x00000f70                grid_create
 .text.grid_update
                0x00001028      0x368 .\CortexM3\ARM_GCC_541\Debug\vfh.o
                0x00001028                grid_update
 .text.active_window
                0x00001390      0x108 .\CortexM3\ARM_GCC_541\Debug\vfh.o
                0x00001390                active_window
 .text.pod_create
                0x00001498       0xdc .\CortexM3\ARM_GCC_541\Debug\vfh.o
                0x00001498                pod_create
 .text.smoothed_POD_histogram
                0x00001574      0x280 .\CortexM3\ARM_GCC_541\Debug\vfh.o
                0x00001574                smoothed_POD_histogram
 *fill*         0x000017f4        0x4 
 .text.calculate_avoidance_angle
                0x000017f8      0x404 .\CortexM3\ARM_GCC_541\Debug\vfh.o
                0x000017f8                calculate_avoidance_angle
 *fill*         0x00001bfc        0x4 
 .text.velocity_control
                0x00001c00       0xf4 .\CortexM3\ARM_GCC_541\Debug\vfh.o
                0x00001c00                velocity_control
 .text.motor_create
                0x00001cf4       0x78 .\CortexM3\ARM_GCC_541\Debug\robot.o
                0x00001cf4                motor_create
 .text.robot_create
                0x00001d6c       0xa8 .\CortexM3\ARM_GCC_541\Debug\robot.o
                0x00001d6c                robot_create
 *fill*         0x00001e14        0x4 
 .text.calculate_angle_modulo
                0x00001e18       0x58 .\CortexM3\ARM_GCC_541\Debug\helper.o
                0x00001e18                calculate_angle_modulo
 .text.calculate_distance_from_goal
                0x00001e70       0x7c .\CortexM3\ARM_GCC_541\Debug\helper.o
                0x00001e70                calculate_distance_from_goal
 *fill*         0x00001eec        0x4 
 .text.calculate_goal_angle
                0x00001ef0      0x118 .\CortexM3\ARM_GCC_541\Debug\helper.o
                0x00001ef0                calculate_goal_angle
 .text.CYMEMZERO
                0x00002008       0x1c .\CortexM3\ARM_GCC_541\Debug\cyfitter_cfg.o
 .text.CYCONFIGCPY
                0x00002024       0x20 .\CortexM3\ARM_GCC_541\Debug\cyfitter_cfg.o
 .text.CyClockStartupError
                0x00002044        0xc .\CortexM3\ARM_GCC_541\Debug\cyfitter_cfg.o
 .text.cfg_write_bytes32
                0x00002050       0x74 .\CortexM3\ARM_GCC_541\Debug\cyfitter_cfg.o
 .text.ClockSetup
                0x000020c4      0x184 .\CortexM3\ARM_GCC_541\Debug\cyfitter_cfg.o
 .text.AnalogSetDefault
                0x00002248       0x44 .\CortexM3\ARM_GCC_541\Debug\cyfitter_cfg.o
 .text.cyfitter_cfg
                0x0000228c      0x1d0 .\CortexM3\ARM_GCC_541\Debug\cyfitter_cfg.o
                0x0000228c                cyfitter_cfg
 .text.IntDefaultHandler
                0x0000245c       0x14 .\CortexM3\ARM_GCC_541\Debug\Cm3Start.o
                0x0000245c                IntDefaultHandler
 .text._sbrk    0x00002470       0x54 .\CortexM3\ARM_GCC_541\Debug\Cm3Start.o
                0x00002470                _sbrk
 .text.Start_c  0x000024c4       0x98 .\CortexM3\ARM_GCC_541\Debug\Cm3Start.o
                0x000024c4                Start_c
 .text.initialize_psoc
                0x0000255c       0x90 .\CortexM3\ARM_GCC_541\Debug\Cm3Start.o
                0x0000255c                initialize_psoc
 .text.PWM_Trigger_Start
                0x000025ec       0x24 .\CortexM3\ARM_GCC_541\Debug\DeliveryRobot.a(PWM_Trigger.o)
                0x000025ec                PWM_Trigger_Start
 .text.PWM_Trigger_Init
                0x00002610       0x6c .\CortexM3\ARM_GCC_541\Debug\DeliveryRobot.a(PWM_Trigger.o)
                0x00002610                PWM_Trigger_Init
 .text.PWM_Trigger_Enable
                0x0000267c       0x20 .\CortexM3\ARM_GCC_541\Debug\DeliveryRobot.a(PWM_Trigger.o)
                0x0000267c                PWM_Trigger_Enable
 .text.PWM_Trigger_WriteCounter
                0x0000269c       0x20 .\CortexM3\ARM_GCC_541\Debug\DeliveryRobot.a(PWM_Trigger.o)
                0x0000269c                PWM_Trigger_WriteCounter
 .text.PWM_Trigger_WritePeriod
                0x000026bc       0x20 .\CortexM3\ARM_GCC_541\Debug\DeliveryRobot.a(PWM_Trigger.o)
                0x000026bc                PWM_Trigger_WritePeriod
 .text.PWM_Trigger_WriteCompare
                0x000026dc       0x20 .\CortexM3\ARM_GCC_541\Debug\DeliveryRobot.a(PWM_Trigger.o)
                0x000026dc                PWM_Trigger_WriteCompare
 .text.Timer_Echo_Init
                0x000026fc       0x58 .\CortexM3\ARM_GCC_541\Debug\DeliveryRobot.a(Timer_Echo.o)
                0x000026fc                Timer_Echo_Init
 .text.Timer_Echo_Enable
                0x00002754       0x20 .\CortexM3\ARM_GCC_541\Debug\DeliveryRobot.a(Timer_Echo.o)
                0x00002754                Timer_Echo_Enable
 .text.Timer_Echo_Start
                0x00002774       0x24 .\CortexM3\ARM_GCC_541\Debug\DeliveryRobot.a(Timer_Echo.o)
                0x00002774                Timer_Echo_Start
 .text.Timer_Echo_SetInterruptMode
                0x00002798       0x20 .\CortexM3\ARM_GCC_541\Debug\DeliveryRobot.a(Timer_Echo.o)
                0x00002798                Timer_Echo_SetInterruptMode
 .text.Timer_Echo_ReadStatusRegister
                0x000027b8       0x18 .\CortexM3\ARM_GCC_541\Debug\DeliveryRobot.a(Timer_Echo.o)
                0x000027b8                Timer_Echo_ReadStatusRegister
 .text.Timer_Echo_ReadControlRegister
                0x000027d0       0x18 .\CortexM3\ARM_GCC_541\Debug\DeliveryRobot.a(Timer_Echo.o)
                0x000027d0                Timer_Echo_ReadControlRegister
 .text.Timer_Echo_WritePeriod
                0x000027e8       0x20 .\CortexM3\ARM_GCC_541\Debug\DeliveryRobot.a(Timer_Echo.o)
                0x000027e8                Timer_Echo_WritePeriod
 .text.Timer_Echo_ReadCapture
                0x00002808       0x18 .\CortexM3\ARM_GCC_541\Debug\DeliveryRobot.a(Timer_Echo.o)
                0x00002808                Timer_Echo_ReadCapture
 .text.Timer_Echo_WriteCounter
                0x00002820       0x20 .\CortexM3\ARM_GCC_541\Debug\DeliveryRobot.a(Timer_Echo.o)
                0x00002820                Timer_Echo_WriteCounter
 .text.Timer_Echo_EnableTrigger
                0x00002840       0x20 .\CortexM3\ARM_GCC_541\Debug\DeliveryRobot.a(Timer_Echo.o)
                0x00002840                Timer_Echo_EnableTrigger
 .text.Timer_Echo_SetInterruptCount
                0x00002860       0x40 .\CortexM3\ARM_GCC_541\Debug\DeliveryRobot.a(Timer_Echo.o)
                0x00002860                Timer_Echo_SetInterruptCount
 .text.Timer_Echo_ClearFIFO
                0x000028a0       0x1c .\CortexM3\ARM_GCC_541\Debug\DeliveryRobot.a(Timer_Echo.o)
                0x000028a0                Timer_Echo_ClearFIFO
 .text.Timer_Echo_Int_StartEx
                0x000028bc       0x24 .\CortexM3\ARM_GCC_541\Debug\DeliveryRobot.a(Timer_Echo_Int.o)
                0x000028bc                Timer_Echo_Int_StartEx
 .text.Timer_Echo_Int_SetVector
                0x000028e0       0x24 .\CortexM3\ARM_GCC_541\Debug\DeliveryRobot.a(Timer_Echo_Int.o)
                0x000028e0                Timer_Echo_Int_SetVector
 .text.Timer_Echo_Int_SetPriority
                0x00002904       0x24 .\CortexM3\ARM_GCC_541\Debug\DeliveryRobot.a(Timer_Echo_Int.o)
                0x00002904                Timer_Echo_Int_SetPriority
 .text.Timer_Echo_Int_Enable
                0x00002928       0x18 .\CortexM3\ARM_GCC_541\Debug\DeliveryRobot.a(Timer_Echo_Int.o)
                0x00002928                Timer_Echo_Int_Enable
 .text.Timer_Echo_Int_Disable
                0x00002940       0x18 .\CortexM3\ARM_GCC_541\Debug\DeliveryRobot.a(Timer_Echo_Int.o)
                0x00002940                Timer_Echo_Int_Disable
 .text.CyHalt   0x00002958       0x18 .\CortexM3\ARM_GCC_541\Debug\DeliveryRobot.a(CyLib.o)
                0x00002958                CyHalt
 .text.CyDelay  0x00002970       0x44 .\CortexM3\ARM_GCC_541\Debug\DeliveryRobot.a(CyLib.o)
                0x00002970                CyDelay
 .text.CyIntSetVector
                0x000029b4       0x50 .\CortexM3\ARM_GCC_541\Debug\DeliveryRobot.a(CyLib.o)
                0x000029b4                CyIntSetVector
 .text.CyIntSetPriority
                0x00002a04       0x48 .\CortexM3\ARM_GCC_541\Debug\DeliveryRobot.a(CyLib.o)
                0x00002a04                CyIntSetPriority
 .text.UART_Start
                0x00002a4c       0x24 .\CortexM3\ARM_GCC_541\Debug\DeliveryRobot.a(UART.o)
                0x00002a4c                UART_Start
 .text.UART_Init
                0x00002a70       0x3c .\CortexM3\ARM_GCC_541\Debug\DeliveryRobot.a(UART.o)
                0x00002a70                UART_Init
 .text.UART_Enable
                0x00002aac       0x4c .\CortexM3\ARM_GCC_541\Debug\DeliveryRobot.a(UART.o)
                0x00002aac                UART_Enable
 .text.UART_PutChar
                0x00002af8       0xbc .\CortexM3\ARM_GCC_541\Debug\DeliveryRobot.a(UART.o)
                0x00002af8                UART_PutChar
 .text.UART_PutString
                0x00002bb4       0x44 .\CortexM3\ARM_GCC_541\Debug\DeliveryRobot.a(UART.o)
                0x00002bb4                UART_PutString
 .text.UART_TXISR
                0x00002bf8       0x70 .\CortexM3\ARM_GCC_541\Debug\DeliveryRobot.a(UART_INT.o)
                0x00002bf8                UART_TXISR
 .text.UART_IntClock_Start
                0x00002c68       0x34 .\CortexM3\ARM_GCC_541\Debug\DeliveryRobot.a(UART_IntClock.o)
                0x00002c68                UART_IntClock_Start
 .text.Control_Reg_US_Write
                0x00002c9c       0x20 .\CortexM3\ARM_GCC_541\Debug\DeliveryRobot.a(Control_Reg_US.o)
                0x00002c9c                Control_Reg_US_Write
 .text.QuadDec_L_Init
                0x00002cbc       0x28 .\CortexM3\ARM_GCC_541\Debug\DeliveryRobot.a(QuadDec_L.o)
                0x00002cbc                QuadDec_L_Init
 .text.QuadDec_L_Enable
                0x00002ce4       0x48 .\CortexM3\ARM_GCC_541\Debug\DeliveryRobot.a(QuadDec_L.o)
                0x00002ce4                QuadDec_L_Enable
 .text.QuadDec_L_Start
                0x00002d2c       0x38 .\CortexM3\ARM_GCC_541\Debug\DeliveryRobot.a(QuadDec_L.o)
                0x00002d2c                QuadDec_L_Start
 .text.QuadDec_L_GetCounter
                0x00002d64       0x48 .\CortexM3\ARM_GCC_541\Debug\DeliveryRobot.a(QuadDec_L.o)
                0x00002d64                QuadDec_L_GetCounter
 .text.QuadDec_L_GetEvents
                0x00002dac       0x1c .\CortexM3\ARM_GCC_541\Debug\DeliveryRobot.a(QuadDec_L.o)
                0x00002dac                QuadDec_L_GetEvents
 .text.QuadDec_L_SetInterruptMask
                0x00002dc8       0x28 .\CortexM3\ARM_GCC_541\Debug\DeliveryRobot.a(QuadDec_L.o)
                0x00002dc8                QuadDec_L_SetInterruptMask
 .text.QuadDec_L_ISR
                0x00002df0       0x60 .\CortexM3\ARM_GCC_541\Debug\DeliveryRobot.a(QuadDec_L_INT.o)
                0x00002df0                QuadDec_L_ISR
 .text.QuadDec_L_Cnt16_Init
                0x00002e50       0x80 .\CortexM3\ARM_GCC_541\Debug\DeliveryRobot.a(QuadDec_L_Cnt16.o)
                0x00002e50                QuadDec_L_Cnt16_Init
 .text.QuadDec_L_Cnt16_Enable
                0x00002ed0       0x20 .\CortexM3\ARM_GCC_541\Debug\DeliveryRobot.a(QuadDec_L_Cnt16.o)
                0x00002ed0                QuadDec_L_Cnt16_Enable
 .text.QuadDec_L_Cnt16_Start
                0x00002ef0       0x24 .\CortexM3\ARM_GCC_541\Debug\DeliveryRobot.a(QuadDec_L_Cnt16.o)
                0x00002ef0                QuadDec_L_Cnt16_Start
 .text.QuadDec_L_Cnt16_SetInterruptMode
                0x00002f14       0x20 .\CortexM3\ARM_GCC_541\Debug\DeliveryRobot.a(QuadDec_L_Cnt16.o)
                0x00002f14                QuadDec_L_Cnt16_SetInterruptMode
 .text.QuadDec_L_Cnt16_ReadStatusRegister
                0x00002f34       0x18 .\CortexM3\ARM_GCC_541\Debug\DeliveryRobot.a(QuadDec_L_Cnt16.o)
                0x00002f34                QuadDec_L_Cnt16_ReadStatusRegister
 .text.QuadDec_L_Cnt16_WriteCounter
                0x00002f4c       0x20 .\CortexM3\ARM_GCC_541\Debug\DeliveryRobot.a(QuadDec_L_Cnt16.o)
                0x00002f4c                QuadDec_L_Cnt16_WriteCounter
 .text.QuadDec_L_Cnt16_ReadCounter
                0x00002f6c       0x20 .\CortexM3\ARM_GCC_541\Debug\DeliveryRobot.a(QuadDec_L_Cnt16.o)
                0x00002f6c                QuadDec_L_Cnt16_ReadCounter
 .text.QuadDec_L_Cnt16_ReadCapture
                0x00002f8c       0x18 .\CortexM3\ARM_GCC_541\Debug\DeliveryRobot.a(QuadDec_L_Cnt16.o)
                0x00002f8c                QuadDec_L_Cnt16_ReadCapture
 .text.QuadDec_L_Cnt16_WritePeriod
                0x00002fa4       0x20 .\CortexM3\ARM_GCC_541\Debug\DeliveryRobot.a(QuadDec_L_Cnt16.o)
                0x00002fa4                QuadDec_L_Cnt16_WritePeriod
 .text.QuadDec_L_Cnt16_WriteCompare
                0x00002fc4       0x20 .\CortexM3\ARM_GCC_541\Debug\DeliveryRobot.a(QuadDec_L_Cnt16.o)
                0x00002fc4                QuadDec_L_Cnt16_WriteCompare
 .text.QuadDec_L_Cnt16_ClearFIFO
                0x00002fe4       0x1c .\CortexM3\ARM_GCC_541\Debug\DeliveryRobot.a(QuadDec_L_Cnt16.o)
                0x00002fe4                QuadDec_L_Cnt16_ClearFIFO
 .text.PWM_Motor_L_Start
                0x00003000       0x24 .\CortexM3\ARM_GCC_541\Debug\DeliveryRobot.a(PWM_Motor_L.o)
                0x00003000                PWM_Motor_L_Start
 .text.PWM_Motor_L_Init
                0x00003024       0x9c .\CortexM3\ARM_GCC_541\Debug\DeliveryRobot.a(PWM_Motor_L.o)
                0x00003024                PWM_Motor_L_Init
 .text.PWM_Motor_L_Enable
                0x000030c0       0x20 .\CortexM3\ARM_GCC_541\Debug\DeliveryRobot.a(PWM_Motor_L.o)
                0x000030c0                PWM_Motor_L_Enable
 .text.PWM_Motor_L_WriteCounter
                0x000030e0       0x20 .\CortexM3\ARM_GCC_541\Debug\DeliveryRobot.a(PWM_Motor_L.o)
                0x000030e0                PWM_Motor_L_WriteCounter
 .text.PWM_Motor_L_ClearFIFO
                0x00003100       0x1c .\CortexM3\ARM_GCC_541\Debug\DeliveryRobot.a(PWM_Motor_L.o)
                0x00003100                PWM_Motor_L_ClearFIFO
 .text.PWM_Motor_L_WritePeriod
                0x0000311c       0x20 .\CortexM3\ARM_GCC_541\Debug\DeliveryRobot.a(PWM_Motor_L.o)
                0x0000311c                PWM_Motor_L_WritePeriod
 .text.PWM_Motor_L_WriteCompare1
                0x0000313c       0x20 .\CortexM3\ARM_GCC_541\Debug\DeliveryRobot.a(PWM_Motor_L.o)
                0x0000313c                PWM_Motor_L_WriteCompare1
 .text.PWM_Motor_L_WriteCompare2
                0x0000315c       0x20 .\CortexM3\ARM_GCC_541\Debug\DeliveryRobot.a(PWM_Motor_L.o)
                0x0000315c                PWM_Motor_L_WriteCompare2
 .text.PWM_Motor_L_SetInterruptMode
                0x0000317c       0x20 .\CortexM3\ARM_GCC_541\Debug\DeliveryRobot.a(PWM_Motor_L.o)
                0x0000317c                PWM_Motor_L_SetInterruptMode
 .text.PWM_Motor_L_ReadStatusRegister
                0x0000319c       0x18 .\CortexM3\ARM_GCC_541\Debug\DeliveryRobot.a(PWM_Motor_L.o)
                0x0000319c                PWM_Motor_L_ReadStatusRegister
 .text.PWM_Motor_L_ReadCapture
                0x000031b4       0x18 .\CortexM3\ARM_GCC_541\Debug\DeliveryRobot.a(PWM_Motor_L.o)
                0x000031b4                PWM_Motor_L_ReadCapture
 .text.Motor_PI_Int_StartEx
                0x000031cc       0x24 .\CortexM3\ARM_GCC_541\Debug\DeliveryRobot.a(Motor_PI_Int.o)
                0x000031cc                Motor_PI_Int_StartEx
 .text.Motor_PI_Int_SetVector
                0x000031f0       0x24 .\CortexM3\ARM_GCC_541\Debug\DeliveryRobot.a(Motor_PI_Int.o)
                0x000031f0                Motor_PI_Int_SetVector
 .text.Motor_PI_Int_SetPriority
                0x00003214       0x24 .\CortexM3\ARM_GCC_541\Debug\DeliveryRobot.a(Motor_PI_Int.o)
                0x00003214                Motor_PI_Int_SetPriority
 .text.Motor_PI_Int_Enable
                0x00003238       0x18 .\CortexM3\ARM_GCC_541\Debug\DeliveryRobot.a(Motor_PI_Int.o)
                0x00003238                Motor_PI_Int_Enable
 .text.Motor_PI_Int_Disable
                0x00003250       0x18 .\CortexM3\ARM_GCC_541\Debug\DeliveryRobot.a(Motor_PI_Int.o)
                0x00003250                Motor_PI_Int_Disable
 .text.QuadDec_R_Init
                0x00003268       0x28 .\CortexM3\ARM_GCC_541\Debug\DeliveryRobot.a(QuadDec_R.o)
                0x00003268                QuadDec_R_Init
 .text.QuadDec_R_Enable
                0x00003290       0x48 .\CortexM3\ARM_GCC_541\Debug\DeliveryRobot.a(QuadDec_R.o)
                0x00003290                QuadDec_R_Enable
 .text.QuadDec_R_Start
                0x000032d8       0x38 .\CortexM3\ARM_GCC_541\Debug\DeliveryRobot.a(QuadDec_R.o)
                0x000032d8                QuadDec_R_Start
 .text.QuadDec_R_GetCounter
                0x00003310       0x48 .\CortexM3\ARM_GCC_541\Debug\DeliveryRobot.a(QuadDec_R.o)
                0x00003310                QuadDec_R_GetCounter
 .text.QuadDec_R_GetEvents
                0x00003358       0x1c .\CortexM3\ARM_GCC_541\Debug\DeliveryRobot.a(QuadDec_R.o)
                0x00003358                QuadDec_R_GetEvents
 .text.QuadDec_R_SetInterruptMask
                0x00003374       0x28 .\CortexM3\ARM_GCC_541\Debug\DeliveryRobot.a(QuadDec_R.o)
                0x00003374                QuadDec_R_SetInterruptMask
 .text.QuadDec_R_ISR
                0x0000339c       0x60 .\CortexM3\ARM_GCC_541\Debug\DeliveryRobot.a(QuadDec_R_INT.o)
                0x0000339c                QuadDec_R_ISR
 .text.PWM_Motor_R_Start
                0x000033fc       0x24 .\CortexM3\ARM_GCC_541\Debug\DeliveryRobot.a(PWM_Motor_R.o)
                0x000033fc                PWM_Motor_R_Start
 .text.PWM_Motor_R_Init
                0x00003420       0x98 .\CortexM3\ARM_GCC_541\Debug\DeliveryRobot.a(PWM_Motor_R.o)
                0x00003420                PWM_Motor_R_Init
 .text.PWM_Motor_R_Enable
                0x000034b8       0x20 .\CortexM3\ARM_GCC_541\Debug\DeliveryRobot.a(PWM_Motor_R.o)
                0x000034b8                PWM_Motor_R_Enable
 .text.PWM_Motor_R_WriteCounter
                0x000034d8       0x20 .\CortexM3\ARM_GCC_541\Debug\DeliveryRobot.a(PWM_Motor_R.o)
                0x000034d8                PWM_Motor_R_WriteCounter
 .text.PWM_Motor_R_ClearFIFO
                0x000034f8       0x1c .\CortexM3\ARM_GCC_541\Debug\DeliveryRobot.a(PWM_Motor_R.o)
                0x000034f8                PWM_Motor_R_ClearFIFO
 .text.PWM_Motor_R_WritePeriod
                0x00003514       0x20 .\CortexM3\ARM_GCC_541\Debug\DeliveryRobot.a(PWM_Motor_R.o)
                0x00003514                PWM_Motor_R_WritePeriod
 .text.PWM_Motor_R_WriteCompare1
                0x00003534       0x20 .\CortexM3\ARM_GCC_541\Debug\DeliveryRobot.a(PWM_Motor_R.o)
                0x00003534                PWM_Motor_R_WriteCompare1
 .text.PWM_Motor_R_WriteCompare2
                0x00003554       0x20 .\CortexM3\ARM_GCC_541\Debug\DeliveryRobot.a(PWM_Motor_R.o)
                0x00003554                PWM_Motor_R_WriteCompare2
 .text.PWM_Motor_R_SetInterruptMode
                0x00003574       0x20 .\CortexM3\ARM_GCC_541\Debug\DeliveryRobot.a(PWM_Motor_R.o)
                0x00003574                PWM_Motor_R_SetInterruptMode
 .text.PWM_Motor_R_ReadStatusRegister
                0x00003594       0x18 .\CortexM3\ARM_GCC_541\Debug\DeliveryRobot.a(PWM_Motor_R.o)
                0x00003594                PWM_Motor_R_ReadStatusRegister
 .text.PWM_Motor_R_ReadCapture
                0x000035ac       0x18 .\CortexM3\ARM_GCC_541\Debug\DeliveryRobot.a(PWM_Motor_R.o)
                0x000035ac                PWM_Motor_R_ReadCapture
 .text.QuadDec_R_Cnt16_Init
                0x000035c4       0x80 .\CortexM3\ARM_GCC_541\Debug\DeliveryRobot.a(QuadDec_R_Cnt16.o)
                0x000035c4                QuadDec_R_Cnt16_Init
 .text.QuadDec_R_Cnt16_Enable
                0x00003644       0x20 .\CortexM3\ARM_GCC_541\Debug\DeliveryRobot.a(QuadDec_R_Cnt16.o)
                0x00003644                QuadDec_R_Cnt16_Enable
 .text.QuadDec_R_Cnt16_Start
                0x00003664       0x24 .\CortexM3\ARM_GCC_541\Debug\DeliveryRobot.a(QuadDec_R_Cnt16.o)
                0x00003664                QuadDec_R_Cnt16_Start
 .text.QuadDec_R_Cnt16_SetInterruptMode
                0x00003688       0x20 .\CortexM3\ARM_GCC_541\Debug\DeliveryRobot.a(QuadDec_R_Cnt16.o)
                0x00003688                QuadDec_R_Cnt16_SetInterruptMode
 .text.QuadDec_R_Cnt16_ReadStatusRegister
                0x000036a8       0x18 .\CortexM3\ARM_GCC_541\Debug\DeliveryRobot.a(QuadDec_R_Cnt16.o)
                0x000036a8                QuadDec_R_Cnt16_ReadStatusRegister
 .text.QuadDec_R_Cnt16_WriteCounter
                0x000036c0       0x20 .\CortexM3\ARM_GCC_541\Debug\DeliveryRobot.a(QuadDec_R_Cnt16.o)
                0x000036c0                QuadDec_R_Cnt16_WriteCounter
 .text.QuadDec_R_Cnt16_ReadCounter
                0x000036e0       0x20 .\CortexM3\ARM_GCC_541\Debug\DeliveryRobot.a(QuadDec_R_Cnt16.o)
                0x000036e0                QuadDec_R_Cnt16_ReadCounter
 .text.QuadDec_R_Cnt16_ReadCapture
                0x00003700       0x18 .\CortexM3\ARM_GCC_541\Debug\DeliveryRobot.a(QuadDec_R_Cnt16.o)
                0x00003700                QuadDec_R_Cnt16_ReadCapture
 .text.QuadDec_R_Cnt16_WritePeriod
                0x00003718       0x20 .\CortexM3\ARM_GCC_541\Debug\DeliveryRobot.a(QuadDec_R_Cnt16.o)
                0x00003718                QuadDec_R_Cnt16_WritePeriod
 .text.QuadDec_R_Cnt16_WriteCompare
                0x00003738       0x20 .\CortexM3\ARM_GCC_541\Debug\DeliveryRobot.a(QuadDec_R_Cnt16.o)
                0x00003738                QuadDec_R_Cnt16_WriteCompare
 .text.QuadDec_R_Cnt16_ClearFIFO
                0x00003758       0x1c .\CortexM3\ARM_GCC_541\Debug\DeliveryRobot.a(QuadDec_R_Cnt16.o)
                0x00003758                QuadDec_R_Cnt16_ClearFIFO
 .text.Pose_Update_Int_StartEx
                0x00003774       0x24 .\CortexM3\ARM_GCC_541\Debug\DeliveryRobot.a(Pose_Update_Int.o)
                0x00003774                Pose_Update_Int_StartEx
 .text.Pose_Update_Int_SetVector
                0x00003798       0x24 .\CortexM3\ARM_GCC_541\Debug\DeliveryRobot.a(Pose_Update_Int.o)
                0x00003798                Pose_Update_Int_SetVector
 .text.Pose_Update_Int_SetPriority
                0x000037bc       0x24 .\CortexM3\ARM_GCC_541\Debug\DeliveryRobot.a(Pose_Update_Int.o)
                0x000037bc                Pose_Update_Int_SetPriority
 .text.Pose_Update_Int_Enable
                0x000037e0       0x18 .\CortexM3\ARM_GCC_541\Debug\DeliveryRobot.a(Pose_Update_Int.o)
                0x000037e0                Pose_Update_Int_Enable
 .text.Pose_Update_Int_Disable
                0x000037f8       0x18 .\CortexM3\ARM_GCC_541\Debug\DeliveryRobot.a(Pose_Update_Int.o)
                0x000037f8                Pose_Update_Int_Disable
 .text.Timer_Avoidance_Init
                0x00003810       0x4c .\CortexM3\ARM_GCC_541\Debug\DeliveryRobot.a(Timer_Avoidance.o)
                0x00003810                Timer_Avoidance_Init
 .text.Timer_Avoidance_Enable
                0x0000385c       0x20 .\CortexM3\ARM_GCC_541\Debug\DeliveryRobot.a(Timer_Avoidance.o)
                0x0000385c                Timer_Avoidance_Enable
 .text.Timer_Avoidance_Start
                0x0000387c       0x24 .\CortexM3\ARM_GCC_541\Debug\DeliveryRobot.a(Timer_Avoidance.o)
                0x0000387c                Timer_Avoidance_Start
 .text.Timer_Avoidance_SetInterruptMode
                0x000038a0       0x20 .\CortexM3\ARM_GCC_541\Debug\DeliveryRobot.a(Timer_Avoidance.o)
                0x000038a0                Timer_Avoidance_SetInterruptMode
 .text.Timer_Avoidance_ReadStatusRegister
                0x000038c0       0x18 .\CortexM3\ARM_GCC_541\Debug\DeliveryRobot.a(Timer_Avoidance.o)
                0x000038c0                Timer_Avoidance_ReadStatusRegister
 .text.Timer_Avoidance_WritePeriod
                0x000038d8       0x20 .\CortexM3\ARM_GCC_541\Debug\DeliveryRobot.a(Timer_Avoidance.o)
                0x000038d8                Timer_Avoidance_WritePeriod
 .text.Timer_Avoidance_ReadCapture
                0x000038f8       0x18 .\CortexM3\ARM_GCC_541\Debug\DeliveryRobot.a(Timer_Avoidance.o)
                0x000038f8                Timer_Avoidance_ReadCapture
 .text.Timer_Avoidance_WriteCounter
                0x00003910       0x20 .\CortexM3\ARM_GCC_541\Debug\DeliveryRobot.a(Timer_Avoidance.o)
                0x00003910                Timer_Avoidance_WriteCounter
 .text.Timer_Avoidance_ClearFIFO
                0x00003930       0x1c .\CortexM3\ARM_GCC_541\Debug\DeliveryRobot.a(Timer_Avoidance.o)
                0x00003930                Timer_Avoidance_ClearFIFO
 *fill*         0x0000394c        0x4 
 .text          0x00003950       0x20 .\CortexM3\ARM_GCC_541\Debug\DeliveryRobot.a(CyBootAsmGnu.o)
                0x00003950                CyDelayCycles
                0x00003960                CyEnterCriticalSection
                0x00003968                CyExitCriticalSection
 .text.logl     0x00003970        0x4 c:/program files (x86)/cypress/psoc creator/4.4/psoc creator/import/gnu/arm/5.4.1/bin/../lib/gcc/arm-none-eabi/5.4.1/../../../../arm-none-eabi/lib/armv7-m\libm.a(lib_a-logl.o)
                0x00003970                logl
 .text.cos      0x00003974       0x90 c:/program files (x86)/cypress/psoc creator/4.4/psoc creator/import/gnu/arm/5.4.1/bin/../lib/gcc/arm-none-eabi/5.4.1/../../../../arm-none-eabi/lib/armv7-m\libm.a(lib_a-s_cos.o)
                0x00003974                cos
 *fill*         0x00003a04        0x4 
 .text.floor    0x00003a08      0x110 c:/program files (x86)/cypress/psoc creator/4.4/psoc creator/import/gnu/arm/5.4.1/bin/../lib/gcc/arm-none-eabi/5.4.1/../../../../arm-none-eabi/lib/armv7-m\libm.a(lib_a-s_floor.o)
                0x00003a08                floor
 .text.round    0x00003b18       0xa0 c:/program files (x86)/cypress/psoc creator/4.4/psoc creator/import/gnu/arm/5.4.1/bin/../lib/gcc/arm-none-eabi/5.4.1/../../../../arm-none-eabi/lib/armv7-m\libm.a(lib_a-s_round.o)
                0x00003b18                round
 .text.sin      0x00003bb8       0x90 c:/program files (x86)/cypress/psoc creator/4.4/psoc creator/import/gnu/arm/5.4.1/bin/../lib/gcc/arm-none-eabi/5.4.1/../../../../arm-none-eabi/lib/armv7-m\libm.a(lib_a-s_sin.o)
                0x00003bb8                sin
 .text.atan2    0x00003c48        0x4 c:/program files (x86)/cypress/psoc creator/4.4/psoc creator/import/gnu/arm/5.4.1/bin/../lib/gcc/arm-none-eabi/5.4.1/../../../../arm-none-eabi/lib/armv7-m\libm.a(lib_a-w_atan2.o)
                0x00003c48                atan2
 .text.log      0x00003c4c      0x100 c:/program files (x86)/cypress/psoc creator/4.4/psoc creator/import/gnu/arm/5.4.1/bin/../lib/gcc/arm-none-eabi/5.4.1/../../../../arm-none-eabi/lib/armv7-m\libm.a(lib_a-w_log.o)
                0x00003c4c                log
 .text.pow      0x00003d4c      0x330 c:/program files (x86)/cypress/psoc creator/4.4/psoc creator/import/gnu/arm/5.4.1/bin/../lib/gcc/arm-none-eabi/5.4.1/../../../../arm-none-eabi/lib/armv7-m\libm.a(lib_a-w_pow.o)
                0x00003d4c                pow
 .text.sqrt     0x0000407c       0xb8 c:/program files (x86)/cypress/psoc creator/4.4/psoc creator/import/gnu/arm/5.4.1/bin/../lib/gcc/arm-none-eabi/5.4.1/../../../../arm-none-eabi/lib/armv7-m\libm.a(lib_a-w_sqrt.o)
                0x0000407c                sqrt
 *fill*         0x00004134        0x4 
 .text.__ieee754_atan2
                0x00004138      0x194 c:/program files (x86)/cypress/psoc creator/4.4/psoc creator/import/gnu/arm/5.4.1/bin/../lib/gcc/arm-none-eabi/5.4.1/../../../../arm-none-eabi/lib/armv7-m\libm.a(lib_a-e_atan2.o)
                0x00004138                __ieee754_atan2
 *fill*         0x000042cc        0x4 
 .text.__ieee754_log
                0x000042d0      0x3e8 c:/program files (x86)/cypress/psoc creator/4.4/psoc creator/import/gnu/arm/5.4.1/bin/../lib/gcc/arm-none-eabi/5.4.1/../../../../arm-none-eabi/lib/armv7-m\libm.a(lib_a-e_log.o)
                0x000042d0                __ieee754_log
 .text.__ieee754_pow
                0x000046b8      0xac4 c:/program files (x86)/cypress/psoc creator/4.4/psoc creator/import/gnu/arm/5.4.1/bin/../lib/gcc/arm-none-eabi/5.4.1/../../../../arm-none-eabi/lib/armv7-m\libm.a(lib_a-e_pow.o)
                0x000046b8                __ieee754_pow
 *fill*         0x0000517c        0x4 
 .text.__ieee754_rem_pio2
                0x00005180      0x42c c:/program files (x86)/cypress/psoc creator/4.4/psoc creator/import/gnu/arm/5.4.1/bin/../lib/gcc/arm-none-eabi/5.4.1/../../../../arm-none-eabi/lib/armv7-m\libm.a(lib_a-e_rem_pio2.o)
                0x00005180                __ieee754_rem_pio2
 .text.__ieee754_sqrt
                0x000055ac      0x188 c:/program files (x86)/cypress/psoc creator/4.4/psoc creator/import/gnu/arm/5.4.1/bin/../lib/gcc/arm-none-eabi/5.4.1/../../../../arm-none-eabi/lib/armv7-m\libm.a(lib_a-e_sqrt.o)
                0x000055ac                __ieee754_sqrt
 *fill*         0x00005734        0x4 
 .text.__kernel_cos
                0x00005738      0x248 c:/program files (x86)/cypress/psoc creator/4.4/psoc creator/import/gnu/arm/5.4.1/bin/../lib/gcc/arm-none-eabi/5.4.1/../../../../arm-none-eabi/lib/armv7-m\libm.a(lib_a-k_cos.o)
                0x00005738                __kernel_cos
 .text.__kernel_rem_pio2
                0x00005980      0x7f0 c:/program files (x86)/cypress/psoc creator/4.4/psoc creator/import/gnu/arm/5.4.1/bin/../lib/gcc/arm-none-eabi/5.4.1/../../../../arm-none-eabi/lib/armv7-m\libm.a(lib_a-k_rem_pio2.o)
                0x00005980                __kernel_rem_pio2
 .text.__kernel_sin
                0x00006170      0x16c c:/program files (x86)/cypress/psoc creator/4.4/psoc creator/import/gnu/arm/5.4.1/bin/../lib/gcc/arm-none-eabi/5.4.1/../../../../arm-none-eabi/lib/armv7-m\libm.a(lib_a-k_sin.o)
                0x00006170                __kernel_sin
 *fill*         0x000062dc        0x4 
 .text.atan     0x000062e0      0x33c c:/program files (x86)/cypress/psoc creator/4.4/psoc creator/import/gnu/arm/5.4.1/bin/../lib/gcc/arm-none-eabi/5.4.1/../../../../arm-none-eabi/lib/armv7-m\libm.a(lib_a-s_atan.o)
                0x000062e0                atan
 .text.fabs     0x0000661c        0x8 c:/program files (x86)/cypress/psoc creator/4.4/psoc creator/import/gnu/arm/5.4.1/bin/../lib/gcc/arm-none-eabi/5.4.1/../../../../arm-none-eabi/lib/armv7-m\libm.a(lib_a-s_fabs.o)
                0x0000661c                fabs
 .text.finite   0x00006624        0xc c:/program files (x86)/cypress/psoc creator/4.4/psoc creator/import/gnu/arm/5.4.1/bin/../lib/gcc/arm-none-eabi/5.4.1/../../../../arm-none-eabi/lib/armv7-m\libm.a(lib_a-s_finite.o)
                0x00006624                finite
 .text.matherr  0x00006630        0x4 c:/program files (x86)/cypress/psoc creator/4.4/psoc creator/import/gnu/arm/5.4.1/bin/../lib/gcc/arm-none-eabi/5.4.1/../../../../arm-none-eabi/lib/armv7-m\libm.a(lib_a-s_matherr.o)
                0x00006630                matherr
 .text.nan      0x00006634        0xc c:/program files (x86)/cypress/psoc creator/4.4/psoc creator/import/gnu/arm/5.4.1/bin/../lib/gcc/arm-none-eabi/5.4.1/../../../../arm-none-eabi/lib/armv7-m\libm.a(lib_a-s_nan.o)
                0x00006634                nan
 .text.rint     0x00006640      0x120 c:/program files (x86)/cypress/psoc creator/4.4/psoc creator/import/gnu/arm/5.4.1/bin/../lib/gcc/arm-none-eabi/5.4.1/../../../../arm-none-eabi/lib/armv7-m\libm.a(lib_a-s_rint.o)
                0x00006640                rint
 .text.scalbn   0x00006760       0xe4 c:/program files (x86)/cypress/psoc creator/4.4/psoc creator/import/gnu/arm/5.4.1/bin/../lib/gcc/arm-none-eabi/5.4.1/../../../../arm-none-eabi/lib/armv7-m\libm.a(lib_a-s_scalbn.o)
                0x00006760                scalbn
 .text.copysign
                0x00006844       0x10 c:/program files (x86)/cypress/psoc creator/4.4/psoc creator/import/gnu/arm/5.4.1/bin/../lib/gcc/arm-none-eabi/5.4.1/../../../../arm-none-eabi/lib/armv7-m\libm.a(lib_a-s_copysign.o)
                0x00006844                copysign
 .text          0x00006854      0x370 c:/program files (x86)/cypress/psoc creator/4.4/psoc creator/import/gnu/arm/5.4.1/bin/../lib/gcc/arm-none-eabi/5.4.1/armv7-m\libgcc.a(_arm_addsubdf3.o)
                0x00006854                __aeabi_drsub
                0x0000685c                __aeabi_dsub
                0x0000685c                __subdf3
                0x00006860                __aeabi_dadd
                0x00006860                __adddf3
                0x00006ad8                __floatunsidf
                0x00006ad8                __aeabi_ui2d
                0x00006af8                __floatsidf
                0x00006af8                __aeabi_i2d
                0x00006b1c                __aeabi_f2d
                0x00006b1c                __extendsfdf2
                0x00006b58                __floatundidf
                0x00006b58                __aeabi_ul2d
                0x00006b68                __floatdidf
                0x00006b68                __aeabi_l2d
 .text          0x00006bc4      0x424 c:/program files (x86)/cypress/psoc creator/4.4/psoc creator/import/gnu/arm/5.4.1/bin/../lib/gcc/arm-none-eabi/5.4.1/armv7-m\libgcc.a(_arm_muldivdf3.o)
                0x00006bc4                __aeabi_dmul
                0x00006bc4                __muldf3
                0x00006e18                __divdf3
                0x00006e18                __aeabi_ddiv
 .text          0x00006fe8      0x110 c:/program files (x86)/cypress/psoc creator/4.4/psoc creator/import/gnu/arm/5.4.1/bin/../lib/gcc/arm-none-eabi/5.4.1/armv7-m\libgcc.a(_arm_cmpdf2.o)
                0x00006fe8                __gtdf2
                0x00006fe8                __gedf2
                0x00006ff0                __ltdf2
                0x00006ff0                __ledf2
                0x00006ff8                __nedf2
                0x00006ff8                __eqdf2
                0x00006ff8                __cmpdf2
                0x00007074                __aeabi_cdrcmple
                0x00007084                __aeabi_cdcmpeq
                0x00007084                __aeabi_cdcmple
                0x00007094                __aeabi_dcmpeq
                0x000070a8                __aeabi_dcmplt
                0x000070bc                __aeabi_dcmple
                0x000070d0                __aeabi_dcmpge
                0x000070e4                __aeabi_dcmpgt
 .text          0x000070f8       0x2c c:/program files (x86)/cypress/psoc creator/4.4/psoc creator/import/gnu/arm/5.4.1/bin/../lib/gcc/arm-none-eabi/5.4.1/armv7-m\libgcc.a(_arm_unorddf2.o)
                0x000070f8                __unorddf2
                0x000070f8                __aeabi_dcmpun
 .text          0x00007124       0x50 c:/program files (x86)/cypress/psoc creator/4.4/psoc creator/import/gnu/arm/5.4.1/bin/../lib/gcc/arm-none-eabi/5.4.1/armv7-m\libgcc.a(_arm_fixdfsi.o)
                0x00007124                __aeabi_d2iz
                0x00007124                __fixdfsi
 .text          0x00007174       0x40 c:/program files (x86)/cypress/psoc creator/4.4/psoc creator/import/gnu/arm/5.4.1/bin/../lib/gcc/arm-none-eabi/5.4.1/armv7-m\libgcc.a(_arm_fixunsdfsi.o)
                0x00007174                __aeabi_d2uiz
                0x00007174                __fixunsdfsi
 .text.__errno  0x000071b4        0xc c:/program files (x86)/cypress/psoc creator/4.4/psoc creator/import/gnu/arm/5.4.1/bin/../lib/gcc/arm-none-eabi/5.4.1/../../../../arm-none-eabi/lib/armv7-m\libg_nano.a(lib_a-errno.o)
                0x000071b4                __errno
 .text.__libc_init_array
                0x000071c0       0x4c c:/program files (x86)/cypress/psoc creator/4.4/psoc creator/import/gnu/arm/5.4.1/bin/../lib/gcc/arm-none-eabi/5.4.1/../../../../arm-none-eabi/lib/armv7-m\libg_nano.a(lib_a-init.o)
                0x000071c0                __libc_init_array
 .text.malloc   0x0000720c       0x10 c:/program files (x86)/cypress/psoc creator/4.4/psoc creator/import/gnu/arm/5.4.1/bin/../lib/gcc/arm-none-eabi/5.4.1/../../../../arm-none-eabi/lib/armv7-m\libg_nano.a(lib_a-malloc.o)
                0x0000720c                malloc
 .text.free     0x0000721c       0x10 c:/program files (x86)/cypress/psoc creator/4.4/psoc creator/import/gnu/arm/5.4.1/bin/../lib/gcc/arm-none-eabi/5.4.1/../../../../arm-none-eabi/lib/armv7-m\libg_nano.a(lib_a-malloc.o)
                0x0000721c                free
 .text.memcpy   0x0000722c       0x16 c:/program files (x86)/cypress/psoc creator/4.4/psoc creator/import/gnu/arm/5.4.1/bin/../lib/gcc/arm-none-eabi/5.4.1/../../../../arm-none-eabi/lib/armv7-m\libg_nano.a(lib_a-memcpy-stub.o)
                0x0000722c                memcpy
 .text.memset   0x00007242       0x10 c:/program files (x86)/cypress/psoc creator/4.4/psoc creator/import/gnu/arm/5.4.1/bin/../lib/gcc/arm-none-eabi/5.4.1/../../../../arm-none-eabi/lib/armv7-m\libg_nano.a(lib_a-memset.o)
                0x00007242                memset
 *fill*         0x00007252        0x2 
 .text._free_r  0x00007254       0x98 c:/program files (x86)/cypress/psoc creator/4.4/psoc creator/import/gnu/arm/5.4.1/bin/../lib/gcc/arm-none-eabi/5.4.1/../../../../arm-none-eabi/lib/armv7-m\libg_nano.a(lib_a-nano-freer.o)
                0x00007254                _free_r
 .text._malloc_r
                0x000072ec       0xbc c:/program files (x86)/cypress/psoc creator/4.4/psoc creator/import/gnu/arm/5.4.1/bin/../lib/gcc/arm-none-eabi/5.4.1/../../../../arm-none-eabi/lib/armv7-m\libg_nano.a(lib_a-nano-mallocr.o)
                0x000072ec                _malloc_r
 .text.__cvt    0x000073a8       0xc0 c:/program files (x86)/cypress/psoc creator/4.4/psoc creator/import/gnu/arm/5.4.1/bin/../lib/gcc/arm-none-eabi/5.4.1/../../../../arm-none-eabi/lib/armv7-m\libg_nano.a(lib_a-nano-vfprintf_float.o)
                0x000073a8                __cvt
 .text.__exponent
                0x00007468       0x62 c:/program files (x86)/cypress/psoc creator/4.4/psoc creator/import/gnu/arm/5.4.1/bin/../lib/gcc/arm-none-eabi/5.4.1/../../../../arm-none-eabi/lib/armv7-m\libg_nano.a(lib_a-nano-vfprintf_float.o)
                0x00007468                __exponent
 *fill*         0x000074ca        0x2 
 .text._printf_float
                0x000074cc      0x488 c:/program files (x86)/cypress/psoc creator/4.4/psoc creator/import/gnu/arm/5.4.1/bin/../lib/gcc/arm-none-eabi/5.4.1/../../../../arm-none-eabi/lib/armv7-m\libg_nano.a(lib_a-nano-vfprintf_float.o)
                0x000074cc                _printf_float
 .text._printf_common
                0x00007954       0xec c:/program files (x86)/cypress/psoc creator/4.4/psoc creator/import/gnu/arm/5.4.1/bin/../lib/gcc/arm-none-eabi/5.4.1/../../../../arm-none-eabi/lib/armv7-m\libg_nano.a(lib_a-nano-vfprintf_i.o)
                0x00007954                _printf_common
 .text._printf_i
                0x00007a40      0x24c c:/program files (x86)/cypress/psoc creator/4.4/psoc creator/import/gnu/arm/5.4.1/bin/../lib/gcc/arm-none-eabi/5.4.1/../../../../arm-none-eabi/lib/armv7-m\libg_nano.a(lib_a-nano-vfprintf_i.o)
                0x00007a40                _printf_i
 .text._sbrk_r  0x00007c8c       0x20 c:/program files (x86)/cypress/psoc creator/4.4/psoc creator/import/gnu/arm/5.4.1/bin/../lib/gcc/arm-none-eabi/5.4.1/../../../../arm-none-eabi/lib/armv7-m\libg_nano.a(lib_a-sbrkr.o)
                0x00007c8c                _sbrk_r
 .text.sprintf  0x00007cac       0x48 c:/program files (x86)/cypress/psoc creator/4.4/psoc creator/import/gnu/arm/5.4.1/bin/../lib/gcc/arm-none-eabi/5.4.1/../../../../arm-none-eabi/lib/armv7-m\libg_nano.a(lib_a-sprintf.o)
                0x00007cac                siprintf
                0x00007cac                sprintf
 .text          0x00007cf4       0x10 c:/program files (x86)/cypress/psoc creator/4.4/psoc creator/import/gnu/arm/5.4.1/bin/../lib/gcc/arm-none-eabi/5.4.1/../../../../arm-none-eabi/lib/armv7-m\libg_nano.a(lib_a-strlen.o)
                0x00007cf4                strlen
 .text.quorem   0x00007d04      0x116 c:/program files (x86)/cypress/psoc creator/4.4/psoc creator/import/gnu/arm/5.4.1/bin/../lib/gcc/arm-none-eabi/5.4.1/../../../../arm-none-eabi/lib/armv7-m\libg_nano.a(lib_a-dtoa.o)
 *fill*         0x00007e1a        0x6 
 .text._dtoa_r  0x00007e20      0xb30 c:/program files (x86)/cypress/psoc creator/4.4/psoc creator/import/gnu/arm/5.4.1/bin/../lib/gcc/arm-none-eabi/5.4.1/../../../../arm-none-eabi/lib/armv7-m\libg_nano.a(lib_a-dtoa.o)
                0x00007e20                _dtoa_r
 .text._localeconv_r
                0x00008950        0x8 c:/program files (x86)/cypress/psoc creator/4.4/psoc creator/import/gnu/arm/5.4.1/bin/../lib/gcc/arm-none-eabi/5.4.1/../../../../arm-none-eabi/lib/armv7-m\libg_nano.a(lib_a-locale.o)
                0x00008950                _localeconv_r
 .text.memchr   0x00008958       0x1c c:/program files (x86)/cypress/psoc creator/4.4/psoc creator/import/gnu/arm/5.4.1/bin/../lib/gcc/arm-none-eabi/5.4.1/../../../../arm-none-eabi/lib/armv7-m\libg_nano.a(lib_a-memchr-stub.o)
                0x00008958                memchr
 .text.__malloc_lock
                0x00008974        0x2 c:/program files (x86)/cypress/psoc creator/4.4/psoc creator/import/gnu/arm/5.4.1/bin/../lib/gcc/arm-none-eabi/5.4.1/../../../../arm-none-eabi/lib/armv7-m\libg_nano.a(lib_a-mlock.o)
                0x00008974                __malloc_lock
 .text.__malloc_unlock
                0x00008976        0x2 c:/program files (x86)/cypress/psoc creator/4.4/psoc creator/import/gnu/arm/5.4.1/bin/../lib/gcc/arm-none-eabi/5.4.1/../../../../arm-none-eabi/lib/armv7-m\libg_nano.a(lib_a-mlock.o)
                0x00008976                __malloc_unlock
 .text._Balloc  0x00008978       0x6a c:/program files (x86)/cypress/psoc creator/4.4/psoc creator/import/gnu/arm/5.4.1/bin/../lib/gcc/arm-none-eabi/5.4.1/../../../../arm-none-eabi/lib/armv7-m\libg_nano.a(lib_a-mprec.o)
                0x00008978                _Balloc
 .text._Bfree   0x000089e2       0x2e c:/program files (x86)/cypress/psoc creator/4.4/psoc creator/import/gnu/arm/5.4.1/bin/../lib/gcc/arm-none-eabi/5.4.1/../../../../arm-none-eabi/lib/armv7-m\libg_nano.a(lib_a-mprec.o)
                0x000089e2                _Bfree
 .text.__multadd
                0x00008a10       0x76 c:/program files (x86)/cypress/psoc creator/4.4/psoc creator/import/gnu/arm/5.4.1/bin/../lib/gcc/arm-none-eabi/5.4.1/../../../../arm-none-eabi/lib/armv7-m\libg_nano.a(lib_a-mprec.o)
                0x00008a10                __multadd
 .text.__hi0bits
                0x00008a86       0x40 c:/program files (x86)/cypress/psoc creator/4.4/psoc creator/import/gnu/arm/5.4.1/bin/../lib/gcc/arm-none-eabi/5.4.1/../../../../arm-none-eabi/lib/armv7-m\libg_nano.a(lib_a-mprec.o)
                0x00008a86                __hi0bits
 .text.__lo0bits
                0x00008ac6       0x5a c:/program files (x86)/cypress/psoc creator/4.4/psoc creator/import/gnu/arm/5.4.1/bin/../lib/gcc/arm-none-eabi/5.4.1/../../../../arm-none-eabi/lib/armv7-m\libg_nano.a(lib_a-mprec.o)
                0x00008ac6                __lo0bits
 .text.__i2b    0x00008b20       0x12 c:/program files (x86)/cypress/psoc creator/4.4/psoc creator/import/gnu/arm/5.4.1/bin/../lib/gcc/arm-none-eabi/5.4.1/../../../../arm-none-eabi/lib/armv7-m\libg_nano.a(lib_a-mprec.o)
                0x00008b20                __i2b
 .text.__multiply
                0x00008b32      0x120 c:/program files (x86)/cypress/psoc creator/4.4/psoc creator/import/gnu/arm/5.4.1/bin/../lib/gcc/arm-none-eabi/5.4.1/../../../../arm-none-eabi/lib/armv7-m\libg_nano.a(lib_a-mprec.o)
                0x00008b32                __multiply
 *fill*         0x00008c52        0x2 
 .text.__pow5mult
                0x00008c54       0x9c c:/program files (x86)/cypress/psoc creator/4.4/psoc creator/import/gnu/arm/5.4.1/bin/../lib/gcc/arm-none-eabi/5.4.1/../../../../arm-none-eabi/lib/armv7-m\libg_nano.a(lib_a-mprec.o)
                0x00008c54                __pow5mult
 .text.__lshift
                0x00008cf0       0xa2 c:/program files (x86)/cypress/psoc creator/4.4/psoc creator/import/gnu/arm/5.4.1/bin/../lib/gcc/arm-none-eabi/5.4.1/../../../../arm-none-eabi/lib/armv7-m\libg_nano.a(lib_a-mprec.o)
                0x00008cf0                __lshift
 .text.__mcmp   0x00008d92       0x38 c:/program files (x86)/cypress/psoc creator/4.4/psoc creator/import/gnu/arm/5.4.1/bin/../lib/gcc/arm-none-eabi/5.4.1/../../../../arm-none-eabi/lib/armv7-m\libg_nano.a(lib_a-mprec.o)
                0x00008d92                __mcmp
 .text.__mdiff  0x00008dca       0xbe c:/program files (x86)/cypress/psoc creator/4.4/psoc creator/import/gnu/arm/5.4.1/bin/../lib/gcc/arm-none-eabi/5.4.1/../../../../arm-none-eabi/lib/armv7-m\libg_nano.a(lib_a-mprec.o)
                0x00008dca                __mdiff
 .text.__d2b    0x00008e88       0x9c c:/program files (x86)/cypress/psoc creator/4.4/psoc creator/import/gnu/arm/5.4.1/bin/../lib/gcc/arm-none-eabi/5.4.1/../../../../arm-none-eabi/lib/armv7-m\libg_nano.a(lib_a-mprec.o)
                0x00008e88                __d2b
 .text._calloc_r
                0x00008f24       0x1c c:/program files (x86)/cypress/psoc creator/4.4/psoc creator/import/gnu/arm/5.4.1/bin/../lib/gcc/arm-none-eabi/5.4.1/../../../../arm-none-eabi/lib/armv7-m\libg_nano.a(lib_a-nano-callocr.o)
                0x00008f24                _calloc_r
 .text.__ssputs_r
                0x00008f40       0xb2 c:/program files (x86)/cypress/psoc creator/4.4/psoc creator/import/gnu/arm/5.4.1/bin/../lib/gcc/arm-none-eabi/5.4.1/../../../../arm-none-eabi/lib/armv7-m\libg_nano.a(lib_a-nano-svfprintf.o)
                0x00008f40                __ssputs_r
 *fill*         0x00008ff2        0x2 
 .text._svfprintf_r
                0x00008ff4      0x1e8 c:/program files (x86)/cypress/psoc creator/4.4/psoc creator/import/gnu/arm/5.4.1/bin/../lib/gcc/arm-none-eabi/5.4.1/../../../../arm-none-eabi/lib/armv7-m\libg_nano.a(lib_a-nano-svfprintf.o)
                0x00008ff4                _svfiprintf_r
                0x00008ff4                _svfprintf_r
 .text.memmove  0x000091dc       0x36 c:/program files (x86)/cypress/psoc creator/4.4/psoc creator/import/gnu/arm/5.4.1/bin/../lib/gcc/arm-none-eabi/5.4.1/../../../../arm-none-eabi/lib/armv7-m\libg_nano.a(lib_a-memmove.o)
                0x000091dc                memmove
 .text._realloc_r
                0x00009212       0x4c c:/program files (x86)/cypress/psoc creator/4.4/psoc creator/import/gnu/arm/5.4.1/bin/../lib/gcc/arm-none-eabi/5.4.1/../../../../arm-none-eabi/lib/armv7-m\libg_nano.a(lib_a-nano-reallocr.o)
                0x00009212                _realloc_r
 .text._malloc_usable_size_r
                0x0000925e       0x14 c:/program files (x86)/cypress/psoc creator/4.4/psoc creator/import/gnu/arm/5.4.1/bin/../lib/gcc/arm-none-eabi/5.4.1/../../../../arm-none-eabi/lib/armv7-m\libg_nano.a(lib_a-nano-msizer.o)
                0x0000925e                _malloc_usable_size_r
 *(.plt)
 *(.gnu.warning)
 *(.glue_7t)
 .glue_7t       0x00009272        0x0 linker stubs
 *(.glue_7)
 .glue_7        0x00009272        0x0 linker stubs
 *(.vfp11_veneer)
 .vfp11_veneer  0x00009272        0x0 linker stubs
 *(.bootloader)
 *(.ARM.extab* .gnu.linkonce.armextab.*)
 *(.gcc_except_table)

.v4_bx          0x00009274        0x0
 .v4_bx         0x00009274        0x0 linker stubs

.iplt           0x00009274        0x0
 .iplt          0x00009274        0x0 c:/program files (x86)/cypress/psoc creator/4.4/psoc creator/import/gnu/arm/5.4.1/bin/../lib/gcc/arm-none-eabi/5.4.1/armv7-m/crtbegin.o

.eh_frame_hdr
 *(.eh_frame_hdr)

.eh_frame       0x00009274        0x4
 *(.eh_frame)
 .eh_frame      0x00009274        0x0 c:/program files (x86)/cypress/psoc creator/4.4/psoc creator/import/gnu/arm/5.4.1/bin/../lib/gcc/arm-none-eabi/5.4.1/armv7-m/crtbegin.o
 .eh_frame      0x00009274        0x4 c:/program files (x86)/cypress/psoc creator/4.4/psoc creator/import/gnu/arm/5.4.1/bin/../lib/gcc/arm-none-eabi/5.4.1/armv7-m/crtend.o
                [!provide]                PROVIDE (__exidx_start, .)

.ARM.exidx
 *(.ARM.exidx* .gnu.linkonce.armexidx.*)
                0x00009278                __exidx_end = .

.rodata         0x00009278      0x460
 *(.rodata .rodata.* .gnu.linkonce.r.*)
 .rodata        0x00009278       0x60 .\CortexM3\ARM_GCC_541\Debug\main.o
                0x00009278                PULSES_PER_REV
                0x00009280                POSE_UPDATE_PERIOD
 .rodata        0x000092d8       0x2e .\CortexM3\ARM_GCC_541\Debug\cyfitter_cfg.o
 *fill*         0x00009306        0x2 
 .rodata.str1.4
                0x00009308        0x4 c:/program files (x86)/cypress/psoc creator/4.4/psoc creator/import/gnu/arm/5.4.1/bin/../lib/gcc/arm-none-eabi/5.4.1/../../../../arm-none-eabi/lib/armv7-m\libm.a(lib_a-w_log.o)
                                  0x5 (size before relaxing)
 .rodata.str1.4
                0x0000930c        0x4 c:/program files (x86)/cypress/psoc creator/4.4/psoc creator/import/gnu/arm/5.4.1/bin/../lib/gcc/arm-none-eabi/5.4.1/../../../../arm-none-eabi/lib/armv7-m\libm.a(lib_a-w_pow.o)
 .rodata.str1.4
                0x00009310        0x8 c:/program files (x86)/cypress/psoc creator/4.4/psoc creator/import/gnu/arm/5.4.1/bin/../lib/gcc/arm-none-eabi/5.4.1/../../../../arm-none-eabi/lib/armv7-m\libm.a(lib_a-w_sqrt.o)
                                  0x5 (size before relaxing)
 .rodata.str1.4
                0x00009318        0x1 c:/program files (x86)/cypress/psoc creator/4.4/psoc creator/import/gnu/arm/5.4.1/bin/../lib/gcc/arm-none-eabi/5.4.1/../../../../arm-none-eabi/lib/armv7-m\libm.a(lib_a-e_pow.o)
 .rodata.npio2_hw
                0x00009318       0x80 c:/program files (x86)/cypress/psoc creator/4.4/psoc creator/import/gnu/arm/5.4.1/bin/../lib/gcc/arm-none-eabi/5.4.1/../../../../arm-none-eabi/lib/armv7-m\libm.a(lib_a-e_rem_pio2.o)
 .rodata.two_over_pi
                0x00009398      0x108 c:/program files (x86)/cypress/psoc creator/4.4/psoc creator/import/gnu/arm/5.4.1/bin/../lib/gcc/arm-none-eabi/5.4.1/../../../../arm-none-eabi/lib/armv7-m\libm.a(lib_a-e_rem_pio2.o)
 .rodata.init_jk
                0x000094a0       0x10 c:/program files (x86)/cypress/psoc creator/4.4/psoc creator/import/gnu/arm/5.4.1/bin/../lib/gcc/arm-none-eabi/5.4.1/../../../../arm-none-eabi/lib/armv7-m\libm.a(lib_a-k_rem_pio2.o)
 .rodata.PIo2   0x000094b0       0x40 c:/program files (x86)/cypress/psoc creator/4.4/psoc creator/import/gnu/arm/5.4.1/bin/../lib/gcc/arm-none-eabi/5.4.1/../../../../arm-none-eabi/lib/armv7-m\libm.a(lib_a-k_rem_pio2.o)
 .rodata.atanlo
                0x000094f0       0x20 c:/program files (x86)/cypress/psoc creator/4.4/psoc creator/import/gnu/arm/5.4.1/bin/../lib/gcc/arm-none-eabi/5.4.1/../../../../arm-none-eabi/lib/armv7-m\libm.a(lib_a-s_atan.o)
 .rodata.atanhi
                0x00009510       0x20 c:/program files (x86)/cypress/psoc creator/4.4/psoc creator/import/gnu/arm/5.4.1/bin/../lib/gcc/arm-none-eabi/5.4.1/../../../../arm-none-eabi/lib/armv7-m\libm.a(lib_a-s_atan.o)
 .rodata.TWO52  0x00009530       0x10 c:/program files (x86)/cypress/psoc creator/4.4/psoc creator/import/gnu/arm/5.4.1/bin/../lib/gcc/arm-none-eabi/5.4.1/../../../../arm-none-eabi/lib/armv7-m\libm.a(lib_a-s_rint.o)
 .rodata.str1.1
                0x00009540        0x2 c:/program files (x86)/cypress/psoc creator/4.4/psoc creator/import/gnu/arm/5.4.1/bin/../lib/gcc/arm-none-eabi/5.4.1/../../../../arm-none-eabi/lib/armv7-m\libg_nano.a(lib_a-impure.o)
 .rodata.str1.1
                0x00009542       0x12 c:/program files (x86)/cypress/psoc creator/4.4/psoc creator/import/gnu/arm/5.4.1/bin/../lib/gcc/arm-none-eabi/5.4.1/../../../../arm-none-eabi/lib/armv7-m\libg_nano.a(lib_a-nano-vfprintf_float.o)
 .rodata.str1.1
                0x00009554       0x22 c:/program files (x86)/cypress/psoc creator/4.4/psoc creator/import/gnu/arm/5.4.1/bin/../lib/gcc/arm-none-eabi/5.4.1/../../../../arm-none-eabi/lib/armv7-m\libg_nano.a(lib_a-nano-vfprintf_i.o)
 .rodata.str1.1
                0x00009576        0xd c:/program files (x86)/cypress/psoc creator/4.4/psoc creator/import/gnu/arm/5.4.1/bin/../lib/gcc/arm-none-eabi/5.4.1/../../../../arm-none-eabi/lib/armv7-m\libg_nano.a(lib_a-dtoa.o)
                                  0xf (size before relaxing)
 .rodata.str1.1
                0x00009583        0x8 c:/program files (x86)/cypress/psoc creator/4.4/psoc creator/import/gnu/arm/5.4.1/bin/../lib/gcc/arm-none-eabi/5.4.1/../../../../arm-none-eabi/lib/armv7-m\libg_nano.a(lib_a-locale.o)
                                  0xb (size before relaxing)
 *fill*         0x0000958b        0x5 
 .rodata.__mprec_tens
                0x00009590       0xc8 c:/program files (x86)/cypress/psoc creator/4.4/psoc creator/import/gnu/arm/5.4.1/bin/../lib/gcc/arm-none-eabi/5.4.1/../../../../arm-none-eabi/lib/armv7-m\libg_nano.a(lib_a-mprec.o)
                0x00009590                __mprec_tens
 .rodata.p05.5408
                0x00009658        0xc c:/program files (x86)/cypress/psoc creator/4.4/psoc creator/import/gnu/arm/5.4.1/bin/../lib/gcc/arm-none-eabi/5.4.1/../../../../arm-none-eabi/lib/armv7-m\libg_nano.a(lib_a-mprec.o)
 *fill*         0x00009664        0x4 
 .rodata.__mprec_bigtens
                0x00009668       0x28 c:/program files (x86)/cypress/psoc creator/4.4/psoc creator/import/gnu/arm/5.4.1/bin/../lib/gcc/arm-none-eabi/5.4.1/../../../../arm-none-eabi/lib/armv7-m\libg_nano.a(lib_a-mprec.o)
                0x00009668                __mprec_bigtens
 .rodata.str1.1
                0x00009690       0x11 c:/program files (x86)/cypress/psoc creator/4.4/psoc creator/import/gnu/arm/5.4.1/bin/../lib/gcc/arm-none-eabi/5.4.1/../../../../arm-none-eabi/lib/armv7-m\libg_nano.a(lib_a-nano-svfprintf.o)
                0x000096a4                . = ALIGN (0x4)
 *fill*         0x000096a1        0x3 
 *(.init)
 .init          0x000096a4        0x4 c:/program files (x86)/cypress/psoc creator/4.4/psoc creator/import/gnu/arm/5.4.1/bin/../lib/gcc/arm-none-eabi/5.4.1/armv7-m/crti.o
                0x000096a4                _init
 .init          0x000096a8        0x8 c:/program files (x86)/cypress/psoc creator/4.4/psoc creator/import/gnu/arm/5.4.1/bin/../lib/gcc/arm-none-eabi/5.4.1/armv7-m/crtn.o
                0x000096b0                . = ALIGN (0x4)
                0x000096b0                __preinit_array_start = .
 *(.preinit_array)
                0x000096b0                __preinit_array_end = .
                0x000096b0                . = ALIGN (0x4)
                0x000096b0                __init_array_start = .
 *(SORT(.init_array.*))
 *(.init_array)
 .init_array    0x000096b0        0x4 c:/program files (x86)/cypress/psoc creator/4.4/psoc creator/import/gnu/arm/5.4.1/bin/../lib/gcc/arm-none-eabi/5.4.1/armv7-m/crtbegin.o
 .init_array    0x000096b4        0x4 .\CortexM3\ARM_GCC_541\Debug\Cm3Start.o
                0x000096b8                __init_array_end = .
                0x000096b8                . = ALIGN (0x4)
 *(.fini)
 .fini          0x000096b8        0x4 c:/program files (x86)/cypress/psoc creator/4.4/psoc creator/import/gnu/arm/5.4.1/bin/../lib/gcc/arm-none-eabi/5.4.1/armv7-m/crti.o
                0x000096b8                _fini
 .fini          0x000096bc        0x8 c:/program files (x86)/cypress/psoc creator/4.4/psoc creator/import/gnu/arm/5.4.1/bin/../lib/gcc/arm-none-eabi/5.4.1/armv7-m/crtn.o
                0x000096c4                . = ALIGN (0x4)
                0x000096c4                __fini_array_start = .
 *(.fini_array)
 .fini_array    0x000096c4        0x4 c:/program files (x86)/cypress/psoc creator/4.4/psoc creator/import/gnu/arm/5.4.1/bin/../lib/gcc/arm-none-eabi/5.4.1/armv7-m/crtbegin.o
 *(SORT(.fini_array.*))
                0x000096c8                __fini_array_end = .
                0x000096c8                . = ALIGN (0x4)
 *crtbegin.o(.ctors)
 *(EXCLUDE_FILE(*crtend.o) .ctors)
 *(SORT(.ctors.*))
 *crtend.o(.ctors)
                0x000096c8                . = ALIGN (0x4)
 *crtbegin.o(.dtors)
 *(EXCLUDE_FILE(*crtend.o) .dtors)
 *(SORT(.dtors.*))
 *crtend.o(.dtors)
                0x000096c8                . = ALIGN (0x4)
                0x000096c8                __cy_regions = .
                0x000096c8        0x4 LONG 0x96d8 __cy_region_init_ram
                0x000096cc        0x4 LONG 0x1fff80c8 __cy_region_start_data
                0x000096d0        0x4 LONG 0xc0 __cy_region_init_size_ram
                0x000096d4        0x4 LONG 0x1248 __cy_region_zero_size_ram
                0x000096d8                __cy_regions_end = .
                0x000096d8                . = ALIGN (0x8)
                0x000096d8                _etext = .

.cy_checksum_exclude
                0x000096d8        0x0
 *(.cy_checksum_exclude)

.ramvectors     0x1fff8000       0xc0
                0x1fff8000                __cy_region_start_ram = .
 *(.ramvectors)
 .ramvectors    0x1fff8000       0xc0 .\CortexM3\ARM_GCC_541\Debug\Cm3Start.o
                0x1fff8000                CyRamVectors

.noinit         0x1fff80c0        0x5
 *(.noinit)
 .noinit        0x1fff80c0        0x4 .\CortexM3\ARM_GCC_541\Debug\Cm3Start.o
 .noinit        0x1fff80c4        0x1 .\CortexM3\ARM_GCC_541\Debug\DeliveryRobot.a(CyLib.o)
                0x1fff80c4                CyResetStatus

.data           0x1fff80c8       0xc0 load address 0x000096d8
                0x1fff80c8                __cy_region_start_data = .
 *(.jcr)
 .jcr           0x1fff80c8        0x0 c:/program files (x86)/cypress/psoc creator/4.4/psoc creator/import/gnu/arm/5.4.1/bin/../lib/gcc/arm-none-eabi/5.4.1/armv7-m/crtbegin.o
 .jcr           0x1fff80c8        0x4 c:/program files (x86)/cypress/psoc creator/4.4/psoc creator/import/gnu/arm/5.4.1/bin/../lib/gcc/arm-none-eabi/5.4.1/armv7-m/crtend.o
 *(.got.plt)
 *(.got)
 *(.shdata)
 *(.data .data.* .gnu.linkonce.d.*)
 .data          0x1fff80cc        0x2 .\CortexM3\ARM_GCC_541\Debug\main.o
                0x1fff80cc                max_count
 *fill*         0x1fff80ce        0x2 
 .data          0x1fff80d0        0x4 .\CortexM3\ARM_GCC_541\Debug\Cm3Start.o
 .data          0x1fff80d4       0x10 .\CortexM3\ARM_GCC_541\Debug\DeliveryRobot.a(CyLib.o)
                0x1fff80d4                cydelay_freq_hz
                0x1fff80d8                cydelay_freq_khz
                0x1fff80dc                cydelay_freq_mhz
                0x1fff80e0                cydelay_32k_ms
 .data.__fdlib_version
                0x1fff80e4        0x1 c:/program files (x86)/cypress/psoc creator/4.4/psoc creator/import/gnu/arm/5.4.1/bin/../lib/gcc/arm-none-eabi/5.4.1/../../../../arm-none-eabi/lib/armv7-m\libm.a(lib_a-s_lib_ver.o)
                0x1fff80e4                __fdlib_version
 *fill*         0x1fff80e5        0x3 
 .data.impure_data
                0x1fff80e8       0x60 c:/program files (x86)/cypress/psoc creator/4.4/psoc creator/import/gnu/arm/5.4.1/bin/../lib/gcc/arm-none-eabi/5.4.1/../../../../arm-none-eabi/lib/armv7-m\libg_nano.a(lib_a-impure.o)
 .data._impure_ptr
                0x1fff8148        0x4 c:/program files (x86)/cypress/psoc creator/4.4/psoc creator/import/gnu/arm/5.4.1/bin/../lib/gcc/arm-none-eabi/5.4.1/../../../../arm-none-eabi/lib/armv7-m\libg_nano.a(lib_a-impure.o)
                0x1fff8148                _impure_ptr
 .data.lconv    0x1fff814c       0x38 c:/program files (x86)/cypress/psoc creator/4.4/psoc creator/import/gnu/arm/5.4.1/bin/../lib/gcc/arm-none-eabi/5.4.1/../../../../arm-none-eabi/lib/armv7-m\libg_nano.a(lib_a-locale.o)
                0x1fff8188                . = ALIGN (0x8)
 *fill*         0x1fff8184        0x4 
 *(.ram)
                0x1fff8188                _edata = .

.igot.plt       0x1fff8188        0x0 load address 0x00009798
 .igot.plt      0x1fff8188        0x0 c:/program files (x86)/cypress/psoc creator/4.4/psoc creator/import/gnu/arm/5.4.1/bin/../lib/gcc/arm-none-eabi/5.4.1/armv7-m/crtbegin.o

.bss            0x1fff8188     0x1248 load address 0x00009798
                0x1fff8188                PROVIDE (__bss_start__, .)
 *(.shbss)
 *(.bss .bss.* .gnu.linkonce.b.*)
 .bss           0x1fff8188       0x1c c:/program files (x86)/cypress/psoc creator/4.4/psoc creator/import/gnu/arm/5.4.1/bin/../lib/gcc/arm-none-eabi/5.4.1/armv7-m/crtbegin.o
 .bss           0x1fff81a4        0xc .\CortexM3\ARM_GCC_541\Debug\main.o
                0x1fff81a4                echo_flag
                0x1fff81a5                mux_select
                0x1fff81a8                left_wheel_count
                0x1fff81ac                right_wheel_count
 .bss           0x1fff81b0        0x1 .\CortexM3\ARM_GCC_541\Debug\DeliveryRobot.a(PWM_Trigger.o)
                0x1fff81b0                PWM_Trigger_initVar
 .bss           0x1fff81b1        0x1 .\CortexM3\ARM_GCC_541\Debug\DeliveryRobot.a(Timer_Echo.o)
                0x1fff81b1                Timer_Echo_initVar
 .bss           0x1fff81b2        0x7 .\CortexM3\ARM_GCC_541\Debug\DeliveryRobot.a(UART.o)
                0x1fff81b2                UART_initVar
                0x1fff81b4                UART_txBufferRead
                0x1fff81b6                UART_txBufferWrite
 .bss           0x1fff81b9        0x1 .\CortexM3\ARM_GCC_541\Debug\DeliveryRobot.a(QuadDec_L.o)
                0x1fff81b9                QuadDec_L_initVar
 *fill*         0x1fff81ba        0x2 
 .bss           0x1fff81bc        0x4 .\CortexM3\ARM_GCC_541\Debug\DeliveryRobot.a(QuadDec_L_INT.o)
                0x1fff81bc                QuadDec_L_count32SoftPart
 .bss           0x1fff81c0        0x1 .\CortexM3\ARM_GCC_541\Debug\DeliveryRobot.a(QuadDec_L_Cnt16.o)
                0x1fff81c0                QuadDec_L_Cnt16_initVar
 .bss           0x1fff81c1        0x1 .\CortexM3\ARM_GCC_541\Debug\DeliveryRobot.a(PWM_Motor_L.o)
                0x1fff81c1                PWM_Motor_L_initVar
 .bss           0x1fff81c2        0x1 .\CortexM3\ARM_GCC_541\Debug\DeliveryRobot.a(QuadDec_R.o)
                0x1fff81c2                QuadDec_R_initVar
 *fill*         0x1fff81c3        0x1 
 .bss           0x1fff81c4        0x4 .\CortexM3\ARM_GCC_541\Debug\DeliveryRobot.a(QuadDec_R_INT.o)
                0x1fff81c4                QuadDec_R_count32SoftPart
 .bss           0x1fff81c8        0x1 .\CortexM3\ARM_GCC_541\Debug\DeliveryRobot.a(PWM_Motor_R.o)
                0x1fff81c8                PWM_Motor_R_initVar
 .bss           0x1fff81c9        0x1 .\CortexM3\ARM_GCC_541\Debug\DeliveryRobot.a(QuadDec_R_Cnt16.o)
                0x1fff81c9                QuadDec_R_Cnt16_initVar
 .bss           0x1fff81ca        0x1 .\CortexM3\ARM_GCC_541\Debug\DeliveryRobot.a(Timer_Avoidance.o)
                0x1fff81ca                Timer_Avoidance_initVar
 *fill*         0x1fff81cb        0x1 
 .bss.__malloc_sbrk_start
                0x1fff81cc        0x4 c:/program files (x86)/cypress/psoc creator/4.4/psoc creator/import/gnu/arm/5.4.1/bin/../lib/gcc/arm-none-eabi/5.4.1/../../../../arm-none-eabi/lib/armv7-m\libg_nano.a(lib_a-nano-mallocr.o)
                0x1fff81cc                __malloc_sbrk_start
 .bss.__malloc_free_list
                0x1fff81d0        0x4 c:/program files (x86)/cypress/psoc creator/4.4/psoc creator/import/gnu/arm/5.4.1/bin/../lib/gcc/arm-none-eabi/5.4.1/../../../../arm-none-eabi/lib/armv7-m\libg_nano.a(lib_a-nano-mallocr.o)
                0x1fff81d0                __malloc_free_list
 *(COMMON)
 *fill*         0x1fff81d4        0x4 
 COMMON         0x1fff81d8      0x1f0 .\CortexM3\ARM_GCC_541\Debug\main.o
                0x1fff81d8                map
                0x1fff81e8                right_motor
                0x1fff8230                echo_distance
                0x1fff8234                active
                0x1fff8248                left_motor
                0x1fff8290                serial_output
                0x1fff8328                robot
                0x1fff8398                smoothed_POD
                0x1fff83a0                sensors
 COMMON         0x1fff83c8     0x1000 .\CortexM3\ARM_GCC_541\Debug\DeliveryRobot.a(UART.o)
                0x1fff83c8                UART_txBuffer
 COMMON         0x1fff93c8        0x4 c:/program files (x86)/cypress/psoc creator/4.4/psoc creator/import/gnu/arm/5.4.1/bin/../lib/gcc/arm-none-eabi/5.4.1/../../../../arm-none-eabi/lib/armv7-m\libg_nano.a(lib_a-reent.o)
                0x1fff93c8                errno
                0x1fff93d0                . = ALIGN (0x8)
 *fill*         0x1fff93cc        0x4 
 *(.ram.b)
                0x1fff93d0                _end = .
                0x1fff93d0                __end = .
                0x1fff93d0                PROVIDE (end, .)
                0x1fff93d0                PROVIDE (__bss_end__, .)
                0x000096d8                __cy_region_init_ram = LOADADDR (.data)
                0x000000c0                __cy_region_init_size_ram = (_edata - ADDR (.data))
                0x00001248                __cy_region_zero_size_ram = (_end - _edata)

.heap           0x1fff93d0     0xc350 load address 0x00009798
                0x1fff93d0                . = _end
                0x20005720                . = (. + 0xc350)
 *fill*         0x1fff93d0     0xc350 
                0x20005720                __cy_heap_limit = .

.stack          0x20007060      0xfa0
                0x20007060                __cy_stack_limit = .
                0x20008000                . = (. + 0xfa0)
 *fill*         0x20007060      0xfa0 
                0x00000001                ASSERT ((__cy_stack_limit >= __cy_heap_limit), region RAM overflowed with stack)
                0x00000000                cy_checksum_exclude_size = (CY_APPL_LOADABLE == 0x1)?SIZEOF (.cy_checksum_exclude):0x0
                0x00000001                ASSERT ((cy_checksum_exclude_size <= CY_CHECKSUM_EXCLUDE_SIZE), CY_BOOT: Section .cy_checksum_exclude size exceedes specified limit.)

.cyloadermeta
 *(.cyloadermeta)

.cyloadablemeta
 *(.cyloadablemeta)

.cyconfigecc    0x80000000      0xf88
 *(.cyconfigecc)
 .cyconfigecc   0x80000000      0xf88 .\CortexM3\ARM_GCC_541\Debug\cymetadata.o
                0x80000000                cy_meta_configecc

.cycustnvl      0x90000000        0x4
 *(.cycustnvl)
 .cycustnvl     0x90000000        0x4 .\CortexM3\ARM_GCC_541\Debug\cymetadata.o
                0x90000000                cy_meta_custnvl

.cywolatch      0x90100000        0x4
 *(.cywolatch)
 .cywolatch     0x90100000        0x4 .\CortexM3\ARM_GCC_541\Debug\cymetadata.o
                0x90100000                cy_meta_wonvl

.cyeeprom       0x90200000        0x0
 *(.cyeeprom)
                0x00000001                ASSERT ((. <= ((0x90200000 + ee_offset) + ee_size)), .cyeeprom data will not fit in EEPROM)

.cyflashprotect
                0x90400000      0x100
 *(.cyflashprotect)
 .cyflashprotect
                0x90400000      0x100 .\CortexM3\ARM_GCC_541\Debug\cymetadata.o
                0x90400000                cy_meta_flashprotect

.cymeta         0x90500000        0xc
 *(.cymeta)
 .cymeta        0x90500000        0xc .\CortexM3\ARM_GCC_541\Debug\cymetadata.o
                0x90500000                cy_metadata

.rel.dyn        0x00009798        0x0 load address 0x9050000c
 .rel.iplt      0x00009798        0x0 c:/program files (x86)/cypress/psoc creator/4.4/psoc creator/import/gnu/arm/5.4.1/bin/../lib/gcc/arm-none-eabi/5.4.1/armv7-m/crtbegin.o

.stab
 *(.stab)

.stabstr
 *(.stabstr)

.debug
 *(.debug)

.line
 *(.line)

.debug_srcinfo
 *(.debug_srcinfo)

.debug_sfnames
 *(.debug_sfnames)

.debug_aranges  0x00000000      0xe28
 *(.debug_aranges)
 .debug_aranges
                0x00000000       0x50 .\CortexM3\ARM_GCC_541\Debug\main.o
 .debug_aranges
                0x00000050       0x50 .\CortexM3\ARM_GCC_541\Debug\vfh.o
 .debug_aranges
                0x000000a0       0x28 .\CortexM3\ARM_GCC_541\Debug\robot.o
 .debug_aranges
                0x000000c8       0x30 .\CortexM3\ARM_GCC_541\Debug\helper.o
 .debug_aranges
                0x000000f8       0x60 .\CortexM3\ARM_GCC_541\Debug\cyfitter_cfg.o
 .debug_aranges
                0x00000158       0x18 .\CortexM3\ARM_GCC_541\Debug\cymetadata.o
 .debug_aranges
                0x00000170       0x48 .\CortexM3\ARM_GCC_541\Debug\Cm3Start.o
 .debug_aranges
                0x000001b8       0x80 .\CortexM3\ARM_GCC_541\Debug\DeliveryRobot.a(PWM_Trigger.o)
 .debug_aranges
                0x00000238       0xa8 .\CortexM3\ARM_GCC_541\Debug\DeliveryRobot.a(Timer_Echo.o)
 .debug_aranges
                0x000002e0       0x80 .\CortexM3\ARM_GCC_541\Debug\DeliveryRobot.a(Timer_Echo_Int.o)
 .debug_aranges
                0x00000360      0x2a0 .\CortexM3\ARM_GCC_541\Debug\DeliveryRobot.a(CyLib.o)
 .debug_aranges
                0x00000600       0x98 .\CortexM3\ARM_GCC_541\Debug\DeliveryRobot.a(cyPm.o)
 .debug_aranges
                0x00000698       0xa0 .\CortexM3\ARM_GCC_541\Debug\DeliveryRobot.a(UART.o)
 .debug_aranges
                0x00000738       0x20 .\CortexM3\ARM_GCC_541\Debug\DeliveryRobot.a(UART_INT.o)
 .debug_aranges
                0x00000758       0x70 .\CortexM3\ARM_GCC_541\Debug\DeliveryRobot.a(UART_IntClock.o)
 .debug_aranges
                0x000007c8       0x28 .\CortexM3\ARM_GCC_541\Debug\DeliveryRobot.a(Control_Reg_US.o)
 .debug_aranges
                0x000007f0       0x60 .\CortexM3\ARM_GCC_541\Debug\DeliveryRobot.a(QuadDec_L.o)
 .debug_aranges
                0x00000850       0x20 .\CortexM3\ARM_GCC_541\Debug\DeliveryRobot.a(QuadDec_L_INT.o)
 .debug_aranges
                0x00000870       0x98 .\CortexM3\ARM_GCC_541\Debug\DeliveryRobot.a(QuadDec_L_Cnt16.o)
 .debug_aranges
                0x00000908       0xa8 .\CortexM3\ARM_GCC_541\Debug\DeliveryRobot.a(PWM_Motor_L.o)
 .debug_aranges
                0x000009b0       0x80 .\CortexM3\ARM_GCC_541\Debug\DeliveryRobot.a(Motor_PI_Int.o)
 .debug_aranges
                0x00000a30       0x60 .\CortexM3\ARM_GCC_541\Debug\DeliveryRobot.a(QuadDec_R.o)
 .debug_aranges
                0x00000a90       0x20 .\CortexM3\ARM_GCC_541\Debug\DeliveryRobot.a(QuadDec_R_INT.o)
 .debug_aranges
                0x00000ab0       0xa8 .\CortexM3\ARM_GCC_541\Debug\DeliveryRobot.a(PWM_Motor_R.o)
 .debug_aranges
                0x00000b58       0x98 .\CortexM3\ARM_GCC_541\Debug\DeliveryRobot.a(QuadDec_R_Cnt16.o)
 .debug_aranges
                0x00000bf0       0x80 .\CortexM3\ARM_GCC_541\Debug\DeliveryRobot.a(Pose_Update_Int.o)
 .debug_aranges
                0x00000c70       0x90 .\CortexM3\ARM_GCC_541\Debug\DeliveryRobot.a(Timer_Avoidance.o)
 .debug_aranges
                0x00000d00       0x20 .\CortexM3\ARM_GCC_541\Debug\DeliveryRobot.a(CyBootAsmGnu.o)
 .debug_aranges
                0x00000d20       0x88 .\CortexM3\ARM_GCC_541\Debug\DeliveryRobot.a(CyFlash.o)
 .debug_aranges
                0x00000da8       0x80 .\CortexM3\ARM_GCC_541\Debug\DeliveryRobot.a(CySpc.o)

.debug_pubnames
 *(.debug_pubnames)

.debug_info     0x00000000     0x6135
 *(.debug_info .gnu.linkonce.wi.*)
 .debug_info    0x00000000      0x76c .\CortexM3\ARM_GCC_541\Debug\main.o
 .debug_info    0x0000076c      0x89d .\CortexM3\ARM_GCC_541\Debug\vfh.o
 .debug_info    0x00001009      0x241 .\CortexM3\ARM_GCC_541\Debug\robot.o
 .debug_info    0x0000124a      0x1ba .\CortexM3\ARM_GCC_541\Debug\helper.o
 .debug_info    0x00001404      0x463 .\CortexM3\ARM_GCC_541\Debug\cyfitter_cfg.o
 .debug_info    0x00001867      0x139 .\CortexM3\ARM_GCC_541\Debug\cymetadata.o
 .debug_info    0x000019a0      0x32b .\CortexM3\ARM_GCC_541\Debug\Cm3Start.o
 .debug_info    0x00001ccb      0x24b .\CortexM3\ARM_GCC_541\Debug\DeliveryRobot.a(PWM_Trigger.o)
 .debug_info    0x00001f16      0x2a5 .\CortexM3\ARM_GCC_541\Debug\DeliveryRobot.a(Timer_Echo.o)
 .debug_info    0x000021bb      0x241 .\CortexM3\ARM_GCC_541\Debug\DeliveryRobot.a(Timer_Echo_Int.o)
 .debug_info    0x000023fc      0xe51 .\CortexM3\ARM_GCC_541\Debug\DeliveryRobot.a(CyLib.o)
 .debug_info    0x0000324d      0x57a .\CortexM3\ARM_GCC_541\Debug\DeliveryRobot.a(cyPm.o)
 .debug_info    0x000037c7      0x408 .\CortexM3\ARM_GCC_541\Debug\DeliveryRobot.a(UART.o)
 .debug_info    0x00003bcf      0x108 .\CortexM3\ARM_GCC_541\Debug\DeliveryRobot.a(UART_INT.o)
 .debug_info    0x00003cd7      0x25d .\CortexM3\ARM_GCC_541\Debug\DeliveryRobot.a(UART_IntClock.o)
 .debug_info    0x00003f34       0xd7 .\CortexM3\ARM_GCC_541\Debug\DeliveryRobot.a(Control_Reg_US.o)
 .debug_info    0x0000400b      0x234 .\CortexM3\ARM_GCC_541\Debug\DeliveryRobot.a(QuadDec_L.o)
 .debug_info    0x0000423f       0xf2 .\CortexM3\ARM_GCC_541\Debug\DeliveryRobot.a(QuadDec_L_INT.o)
 .debug_info    0x00004331      0x291 .\CortexM3\ARM_GCC_541\Debug\DeliveryRobot.a(QuadDec_L_Cnt16.o)
 .debug_info    0x000045c2      0x2e3 .\CortexM3\ARM_GCC_541\Debug\DeliveryRobot.a(PWM_Motor_L.o)
 .debug_info    0x000048a5      0x241 .\CortexM3\ARM_GCC_541\Debug\DeliveryRobot.a(Motor_PI_Int.o)
 .debug_info    0x00004ae6      0x234 .\CortexM3\ARM_GCC_541\Debug\DeliveryRobot.a(QuadDec_R.o)
 .debug_info    0x00004d1a       0xf2 .\CortexM3\ARM_GCC_541\Debug\DeliveryRobot.a(QuadDec_R_INT.o)
 .debug_info    0x00004e0c      0x2e3 .\CortexM3\ARM_GCC_541\Debug\DeliveryRobot.a(PWM_Motor_R.o)
 .debug_info    0x000050ef      0x291 .\CortexM3\ARM_GCC_541\Debug\DeliveryRobot.a(QuadDec_R_Cnt16.o)
 .debug_info    0x00005380      0x241 .\CortexM3\ARM_GCC_541\Debug\DeliveryRobot.a(Pose_Update_Int.o)
 .debug_info    0x000055c1      0x25b .\CortexM3\ARM_GCC_541\Debug\DeliveryRobot.a(Timer_Avoidance.o)
 .debug_info    0x0000581c       0xa0 .\CortexM3\ARM_GCC_541\Debug\DeliveryRobot.a(CyBootAsmGnu.o)
 .debug_info    0x000058bc      0x3b9 .\CortexM3\ARM_GCC_541\Debug\DeliveryRobot.a(CyFlash.o)
 .debug_info    0x00005c75      0x4c0 .\CortexM3\ARM_GCC_541\Debug\DeliveryRobot.a(CySpc.o)

.debug_abbrev   0x00000000     0x2189
 *(.debug_abbrev)
 .debug_abbrev  0x00000000      0x1ac .\CortexM3\ARM_GCC_541\Debug\main.o
 .debug_abbrev  0x000001ac      0x17c .\CortexM3\ARM_GCC_541\Debug\vfh.o
 .debug_abbrev  0x00000328       0xc8 .\CortexM3\ARM_GCC_541\Debug\robot.o
 .debug_abbrev  0x000003f0       0x7e .\CortexM3\ARM_GCC_541\Debug\helper.o
 .debug_abbrev  0x0000046e      0x1b7 .\CortexM3\ARM_GCC_541\Debug\cyfitter_cfg.o
 .debug_abbrev  0x00000625       0x77 .\CortexM3\ARM_GCC_541\Debug\cymetadata.o
 .debug_abbrev  0x0000069c      0x1d6 .\CortexM3\ARM_GCC_541\Debug\Cm3Start.o
 .debug_abbrev  0x00000872      0x116 .\CortexM3\ARM_GCC_541\Debug\DeliveryRobot.a(PWM_Trigger.o)
 .debug_abbrev  0x00000988      0x11b .\CortexM3\ARM_GCC_541\Debug\DeliveryRobot.a(Timer_Echo.o)
 .debug_abbrev  0x00000aa3      0x172 .\CortexM3\ARM_GCC_541\Debug\DeliveryRobot.a(Timer_Echo_Int.o)
 .debug_abbrev  0x00000c15      0x217 .\CortexM3\ARM_GCC_541\Debug\DeliveryRobot.a(CyLib.o)
 .debug_abbrev  0x00000e2c      0x161 .\CortexM3\ARM_GCC_541\Debug\DeliveryRobot.a(cyPm.o)
 .debug_abbrev  0x00000f8d      0x143 .\CortexM3\ARM_GCC_541\Debug\DeliveryRobot.a(UART.o)
 .debug_abbrev  0x000010d0       0x79 .\CortexM3\ARM_GCC_541\Debug\DeliveryRobot.a(UART_INT.o)
 .debug_abbrev  0x00001149      0x11d .\CortexM3\ARM_GCC_541\Debug\DeliveryRobot.a(UART_IntClock.o)
 .debug_abbrev  0x00001266       0x81 .\CortexM3\ARM_GCC_541\Debug\DeliveryRobot.a(Control_Reg_US.o)
 .debug_abbrev  0x000012e7      0x11a .\CortexM3\ARM_GCC_541\Debug\DeliveryRobot.a(QuadDec_L.o)
 .debug_abbrev  0x00001401       0x78 .\CortexM3\ARM_GCC_541\Debug\DeliveryRobot.a(QuadDec_L_INT.o)
 .debug_abbrev  0x00001479      0x12c .\CortexM3\ARM_GCC_541\Debug\DeliveryRobot.a(QuadDec_L_Cnt16.o)
 .debug_abbrev  0x000015a5      0x12e .\CortexM3\ARM_GCC_541\Debug\DeliveryRobot.a(PWM_Motor_L.o)
 .debug_abbrev  0x000016d3      0x172 .\CortexM3\ARM_GCC_541\Debug\DeliveryRobot.a(Motor_PI_Int.o)
 .debug_abbrev  0x00001845      0x11a .\CortexM3\ARM_GCC_541\Debug\DeliveryRobot.a(QuadDec_R.o)
 .debug_abbrev  0x0000195f       0x78 .\CortexM3\ARM_GCC_541\Debug\DeliveryRobot.a(QuadDec_R_INT.o)
 .debug_abbrev  0x000019d7      0x12e .\CortexM3\ARM_GCC_541\Debug\DeliveryRobot.a(PWM_Motor_R.o)
 .debug_abbrev  0x00001b05      0x12c .\CortexM3\ARM_GCC_541\Debug\DeliveryRobot.a(QuadDec_R_Cnt16.o)
 .debug_abbrev  0x00001c31      0x172 .\CortexM3\ARM_GCC_541\Debug\DeliveryRobot.a(Pose_Update_Int.o)
 .debug_abbrev  0x00001da3      0x11b .\CortexM3\ARM_GCC_541\Debug\DeliveryRobot.a(Timer_Avoidance.o)
 .debug_abbrev  0x00001ebe       0x14 .\CortexM3\ARM_GCC_541\Debug\DeliveryRobot.a(CyBootAsmGnu.o)
 .debug_abbrev  0x00001ed2      0x14b .\CortexM3\ARM_GCC_541\Debug\DeliveryRobot.a(CyFlash.o)
 .debug_abbrev  0x0000201d      0x16c .\CortexM3\ARM_GCC_541\Debug\DeliveryRobot.a(CySpc.o)

.debug_line     0x00000000     0x33e4
 *(.debug_line)
 .debug_line    0x00000000      0x33c .\CortexM3\ARM_GCC_541\Debug\main.o
 .debug_line    0x0000033c      0x2b9 .\CortexM3\ARM_GCC_541\Debug\vfh.o
 .debug_line    0x000005f5       0x6f .\CortexM3\ARM_GCC_541\Debug\robot.o
 .debug_line    0x00000664       0x7d .\CortexM3\ARM_GCC_541\Debug\helper.o
 .debug_line    0x000006e1      0x229 .\CortexM3\ARM_GCC_541\Debug\cyfitter_cfg.o
 .debug_line    0x0000090a      0x141 .\CortexM3\ARM_GCC_541\Debug\cymetadata.o
 .debug_line    0x00000a4b      0x1dc .\CortexM3\ARM_GCC_541\Debug\Cm3Start.o
 .debug_line    0x00000c27      0x150 .\CortexM3\ARM_GCC_541\Debug\DeliveryRobot.a(PWM_Trigger.o)
 .debug_line    0x00000d77      0x1ab .\CortexM3\ARM_GCC_541\Debug\DeliveryRobot.a(Timer_Echo.o)
 .debug_line    0x00000f22      0x159 .\CortexM3\ARM_GCC_541\Debug\DeliveryRobot.a(Timer_Echo_Int.o)
 .debug_line    0x0000107b      0x883 .\CortexM3\ARM_GCC_541\Debug\DeliveryRobot.a(CyLib.o)
 .debug_line    0x000018fe      0x38e .\CortexM3\ARM_GCC_541\Debug\DeliveryRobot.a(cyPm.o)
 .debug_line    0x00001c8c      0x232 .\CortexM3\ARM_GCC_541\Debug\DeliveryRobot.a(UART.o)
 .debug_line    0x00001ebe       0x80 .\CortexM3\ARM_GCC_541\Debug\DeliveryRobot.a(UART_INT.o)
 .debug_line    0x00001f3e      0x1ac .\CortexM3\ARM_GCC_541\Debug\DeliveryRobot.a(UART_IntClock.o)
 .debug_line    0x000020ea       0x77 .\CortexM3\ARM_GCC_541\Debug\DeliveryRobot.a(Control_Reg_US.o)
 .debug_line    0x00002161      0x124 .\CortexM3\ARM_GCC_541\Debug\DeliveryRobot.a(QuadDec_L.o)
 .debug_line    0x00002285       0x6f .\CortexM3\ARM_GCC_541\Debug\DeliveryRobot.a(QuadDec_L_INT.o)
 .debug_line    0x000022f4      0x18d .\CortexM3\ARM_GCC_541\Debug\DeliveryRobot.a(QuadDec_L_Cnt16.o)
 .debug_line    0x00002481      0x1b2 .\CortexM3\ARM_GCC_541\Debug\DeliveryRobot.a(PWM_Motor_L.o)
 .debug_line    0x00002633      0x147 .\CortexM3\ARM_GCC_541\Debug\DeliveryRobot.a(Motor_PI_Int.o)
 .debug_line    0x0000277a      0x124 .\CortexM3\ARM_GCC_541\Debug\DeliveryRobot.a(QuadDec_R.o)
 .debug_line    0x0000289e       0x6f .\CortexM3\ARM_GCC_541\Debug\DeliveryRobot.a(QuadDec_R_INT.o)
 .debug_line    0x0000290d      0x1b2 .\CortexM3\ARM_GCC_541\Debug\DeliveryRobot.a(PWM_Motor_R.o)
 .debug_line    0x00002abf      0x18d .\CortexM3\ARM_GCC_541\Debug\DeliveryRobot.a(QuadDec_R_Cnt16.o)
 .debug_line    0x00002c4c      0x15a .\CortexM3\ARM_GCC_541\Debug\DeliveryRobot.a(Pose_Update_Int.o)
 .debug_line    0x00002da6      0x178 .\CortexM3\ARM_GCC_541\Debug\DeliveryRobot.a(Timer_Avoidance.o)
 .debug_line    0x00002f1e       0x66 .\CortexM3\ARM_GCC_541\Debug\DeliveryRobot.a(CyBootAsmGnu.o)
 .debug_line    0x00002f84      0x22f .\CortexM3\ARM_GCC_541\Debug\DeliveryRobot.a(CyFlash.o)
 .debug_line    0x000031b3      0x231 .\CortexM3\ARM_GCC_541\Debug\DeliveryRobot.a(CySpc.o)

.debug_frame    0x00000000     0x44ac
 *(.debug_frame)
 .debug_frame   0x00000000      0x158 .\CortexM3\ARM_GCC_541\Debug\main.o
 .debug_frame   0x00000158      0x154 .\CortexM3\ARM_GCC_541\Debug\vfh.o
 .debug_frame   0x000002ac       0x68 .\CortexM3\ARM_GCC_541\Debug\robot.o
 .debug_frame   0x00000314       0x90 .\CortexM3\ARM_GCC_541\Debug\helper.o
 .debug_frame   0x000003a4      0x16c .\CortexM3\ARM_GCC_541\Debug\cyfitter_cfg.o
 .debug_frame   0x00000510       0xd8 .\CortexM3\ARM_GCC_541\Debug\Cm3Start.o
 .debug_frame   0x000005e8      0x1f4 .\CortexM3\ARM_GCC_541\Debug\DeliveryRobot.a(PWM_Trigger.o)
 .debug_frame   0x000007dc      0x2a0 .\CortexM3\ARM_GCC_541\Debug\DeliveryRobot.a(Timer_Echo.o)
 .debug_frame   0x00000a7c      0x1e8 .\CortexM3\ARM_GCC_541\Debug\DeliveryRobot.a(Timer_Echo_Int.o)
 .debug_frame   0x00000c64      0xc0c .\CortexM3\ARM_GCC_541\Debug\DeliveryRobot.a(CyLib.o)
 .debug_frame   0x00001870      0x234 .\CortexM3\ARM_GCC_541\Debug\DeliveryRobot.a(cyPm.o)
 .debug_frame   0x00001aa4      0x298 .\CortexM3\ARM_GCC_541\Debug\DeliveryRobot.a(UART.o)
 .debug_frame   0x00001d3c       0x34 .\CortexM3\ARM_GCC_541\Debug\DeliveryRobot.a(UART_INT.o)
 .debug_frame   0x00001d70      0x1b4 .\CortexM3\ARM_GCC_541\Debug\DeliveryRobot.a(UART_IntClock.o)
 .debug_frame   0x00001f24       0x5c .\CortexM3\ARM_GCC_541\Debug\DeliveryRobot.a(Control_Reg_US.o)
 .debug_frame   0x00001f80      0x158 .\CortexM3\ARM_GCC_541\Debug\DeliveryRobot.a(QuadDec_L.o)
 .debug_frame   0x000020d8       0x38 .\CortexM3\ARM_GCC_541\Debug\DeliveryRobot.a(QuadDec_L_INT.o)
 .debug_frame   0x00002110      0x258 .\CortexM3\ARM_GCC_541\Debug\DeliveryRobot.a(QuadDec_L_Cnt16.o)
 .debug_frame   0x00002368      0x2a8 .\CortexM3\ARM_GCC_541\Debug\DeliveryRobot.a(PWM_Motor_L.o)
 .debug_frame   0x00002610      0x1e8 .\CortexM3\ARM_GCC_541\Debug\DeliveryRobot.a(Motor_PI_Int.o)
 .debug_frame   0x000027f8      0x158 .\CortexM3\ARM_GCC_541\Debug\DeliveryRobot.a(QuadDec_R.o)
 .debug_frame   0x00002950       0x38 .\CortexM3\ARM_GCC_541\Debug\DeliveryRobot.a(QuadDec_R_INT.o)
 .debug_frame   0x00002988      0x2a8 .\CortexM3\ARM_GCC_541\Debug\DeliveryRobot.a(PWM_Motor_R.o)
 .debug_frame   0x00002c30      0x258 .\CortexM3\ARM_GCC_541\Debug\DeliveryRobot.a(QuadDec_R_Cnt16.o)
 .debug_frame   0x00002e88      0x1e8 .\CortexM3\ARM_GCC_541\Debug\DeliveryRobot.a(Pose_Update_Int.o)
 .debug_frame   0x00003070      0x230 .\CortexM3\ARM_GCC_541\Debug\DeliveryRobot.a(Timer_Avoidance.o)
 .debug_frame   0x000032a0      0x238 .\CortexM3\ARM_GCC_541\Debug\DeliveryRobot.a(CyFlash.o)
 .debug_frame   0x000034d8      0x228 .\CortexM3\ARM_GCC_541\Debug\DeliveryRobot.a(CySpc.o)
 .debug_frame   0x00003700       0x20 c:/program files (x86)/cypress/psoc creator/4.4/psoc creator/import/gnu/arm/5.4.1/bin/../lib/gcc/arm-none-eabi/5.4.1/../../../../arm-none-eabi/lib/armv7-m\libm.a(lib_a-logl.o)
 .debug_frame   0x00003720       0x38 c:/program files (x86)/cypress/psoc creator/4.4/psoc creator/import/gnu/arm/5.4.1/bin/../lib/gcc/arm-none-eabi/5.4.1/../../../../arm-none-eabi/lib/armv7-m\libm.a(lib_a-s_cos.o)
 .debug_frame   0x00003758       0x34 c:/program files (x86)/cypress/psoc creator/4.4/psoc creator/import/gnu/arm/5.4.1/bin/../lib/gcc/arm-none-eabi/5.4.1/../../../../arm-none-eabi/lib/armv7-m\libm.a(lib_a-s_floor.o)
 .debug_frame   0x0000378c       0x30 c:/program files (x86)/cypress/psoc creator/4.4/psoc creator/import/gnu/arm/5.4.1/bin/../lib/gcc/arm-none-eabi/5.4.1/../../../../arm-none-eabi/lib/armv7-m\libm.a(lib_a-s_round.o)
 .debug_frame   0x000037bc       0x38 c:/program files (x86)/cypress/psoc creator/4.4/psoc creator/import/gnu/arm/5.4.1/bin/../lib/gcc/arm-none-eabi/5.4.1/../../../../arm-none-eabi/lib/armv7-m\libm.a(lib_a-s_sin.o)
 .debug_frame   0x000037f4       0x20 c:/program files (x86)/cypress/psoc creator/4.4/psoc creator/import/gnu/arm/5.4.1/bin/../lib/gcc/arm-none-eabi/5.4.1/../../../../arm-none-eabi/lib/armv7-m\libm.a(lib_a-w_atan2.o)
 .debug_frame   0x00003814       0x40 c:/program files (x86)/cypress/psoc creator/4.4/psoc creator/import/gnu/arm/5.4.1/bin/../lib/gcc/arm-none-eabi/5.4.1/../../../../arm-none-eabi/lib/armv7-m\libm.a(lib_a-w_log.o)
 .debug_frame   0x00003854       0x4c c:/program files (x86)/cypress/psoc creator/4.4/psoc creator/import/gnu/arm/5.4.1/bin/../lib/gcc/arm-none-eabi/5.4.1/../../../../arm-none-eabi/lib/armv7-m\libm.a(lib_a-w_pow.o)
 .debug_frame   0x000038a0       0x44 c:/program files (x86)/cypress/psoc creator/4.4/psoc creator/import/gnu/arm/5.4.1/bin/../lib/gcc/arm-none-eabi/5.4.1/../../../../arm-none-eabi/lib/armv7-m\libm.a(lib_a-w_sqrt.o)
 .debug_frame   0x000038e4       0x48 c:/program files (x86)/cypress/psoc creator/4.4/psoc creator/import/gnu/arm/5.4.1/bin/../lib/gcc/arm-none-eabi/5.4.1/../../../../arm-none-eabi/lib/armv7-m\libm.a(lib_a-e_atan2.o)
 .debug_frame   0x0000392c       0x54 c:/program files (x86)/cypress/psoc creator/4.4/psoc creator/import/gnu/arm/5.4.1/bin/../lib/gcc/arm-none-eabi/5.4.1/../../../../arm-none-eabi/lib/armv7-m\libm.a(lib_a-e_log.o)
 .debug_frame   0x00003980       0x68 c:/program files (x86)/cypress/psoc creator/4.4/psoc creator/import/gnu/arm/5.4.1/bin/../lib/gcc/arm-none-eabi/5.4.1/../../../../arm-none-eabi/lib/armv7-m\libm.a(lib_a-e_pow.o)
 .debug_frame   0x000039e8       0x48 c:/program files (x86)/cypress/psoc creator/4.4/psoc creator/import/gnu/arm/5.4.1/bin/../lib/gcc/arm-none-eabi/5.4.1/../../../../arm-none-eabi/lib/armv7-m\libm.a(lib_a-e_rem_pio2.o)
 .debug_frame   0x00003a30       0x30 c:/program files (x86)/cypress/psoc creator/4.4/psoc creator/import/gnu/arm/5.4.1/bin/../lib/gcc/arm-none-eabi/5.4.1/../../../../arm-none-eabi/lib/armv7-m\libm.a(lib_a-e_sqrt.o)
 .debug_frame   0x00003a60       0x4c c:/program files (x86)/cypress/psoc creator/4.4/psoc creator/import/gnu/arm/5.4.1/bin/../lib/gcc/arm-none-eabi/5.4.1/../../../../arm-none-eabi/lib/armv7-m\libm.a(lib_a-k_cos.o)
 .debug_frame   0x00003aac       0x50 c:/program files (x86)/cypress/psoc creator/4.4/psoc creator/import/gnu/arm/5.4.1/bin/../lib/gcc/arm-none-eabi/5.4.1/../../../../arm-none-eabi/lib/armv7-m\libm.a(lib_a-k_rem_pio2.o)
 .debug_frame   0x00003afc       0x48 c:/program files (x86)/cypress/psoc creator/4.4/psoc creator/import/gnu/arm/5.4.1/bin/../lib/gcc/arm-none-eabi/5.4.1/../../../../arm-none-eabi/lib/armv7-m\libm.a(lib_a-k_sin.o)
 .debug_frame   0x00003b44       0x38 c:/program files (x86)/cypress/psoc creator/4.4/psoc creator/import/gnu/arm/5.4.1/bin/../lib/gcc/arm-none-eabi/5.4.1/../../../../arm-none-eabi/lib/armv7-m\libm.a(lib_a-s_atan.o)
 .debug_frame   0x00003b7c       0x20 c:/program files (x86)/cypress/psoc creator/4.4/psoc creator/import/gnu/arm/5.4.1/bin/../lib/gcc/arm-none-eabi/5.4.1/../../../../arm-none-eabi/lib/armv7-m\libm.a(lib_a-s_fabs.o)
 .debug_frame   0x00003b9c       0x20 c:/program files (x86)/cypress/psoc creator/4.4/psoc creator/import/gnu/arm/5.4.1/bin/../lib/gcc/arm-none-eabi/5.4.1/../../../../arm-none-eabi/lib/armv7-m\libm.a(lib_a-s_finite.o)
 .debug_frame   0x00003bbc       0x20 c:/program files (x86)/cypress/psoc creator/4.4/psoc creator/import/gnu/arm/5.4.1/bin/../lib/gcc/arm-none-eabi/5.4.1/../../../../arm-none-eabi/lib/armv7-m\libm.a(lib_a-s_matherr.o)
 .debug_frame   0x00003bdc       0x20 c:/program files (x86)/cypress/psoc creator/4.4/psoc creator/import/gnu/arm/5.4.1/bin/../lib/gcc/arm-none-eabi/5.4.1/../../../../arm-none-eabi/lib/armv7-m\libm.a(lib_a-s_nan.o)
 .debug_frame   0x00003bfc       0x3c c:/program files (x86)/cypress/psoc creator/4.4/psoc creator/import/gnu/arm/5.4.1/bin/../lib/gcc/arm-none-eabi/5.4.1/../../../../arm-none-eabi/lib/armv7-m\libm.a(lib_a-s_rint.o)
 .debug_frame   0x00003c38       0x30 c:/program files (x86)/cypress/psoc creator/4.4/psoc creator/import/gnu/arm/5.4.1/bin/../lib/gcc/arm-none-eabi/5.4.1/../../../../arm-none-eabi/lib/armv7-m\libm.a(lib_a-s_scalbn.o)