Archive member included to satisfy reference by file (symbol)

.\CortexM3\ARM_GCC_541\Debug\DeliveryRobot.a(PWM_Trigger.o)
                              .\CortexM3\ARM_GCC_541\Debug\main.o (PWM_Trigger_Start)
.\CortexM3\ARM_GCC_541\Debug\DeliveryRobot.a(Timer_Echo.o)
                              .\CortexM3\ARM_GCC_541\Debug\main.o (Timer_Echo_Start)
.\CortexM3\ARM_GCC_541\Debug\DeliveryRobot.a(Timer_Echo_Int.o)
                              .\CortexM3\ARM_GCC_541\Debug\main.o (Timer_Echo_Int_StartEx)
.\CortexM3\ARM_GCC_541\Debug\DeliveryRobot.a(CyLib.o)
                              .\CortexM3\ARM_GCC_541\Debug\Cm3Start.o (CyResetStatus)
.\CortexM3\ARM_GCC_541\Debug\DeliveryRobot.a(cyPm.o)
                              .\CortexM3\ARM_GCC_541\Debug\DeliveryRobot.a(CyLib.o) (CyPmReadStatus)
.\CortexM3\ARM_GCC_541\Debug\DeliveryRobot.a(UART.o)
                              .\CortexM3\ARM_GCC_541\Debug\main.o (UART_Start)
.\CortexM3\ARM_GCC_541\Debug\DeliveryRobot.a(UART_INT.o)
                              .\CortexM3\ARM_GCC_541\Debug\DeliveryRobot.a(UART.o) (UART_TXISR)
.\CortexM3\ARM_GCC_541\Debug\DeliveryRobot.a(UART_IntClock.o)
                              .\CortexM3\ARM_GCC_541\Debug\DeliveryRobot.a(UART.o) (UART_IntClock_Start)
.\CortexM3\ARM_GCC_541\Debug\DeliveryRobot.a(Control_Reg_US.o)
                              .\CortexM3\ARM_GCC_541\Debug\main.o (Control_Reg_US_Write)
.\CortexM3\ARM_GCC_541\Debug\DeliveryRobot.a(QuadDec_L.o)
                              .\CortexM3\ARM_GCC_541\Debug\main.o (QuadDec_L_Start)
.\CortexM3\ARM_GCC_541\Debug\DeliveryRobot.a(QuadDec_L_INT.o)
                              .\CortexM3\ARM_GCC_541\Debug\DeliveryRobot.a(QuadDec_L.o) (QuadDec_L_count32SoftPart)
.\CortexM3\ARM_GCC_541\Debug\DeliveryRobot.a(QuadDec_L_Cnt16.o)
                              .\CortexM3\ARM_GCC_541\Debug\DeliveryRobot.a(QuadDec_L.o) (QuadDec_L_Cnt16_WriteCounter)
.\CortexM3\ARM_GCC_541\Debug\DeliveryRobot.a(PWM_Motor_L.o)
                              .\CortexM3\ARM_GCC_541\Debug\main.o (PWM_Motor_L_Start)
.\CortexM3\ARM_GCC_541\Debug\DeliveryRobot.a(Motor_PI_Int.o)
                              .\CortexM3\ARM_GCC_541\Debug\main.o (Motor_PI_Int_StartEx)
.\CortexM3\ARM_GCC_541\Debug\DeliveryRobot.a(QuadDec_R.o)
                              .\CortexM3\ARM_GCC_541\Debug\main.o (QuadDec_R_Start)
.\CortexM3\ARM_GCC_541\Debug\DeliveryRobot.a(QuadDec_R_INT.o)
                              .\CortexM3\ARM_GCC_541\Debug\DeliveryRobot.a(QuadDec_R.o) (QuadDec_R_count32SoftPart)
.\CortexM3\ARM_GCC_541\Debug\DeliveryRobot.a(PWM_Motor_R.o)
                              .\CortexM3\ARM_GCC_541\Debug\main.o (PWM_Motor_R_Start)
.\CortexM3\ARM_GCC_541\Debug\DeliveryRobot.a(QuadDec_R_Cnt16.o)
                              .\CortexM3\ARM_GCC_541\Debug\DeliveryRobot.a(QuadDec_R.o) (QuadDec_R_Cnt16_WriteCounter)
.\CortexM3\ARM_GCC_541\Debug\DeliveryRobot.a(Pose_Update_Int.o)
                              .\CortexM3\ARM_GCC_541\Debug\main.o (Pose_Update_Int_StartEx)
.\CortexM3\ARM_GCC_541\Debug\DeliveryRobot.a(Timer_Avoidance.o)
                              .\CortexM3\ARM_GCC_541\Debug\main.o (Timer_Avoidance_WriteCounter)
.\CortexM3\ARM_GCC_541\Debug\DeliveryRobot.a(CyBootAsmGnu.o)
                              .\CortexM3\ARM_GCC_541\Debug\cyfitter_cfg.o (CyDelayCycles)
.\CortexM3\ARM_GCC_541\Debug\DeliveryRobot.a(CyFlash.o)
                              .\CortexM3\ARM_GCC_541\Debug\DeliveryRobot.a(cyPm.o) (CyFlash_SetWaitCycles)
.\CortexM3\ARM_GCC_541\Debug\DeliveryRobot.a(CySpc.o)
                              .\CortexM3\ARM_GCC_541\Debug\DeliveryRobot.a(CyFlash.o) (CySpcStart)
c:/program files (x86)/cypress/psoc creator/4.4/psoc creator/import/gnu/arm/5.4.1/bin/../lib/gcc/arm-none-eabi/5.4.1/../../../../arm-none-eabi/lib/armv7-m\libm.a(lib_a-logl.o)
                              .\CortexM3\ARM_GCC_541\Debug\main.o (logl)
c:/program files (x86)/cypress/psoc creator/4.4/psoc creator/import/gnu/arm/5.4.1/bin/../lib/gcc/arm-none-eabi/5.4.1/../../../../arm-none-eabi/lib/armv7-m\libm.a(lib_a-s_cos.o)
                              .\CortexM3\ARM_GCC_541\Debug\main.o (cos)
c:/program files (x86)/cypress/psoc creator/4.4/psoc creator/import/gnu/arm/5.4.1/bin/../lib/gcc/arm-none-eabi/5.4.1/../../../../arm-none-eabi/lib/armv7-m\libm.a(lib_a-s_floor.o)
                              .\CortexM3\ARM_GCC_541\Debug\main.o (floor)
c:/program files (x86)/cypress/psoc creator/4.4/psoc creator/import/gnu/arm/5.4.1/bin/../lib/gcc/arm-none-eabi/5.4.1/../../../../arm-none-eabi/lib/armv7-m\libm.a(lib_a-s_round.o)
                              .\CortexM3\ARM_GCC_541\Debug\vfh.o (round)
c:/program files (x86)/cypress/psoc creator/4.4/psoc creator/import/gnu/arm/5.4.1/bin/../lib/gcc/arm-none-eabi/5.4.1/../../../../arm-none-eabi/lib/armv7-m\libm.a(lib_a-s_sin.o)
                              .\CortexM3\ARM_GCC_541\Debug\main.o (sin)
[...]
Memory Configuration

Name             Origin             Length             Attributes
rom              0x00000000         0x00040000         xr
ram              0x1fff8000         0x00010000         xrw
*default*        0x00000000         0xffffffff

Linker script and memory map

LOAD c:/program files (x86)/cypress/psoc creator/4.4/psoc creator/import/gnu/arm/5.4.1/bin/../lib/gcc/arm-none-eabi/5.4.1/armv7-m/crti.o
LOAD c:/program files (x86)/cypress/psoc creator/4.4/psoc creator/import/gnu/arm/5.4.1/bin/../lib/gcc/arm-none-eabi/5.4.1/armv7-m/crtbegin.o
LOAD c:/program files (x86)/cypress/psoc creator/4.4/psoc creator/import/gnu/arm/5.4.1/bin/../lib/gcc/arm-none-eabi/5.4.1/../../../../arm-none-eabi/lib/armv7-m/crt0.o
START GROUP
LOAD .\CortexM3\ARM_GCC_541\Debug\main.o
LOAD .\CortexM3\ARM_GCC_541\Debug\vfh.o
LOAD .\CortexM3\ARM_GCC_541\Debug\robot.o
LOAD .\CortexM3\ARM_GCC_541\Debug\helper.o
LOAD .\CortexM3\ARM_GCC_541\Debug\cyfitter_cfg.o
LOAD .\CortexM3\ARM_GCC_541\Debug\cymetadata.o
LOAD .\CortexM3\ARM_GCC_541\Debug\Cm3Start.o
LOAD .\CortexM3\ARM_GCC_541\Debug\DeliveryRobot.a
LOAD C:\Program Files (x86)\Cypress\PSoC Creator\4.4\PSoC Creator\psoc\content\cycomponentlibrary\CyComponentLibrary.cylib\CortexM3\ARM_GCC_541\Debug\CyComponentLibrary.a
LOAD c:/program files (x86)/cypress/psoc creator/4.4/psoc creator/import/gnu/arm/5.4.1/bin/../lib/gcc/arm-none-eabi/5.4.1/../../../../arm-none-eabi/lib/armv7-m\libm.a
END GROUP
START GROUP
LOAD c:/program files (x86)/cypress/psoc creator/4.4/psoc creator/import/gnu/arm/5.4.1/bin/../lib/gcc/arm-none-eabi/5.4.1/armv7-m\libgcc.a
LOAD c:/program files (x86)/cypress/psoc creator/4.4/psoc creator/import/gnu/arm/5.4.1/bin/../lib/gcc/arm-none-eabi/5.4.1/../../../../arm-none-eabi/lib/armv7-m\libg_nano.a
LOAD c:/program files (x86)/cypress/psoc creator/4.4/psoc creator/import/gnu/arm/5.4.1/bin/../lib/gcc/arm-none-eabi/5.4.1/../../../../arm-none-eabi/lib/armv7-m\libc_nano.a
END GROUP
START GROUP
LOAD c:/program files (x86)/cypress/psoc creator/4.4/psoc creator/import/gnu/arm/5.4.1/bin/../lib/gcc/arm-none-eabi/5.4.1/armv7-m\libgcc.a
LOAD c:/program files (x86)/cypress/psoc creator/4.4/psoc creator/import/gnu/arm/5.4.1/bin/../lib/gcc/arm-none-eabi/5.4.1/../../../../arm-none-eabi/lib/armv7-m\libc_nano.a
END GROUP
LOAD c:/program files (x86)/cypress/psoc creator/4.4/psoc creator/import/gnu/arm/5.4.1/bin/../lib/gcc/arm-none-eabi/5.4.1/armv7-m/crtend.o
LOAD c:/program files (x86)/cypress/psoc creator/4.4/psoc creator/import/gnu/arm/5.4.1/bin/../lib/gcc/arm-none-eabi/5.4.1/armv7-m/crtn.o
START GROUP
LOAD c:/program files (x86)/cypress/psoc creator/4.4/psoc creator/import/gnu/arm/5.4.1/bin/../lib/gcc/arm-none-eabi/5.4.1/armv7-m\libgcc.a
LOAD c:/program files (x86)/cypress/psoc creator/4.4/psoc creator/import/gnu/arm/5.4.1/bin/../lib/gcc/arm-none-eabi/5.4.1/../../../../arm-none-eabi/lib/armv7-m\libc.a
LOAD c:/program files (x86)/cypress/psoc creator/4.4/psoc creator/import/gnu/arm/5.4.1/bin/../lib/gcc/arm-none-eabi/5.4.1/../../../../arm-none-eabi/lib/armv7-m\libnosys.a
END GROUP
                0x00000000                CY_APPL_ORIGIN = 0x0
                0x00000100                CY_FLASH_ROW_SIZE = 0x100
                0x00000020                CY_ECC_ROW_SIZE = 0x20
                0x00000000                CY_EE_IN_BTLDR = 0x0
                0x00000000                CY_APPL_LOADABLE = 0x0
                0x00000800                CY_EE_SIZE = 0x800
                0x00000001                CY_APPL_NUM = 0x1
                0x00000001                CY_APPL_MAX = 0x1
                0x00000040                CY_METADATA_SIZE = 0x40
                0x00000000                CY_APPL_LOADABLE = 0x0
                0x00000000                CY_CHECKSUM_EXCLUDE_SIZE = ALIGN (0x0, CY_FLASH_ROW_SIZE)
                [!provide]                PROVIDE (__cy_heap_start, _end)
                0x00000001                PROVIDE (__cy_region_num, ((__cy_regions_end - __cy_regions) / 0x10))
                0x20008000                PROVIDE (__cy_stack, (ORIGIN (ram) + LENGTH (ram)))
                [!provide]                PROVIDE (__cy_heap_end, (__cy_stack - 0xfa0))

.cybootloader   0x00000000        0x0
 *(.cybootloader)
                0x00000000                appl1_start = CY_APPL_ORIGIN?CY_APPL_ORIGIN:ALIGN (CY_FLASH_ROW_SIZE)
                0x0001ff00                appl2_start = (appl1_start + ALIGN ((((LENGTH (rom) - appl1_start) - (0x2 * CY_FLASH_ROW_SIZE)) / 0x2), CY_FLASH_ROW_SIZE))
                0x00000000                appl_start = (CY_APPL_NUM == 0x1)?appl1_start:appl2_start
                0x00000000                ecc_offset = ((appl_start / CY_FLASH_ROW_SIZE) * CY_ECC_ROW_SIZE)
                0x00000000                ee_offset = (CY_APPL_LOADABLE && ! (CY_EE_IN_BTLDR))?((CY_EE_SIZE / CY_APPL_MAX) * (CY_APPL_NUM - 0x1)):0x0
                0x00000800                ee_size = (CY_APPL_LOADABLE && ! (CY_EE_IN_BTLDR))?(CY_EE_SIZE / CY_APPL_MAX):CY_EE_SIZE
                [!provide]                PROVIDE (CY_ECC_OFFSET, ecc_offset)

.text           0x00000000     0x97ca
 CREATE_OBJECT_SYMBOLS
                0x00000000                PROVIDE (__cy_interrupt_vector, RomVectors)
 *(.romvectors)
 .romvectors    0x00000000       0x10 .\CortexM3\ARM_GCC_541\Debug\Cm3Start.o
                0x00000000                RomVectors
                0x00000001                ASSERT ((. != __cy_interrupt_vector), No interrupt vector)
                0x00000001                ASSERT (CY_APPL_ORIGIN?(SIZEOF (.cybootloader) <= CY_APPL_ORIGIN):0x1, Wrong image location)
                0x00000010                PROVIDE (__cy_reset, Reset)
 *(.text.Reset)
 .text.Reset    0x00000010       0x18 .\CortexM3\ARM_GCC_541\Debug\Cm3Start.o
                0x00000010                Reset
                0x00000001                ASSERT ((. != __cy_reset), No reset code)
 *(.dma_init)
                0x00000001                ASSERT ((((appl_start + .) <= 0x10000) || 0x1), DMA Init must be within the first 64k of flash)
 *(.text .text.* .gnu.linkonce.t.*)
 .text          0x00000028       0x5c c:/program files (x86)/cypress/psoc creator/4.4/psoc creator/import/gnu/arm/5.4.1/bin/../lib/gcc/arm-none-eabi/5.4.1/armv7-m/crtbegin.o
 .text.Timer_Int_Handler
                0x00000084       0x84 .\CortexM3\ARM_GCC_541\Debug\main.o
                0x00000084                Timer_Int_Handler
 .text.Pose_Update_Int_Handler
                0x00000108      0x45c .\CortexM3\ARM_GCC_541\Debug\main.o
                0x00000108                Pose_Update_Int_Handler
 .text.Motor_PI_Int_Handler
                0x00000564      0x154 .\CortexM3\ARM_GCC_541\Debug\main.o
                0x00000564                Motor_PI_Int_Handler
 .text.main     0x000006b8      0xbd4 .\CortexM3\ARM_GCC_541\Debug\main.o
                0x000006b8                main
 *fill*         0x0000128c        0x4 
 .text.Drive_Left_Motor
                0x00001290       0xd8 .\CortexM3\ARM_GCC_541\Debug\main.o
                0x00001290                Drive_Left_Motor
 .text.Drive_Right_Motor
                0x00001368       0xd8 .\CortexM3\ARM_GCC_541\Debug\main.o
                0x00001368                Drive_Right_Motor
 .text.true_mod
                0x00001440       0x4c .\CortexM3\ARM_GCC_541\Debug\vfh.o
                0x00001440                true_mod
 .text.min_sect_dist
                0x0000148c       0x40 .\CortexM3\ARM_GCC_541\Debug\vfh.o
                0x0000148c                min_sect_dist
 .text.grid_create
                0x000014cc       0xb8 .\CortexM3\ARM_GCC_541\Debug\vfh.o
                0x000014cc                grid_create
 *fill*         0x00001584        0x4 
 .text.grid_update
                0x00001588      0x350 .\CortexM3\ARM_GCC_541\Debug\vfh.o
                0x00001588                grid_update
 .text.active_window
                0x000018d8       0xf8 .\CortexM3\ARM_GCC_541\Debug\vfh.o
                0x000018d8                active_window
 .text.pod_create
                0x000019d0       0xdc .\CortexM3\ARM_GCC_541\Debug\vfh.o
                0x000019d0                pod_create
 *fill*         0x00001aac        0x4 
 .text.smoothed_POD_histogram
                0x00001ab0      0x40c .\CortexM3\ARM_GCC_541\Debug\vfh.o
                0x00001ab0                smoothed_POD_histogram
 *fill*         0x00001ebc        0x4 
 .text.calculate_avoidance_angle2
                0x00001ec0      0x3e8 .\CortexM3\ARM_GCC_541\Debug\vfh.o
                0x00001ec0                calculate_avoidance_angle2
 .text.velocity_control
                0x000022a8       0xf4 .\CortexM3\ARM_GCC_541\Debug\vfh.o
                0x000022a8                velocity_control
 .text.motor_create
                0x0000239c       0x78 .\CortexM3\ARM_GCC_541\Debug\robot.o
                0x0000239c                motor_create
 .text.robot_create
                0x00002414       0xa8 .\CortexM3\ARM_GCC_541\Debug\robot.o
                0x00002414                robot_create
 *fill*         0x000024bc        0x4 
 .text.calculate_angle_modulo
                0x000024c0       0x58 .\CortexM3\ARM_GCC_541\Debug\helper.o
                0x000024c0                calculate_angle_modulo
 .text.calculate_distance_from_goal
                0x00002518       0x7c .\CortexM3\ARM_GCC_541\Debug\helper.o
                0x00002518                calculate_distance_from_goal
 .text.CYMEMZERO
                0x00002594       0x1c .\CortexM3\ARM_GCC_541\Debug\cyfitter_cfg.o
 .text.CYCONFIGCPY
                0x000025b0       0x20 .\CortexM3\ARM_GCC_541\Debug\cyfitter_cfg.o
 .text.CyClockStartupError
                0x000025d0        0xc .\CortexM3\ARM_GCC_541\Debug\cyfitter_cfg.o
 .text.cfg_write_bytes32
                0x000025dc       0x74 .\CortexM3\ARM_GCC_541\Debug\cyfitter_cfg.o
 .text.ClockSetup
                0x00002650      0x184 .\CortexM3\ARM_GCC_541\Debug\cyfitter_cfg.o
 .text.AnalogSetDefault
                0x000027d4       0x44 .\CortexM3\ARM_GCC_541\Debug\cyfitter_cfg.o
 .text.cyfitter_cfg
                0x00002818      0x1d0 .\CortexM3\ARM_GCC_541\Debug\cyfitter_cfg.o
                0x00002818                cyfitter_cfg
 .text.IntDefaultHandler
                0x000029e8       0x14 .\CortexM3\ARM_GCC_541\Debug\Cm3Start.o
                0x000029e8                IntDefaultHandler
 .text._sbrk    0x000029fc       0x54 .\CortexM3\ARM_GCC_541\Debug\Cm3Start.o
                0x000029fc                _sbrk
 .text.Start_c  0x00002a50       0x98 .\CortexM3\ARM_GCC_541\Debug\Cm3Start.o
                0x00002a50                Start_c
 .text.initialize_psoc
                0x00002ae8       0x90 .\CortexM3\ARM_GCC_541\Debug\Cm3Start.o
                0x00002ae8                initialize_psoc
 .text.PWM_Trigger_Start
                0x00002b78       0x24 .\CortexM3\ARM_GCC_541\Debug\DeliveryRobot.a(PWM_Trigger.o)
                0x00002b78                PWM_Trigger_Start
 .text.PWM_Trigger_Init
                0x00002b9c       0x6c .\CortexM3\ARM_GCC_541\Debug\DeliveryRobot.a(PWM_Trigger.o)
                0x00002b9c                PWM_Trigger_Init
 .text.PWM_Trigger_Enable
                0x00002c08       0x20 .\CortexM3\ARM_GCC_541\Debug\DeliveryRobot.a(PWM_Trigger.o)
                0x00002c08                PWM_Trigger_Enable
 .text.PWM_Trigger_WriteCounter
                0x00002c28       0x20 .\CortexM3\ARM_GCC_541\Debug\DeliveryRobot.a(PWM_Trigger.o)
                0x00002c28                PWM_Trigger_WriteCounter
 .text.PWM_Trigger_WritePeriod
                0x00002c48       0x20 .\CortexM3\ARM_GCC_541\Debug\DeliveryRobot.a(PWM_Trigger.o)
                0x00002c48                PWM_Trigger_WritePeriod
 .text.PWM_Trigger_WriteCompare
                0x00002c68       0x20 .\CortexM3\ARM_GCC_541\Debug\DeliveryRobot.a(PWM_Trigger.o)
                0x00002c68                PWM_Trigger_WriteCompare
 .text.Timer_Echo_Init
                0x00002c88       0x58 .\CortexM3\ARM_GCC_541\Debug\DeliveryRobot.a(Timer_Echo.o)
                0x00002c88                Timer_Echo_Init
 .text.Timer_Echo_Enable
                0x00002ce0       0x20 .\CortexM3\ARM_GCC_541\Debug\DeliveryRobot.a(Timer_Echo.o)
                0x00002ce0                Timer_Echo_Enable
 .text.Timer_Echo_Start
                0x00002d00       0x24 .\CortexM3\ARM_GCC_541\Debug\DeliveryRobot.a(Timer_Echo.o)
                0x00002d00                Timer_Echo_Start
 .text.Timer_Echo_SetInterruptMode
                0x00002d24       0x20 .\CortexM3\ARM_GCC_541\Debug\DeliveryRobot.a(Timer_Echo.o)
                0x00002d24                Timer_Echo_SetInterruptMode
 .text.Timer_Echo_ReadStatusRegister
                0x00002d44       0x18 .\CortexM3\ARM_GCC_541\Debug\DeliveryRobot.a(Timer_Echo.o)
                0x00002d44                Timer_Echo_ReadStatusRegister
 .text.Timer_Echo_ReadControlRegister
                0x00002d5c       0x18 .\CortexM3\ARM_GCC_541\Debug\DeliveryRobot.a(Timer_Echo.o)
                0x00002d5c                Timer_Echo_ReadControlRegister
 .text.Timer_Echo_WritePeriod
                0x00002d74       0x20 .\CortexM3\ARM_GCC_541\Debug\DeliveryRobot.a(Timer_Echo.o)
                0x00002d74                Timer_Echo_WritePeriod
 .text.Timer_Echo_ReadCapture
                0x00002d94       0x18 .\CortexM3\ARM_GCC_541\Debug\DeliveryRobot.a(Timer_Echo.o)
                0x00002d94                Timer_Echo_ReadCapture
 .text.Timer_Echo_WriteCounter
                0x00002dac       0x20 .\CortexM3\ARM_GCC_541\Debug\DeliveryRobot.a(Timer_Echo.o)
                0x00002dac                Timer_Echo_WriteCounter
 .text.Timer_Echo_EnableTrigger
                0x00002dcc       0x20 .\CortexM3\ARM_GCC_541\Debug\DeliveryRobot.a(Timer_Echo.o)
                0x00002dcc                Timer_Echo_EnableTrigger
 .text.Timer_Echo_SetInterruptCount
                0x00002dec       0x40 .\CortexM3\ARM_GCC_541\Debug\DeliveryRobot.a(Timer_Echo.o)
                0x00002dec                Timer_Echo_SetInterruptCount
 .text.Timer_Echo_ClearFIFO
                0x00002e2c       0x1c .\CortexM3\ARM_GCC_541\Debug\DeliveryRobot.a(Timer_Echo.o)
                0x00002e2c                Timer_Echo_ClearFIFO
 .text.Timer_Echo_Int_StartEx
                0x00002e48       0x24 .\CortexM3\ARM_GCC_541\Debug\DeliveryRobot.a(Timer_Echo_Int.o)
                0x00002e48                Timer_Echo_Int_StartEx
 .text.Timer_Echo_Int_SetVector
                0x00002e6c       0x24 .\CortexM3\ARM_GCC_541\Debug\DeliveryRobot.a(Timer_Echo_Int.o)
                0x00002e6c                Timer_Echo_Int_SetVector
 .text.Timer_Echo_Int_SetPriority
                0x00002e90       0x24 .\CortexM3\ARM_GCC_541\Debug\DeliveryRobot.a(Timer_Echo_Int.o)
                0x00002e90                Timer_Echo_Int_SetPriority
 .text.Timer_Echo_Int_Enable
                0x00002eb4       0x18 .\CortexM3\ARM_GCC_541\Debug\DeliveryRobot.a(Timer_Echo_Int.o)
                0x00002eb4                Timer_Echo_Int_Enable
 .text.Timer_Echo_Int_Disable
                0x00002ecc       0x18 .\CortexM3\ARM_GCC_541\Debug\DeliveryRobot.a(Timer_Echo_Int.o)
                0x00002ecc                Timer_Echo_Int_Disable
 .text.CyHalt   0x00002ee4       0x18 .\CortexM3\ARM_GCC_541\Debug\DeliveryRobot.a(CyLib.o)
                0x00002ee4                CyHalt
 .text.CyDelay  0x00002efc       0x44 .\CortexM3\ARM_GCC_541\Debug\DeliveryRobot.a(CyLib.o)
                0x00002efc                CyDelay
 .text.CyIntSetVector
                0x00002f40       0x50 .\CortexM3\ARM_GCC_541\Debug\DeliveryRobot.a(CyLib.o)
                0x00002f40                CyIntSetVector
 .text.CyIntSetPriority
                0x00002f90       0x48 .\CortexM3\ARM_GCC_541\Debug\DeliveryRobot.a(CyLib.o)
                0x00002f90                CyIntSetPriority
 .text.UART_Start
                0x00002fd8       0x24 .\CortexM3\ARM_GCC_541\Debug\DeliveryRobot.a(UART.o)
                0x00002fd8                UART_Start
 .text.UART_Init
                0x00002ffc       0x3c .\CortexM3\ARM_GCC_541\Debug\DeliveryRobot.a(UART.o)
                0x00002ffc                UART_Init
 .text.UART_Enable
                0x00003038       0x4c .\CortexM3\ARM_GCC_541\Debug\DeliveryRobot.a(UART.o)
                0x00003038                UART_Enable
 .text.UART_PutChar
                0x00003084       0xbc .\CortexM3\ARM_GCC_541\Debug\DeliveryRobot.a(UART.o)
                0x00003084                UART_PutChar
 .text.UART_PutString
                0x00003140       0x44 .\CortexM3\ARM_GCC_541\Debug\DeliveryRobot.a(UART.o)
                0x00003140                UART_PutString
 .text.UART_TXISR
                0x00003184       0x70 .\CortexM3\ARM_GCC_541\Debug\DeliveryRobot.a(UART_INT.o)
                0x00003184                UART_TXISR
 .text.UART_IntClock_Start
                0x000031f4       0x34 .\CortexM3\ARM_GCC_541\Debug\DeliveryRobot.a(UART_IntClock.o)
                0x000031f4                UART_IntClock_Start
 .text.Control_Reg_US_Write
                0x00003228       0x20 .\CortexM3\ARM_GCC_541\Debug\DeliveryRobot.a(Control_Reg_US.o)
                0x00003228                Control_Reg_US_Write
 .text.QuadDec_L_Init
                0x00003248       0x28 .\CortexM3\ARM_GCC_541\Debug\DeliveryRobot.a(QuadDec_L.o)
                0x00003248                QuadDec_L_Init
 .text.QuadDec_L_Enable
                0x00003270       0x48 .\CortexM3\ARM_GCC_541\Debug\DeliveryRobot.a(QuadDec_L.o)
                0x00003270                QuadDec_L_Enable
 .text.QuadDec_L_Start
                0x000032b8       0x38 .\CortexM3\ARM_GCC_541\Debug\DeliveryRobot.a(QuadDec_L.o)
                0x000032b8                QuadDec_L_Start
 .text.QuadDec_L_GetCounter
                0x000032f0       0x48 .\CortexM3\ARM_GCC_541\Debug\DeliveryRobot.a(QuadDec_L.o)
                0x000032f0                QuadDec_L_GetCounter
 .text.QuadDec_L_GetEvents
                0x00003338       0x1c .\CortexM3\ARM_GCC_541\Debug\DeliveryRobot.a(QuadDec_L.o)
                0x00003338                QuadDec_L_GetEvents
 .text.QuadDec_L_SetInterruptMask
                0x00003354       0x28 .\CortexM3\ARM_GCC_541\Debug\DeliveryRobot.a(QuadDec_L.o)
                0x00003354                QuadDec_L_SetInterruptMask
 .text.QuadDec_L_ISR
                0x0000337c       0x60 .\CortexM3\ARM_GCC_541\Debug\DeliveryRobot.a(QuadDec_L_INT.o)
                0x0000337c                QuadDec_L_ISR
 .text.QuadDec_L_Cnt16_Init
                0x000033dc       0x80 .\CortexM3\ARM_GCC_541\Debug\DeliveryRobot.a(QuadDec_L_Cnt16.o)
                0x000033dc                QuadDec_L_Cnt16_Init
 .text.QuadDec_L_Cnt16_Enable
                0x0000345c       0x20 .\CortexM3\ARM_GCC_541\Debug\DeliveryRobot.a(QuadDec_L_Cnt16.o)
                0x0000345c                QuadDec_L_Cnt16_Enable
 .text.QuadDec_L_Cnt16_Start
                0x0000347c       0x24 .\CortexM3\ARM_GCC_541\Debug\DeliveryRobot.a(QuadDec_L_Cnt16.o)
                0x0000347c                QuadDec_L_Cnt16_Start
 .text.QuadDec_L_Cnt16_SetInterruptMode
                0x000034a0       0x20 .\CortexM3\ARM_GCC_541\Debug\DeliveryRobot.a(QuadDec_L_Cnt16.o)
                0x000034a0                QuadDec_L_Cnt16_SetInterruptMode
 .text.QuadDec_L_Cnt16_ReadStatusRegister
                0x000034c0       0x18 .\CortexM3\ARM_GCC_541\Debug\DeliveryRobot.a(QuadDec_L_Cnt16.o)
                0x000034c0                QuadDec_L_Cnt16_ReadStatusRegister
 .text.QuadDec_L_Cnt16_WriteCounter
                0x000034d8       0x20 .\CortexM3\ARM_GCC_541\Debug\DeliveryRobot.a(QuadDec_L_Cnt16.o)
                0x000034d8                QuadDec_L_Cnt16_WriteCounter
 .text.QuadDec_L_Cnt16_ReadCounter
                0x000034f8       0x20 .\CortexM3\ARM_GCC_541\Debug\DeliveryRobot.a(QuadDec_L_Cnt16.o)
                0x000034f8                QuadDec_L_Cnt16_ReadCounter
 .text.QuadDec_L_Cnt16_ReadCapture
                0x00003518       0x18 .\CortexM3\ARM_GCC_541\Debug\DeliveryRobot.a(QuadDec_L_Cnt16.o)
                0x00003518                QuadDec_L_Cnt16_ReadCapture
 .text.QuadDec_L_Cnt16_WritePeriod
                0x00003530       0x20 .\CortexM3\ARM_GCC_541\Debug\DeliveryRobot.a(QuadDec_L_Cnt16.o)
                0x00003530                QuadDec_L_Cnt16_WritePeriod
 .text.QuadDec_L_Cnt16_WriteCompare
                0x00003550       0x20 .\CortexM3\ARM_GCC_541\Debug\DeliveryRobot.a(QuadDec_L_Cnt16.o)
                0x00003550                QuadDec_L_Cnt16_WriteCompare
 .text.QuadDec_L_Cnt16_ClearFIFO
                0x00003570       0x1c .\CortexM3\ARM_GCC_541\Debug\DeliveryRobot.a(QuadDec_L_Cnt16.o)
                0x00003570                QuadDec_L_Cnt16_ClearFIFO
 .text.PWM_Motor_L_Start
                0x0000358c       0x24 .\CortexM3\ARM_GCC_541\Debug\DeliveryRobot.a(PWM_Motor_L.o)
                0x0000358c                PWM_Motor_L_Start
 .text.PWM_Motor_L_Init
                0x000035b0       0x9c .\CortexM3\ARM_GCC_541\Debug\DeliveryRobot.a(PWM_Motor_L.o)
                0x000035b0                PWM_Motor_L_Init
 .text.PWM_Motor_L_Enable
                0x0000364c       0x20 .\CortexM3\ARM_GCC_541\Debug\DeliveryRobot.a(PWM_Motor_L.o)
                0x0000364c                PWM_Motor_L_Enable
 .text.PWM_Motor_L_WriteCounter
                0x0000366c       0x20 .\CortexM3\ARM_GCC_541\Debug\DeliveryRobot.a(PWM_Motor_L.o)
                0x0000366c                PWM_Motor_L_WriteCounter
 .text.PWM_Motor_L_ClearFIFO
                0x0000368c       0x1c .\CortexM3\ARM_GCC_541\Debug\DeliveryRobot.a(PWM_Motor_L.o)
                0x0000368c                PWM_Motor_L_ClearFIFO
 .text.PWM_Motor_L_WritePeriod
                0x000036a8       0x20 .\CortexM3\ARM_GCC_541\Debug\DeliveryRobot.a(PWM_Motor_L.o)
                0x000036a8                PWM_Motor_L_WritePeriod
 .text.PWM_Motor_L_WriteCompare1
                0x000036c8       0x20 .\CortexM3\ARM_GCC_541\Debug\DeliveryRobot.a(PWM_Motor_L.o)
                0x000036c8                PWM_Motor_L_WriteCompare1
 .text.PWM_Motor_L_WriteCompare2
                0x000036e8       0x20 .\CortexM3\ARM_GCC_541\Debug\DeliveryRobot.a(PWM_Motor_L.o)
                0x000036e8                PWM_Motor_L_WriteCompare2
 .text.PWM_Motor_L_SetInterruptMode
                0x00003708       0x20 .\CortexM3\ARM_GCC_541\Debug\DeliveryRobot.a(PWM_Motor_L.o)
                0x00003708                PWM_Motor_L_SetInterruptMode
 .text.PWM_Motor_L_ReadStatusRegister
                0x00003728       0x18 .\CortexM3\ARM_GCC_541\Debug\DeliveryRobot.a(PWM_Motor_L.o)
                0x00003728                PWM_Motor_L_ReadStatusRegister
 .text.PWM_Motor_L_ReadCapture
                0x00003740       0x18 .\CortexM3\ARM_GCC_541\Debug\DeliveryRobot.a(PWM_Motor_L.o)
                0x00003740                PWM_Motor_L_ReadCapture
 .text.Motor_PI_Int_StartEx
                0x00003758       0x24 .\CortexM3\ARM_GCC_541\Debug\DeliveryRobot.a(Motor_PI_Int.o)
                0x00003758                Motor_PI_Int_StartEx
 .text.Motor_PI_Int_SetVector
                0x0000377c       0x24 .\CortexM3\ARM_GCC_541\Debug\DeliveryRobot.a(Motor_PI_Int.o)
                0x0000377c                Motor_PI_Int_SetVector
 .text.Motor_PI_Int_SetPriority
                0x000037a0       0x24 .\CortexM3\ARM_GCC_541\Debug\DeliveryRobot.a(Motor_PI_Int.o)
                0x000037a0                Motor_PI_Int_SetPriority
 .text.Motor_PI_Int_Enable
                0x000037c4       0x18 .\CortexM3\ARM_GCC_541\Debug\DeliveryRobot.a(Motor_PI_Int.o)
                0x000037c4                Motor_PI_Int_Enable
 .text.Motor_PI_Int_Disable
                0x000037dc       0x18 .\CortexM3\ARM_GCC_541\Debug\DeliveryRobot.a(Motor_PI_Int.o)
                0x000037dc                Motor_PI_Int_Disable
 .text.QuadDec_R_Init
                0x000037f4       0x28 .\CortexM3\ARM_GCC_541\Debug\DeliveryRobot.a(QuadDec_R.o)
                0x000037f4                QuadDec_R_Init
 .text.QuadDec_R_Enable
                0x0000381c       0x48 .\CortexM3\ARM_GCC_541\Debug\DeliveryRobot.a(QuadDec_R.o)
                0x0000381c                QuadDec_R_Enable
 .text.QuadDec_R_Start
                0x00003864       0x38 .\CortexM3\ARM_GCC_541\Debug\DeliveryRobot.a(QuadDec_R.o)
                0x00003864                QuadDec_R_Start
 .text.QuadDec_R_GetCounter
                0x0000389c       0x48 .\CortexM3\ARM_GCC_541\Debug\DeliveryRobot.a(QuadDec_R.o)
                0x0000389c                QuadDec_R_GetCounter
 .text.QuadDec_R_GetEvents
                0x000038e4       0x1c .\CortexM3\ARM_GCC_541\Debug\DeliveryRobot.a(QuadDec_R.o)
                0x000038e4                QuadDec_R_GetEvents
 .text.QuadDec_R_SetInterruptMask
                0x00003900       0x28 .\CortexM3\ARM_GCC_541\Debug\DeliveryRobot.a(QuadDec_R.o)
                0x00003900                QuadDec_R_SetInterruptMask
 .text.QuadDec_R_ISR
                0x00003928       0x60 .\CortexM3\ARM_GCC_541\Debug\DeliveryRobot.a(QuadDec_R_INT.o)
                0x00003928                QuadDec_R_ISR
 .text.PWM_Motor_R_Start
                0x00003988       0x24 .\CortexM3\ARM_GCC_541\Debug\DeliveryRobot.a(PWM_Motor_R.o)
                0x00003988                PWM_Motor_R_Start
 .text.PWM_Motor_R_Init
                0x000039ac       0x98 .\CortexM3\ARM_GCC_541\Debug\DeliveryRobot.a(PWM_Motor_R.o)
                0x000039ac                PWM_Motor_R_Init
 .text.PWM_Motor_R_Enable
                0x00003a44       0x20 .\CortexM3\ARM_GCC_541\Debug\DeliveryRobot.a(PWM_Motor_R.o)
                0x00003a44                PWM_Motor_R_Enable
 .text.PWM_Motor_R_WriteCounter
                0x00003a64       0x20 .\CortexM3\ARM_GCC_541\Debug\DeliveryRobot.a(PWM_Motor_R.o)
                0x00003a64                PWM_Motor_R_WriteCounter
 .text.PWM_Motor_R_ClearFIFO
                0x00003a84       0x1c .\CortexM3\ARM_GCC_541\Debug\DeliveryRobot.a(PWM_Motor_R.o)
                0x00003a84                PWM_Motor_R_ClearFIFO
 .text.PWM_Motor_R_WritePeriod
                0x00003aa0       0x20 .\CortexM3\ARM_GCC_541\Debug\DeliveryRobot.a(PWM_Motor_R.o)
                0x00003aa0                PWM_Motor_R_WritePeriod
 .text.PWM_Motor_R_WriteCompare1
                0x00003ac0       0x20 .\CortexM3\ARM_GCC_541\Debug\DeliveryRobot.a(PWM_Motor_R.o)
                0x00003ac0                PWM_Motor_R_WriteCompare1
 .text.PWM_Motor_R_WriteCompare2
                0x00003ae0       0x20 .\CortexM3\ARM_GCC_541\Debug\DeliveryRobot.a(PWM_Motor_R.o)
                0x00003ae0                PWM_Motor_R_WriteCompare2
 .text.PWM_Motor_R_SetInterruptMode
                0x00003b00       0x20 .\CortexM3\ARM_GCC_541\Debug\DeliveryRobot.a(PWM_Motor_R.o)
                0x00003b00                PWM_Motor_R_SetInterruptMode
 .text.PWM_Motor_R_ReadStatusRegister
                0x00003b20       0x18 .\CortexM3\ARM_GCC_541\Debug\DeliveryRobot.a(PWM_Motor_R.o)
                0x00003b20                PWM_Motor_R_ReadStatusRegister
 .text.PWM_Motor_R_ReadCapture
                0x00003b38       0x18 .\CortexM3\ARM_GCC_541\Debug\DeliveryRobot.a(PWM_Motor_R.o)
                0x00003b38                PWM_Motor_R_ReadCapture
 .text.QuadDec_R_Cnt16_Init
                0x00003b50       0x80 .\CortexM3\ARM_GCC_541\Debug\DeliveryRobot.a(QuadDec_R_Cnt16.o)
                0x00003b50                QuadDec_R_Cnt16_Init
 .text.QuadDec_R_Cnt16_Enable
                0x00003bd0       0x20 .\CortexM3\ARM_GCC_541\Debug\DeliveryRobot.a(QuadDec_R_Cnt16.o)
                0x00003bd0                QuadDec_R_Cnt16_Enable
 .text.QuadDec_R_Cnt16_Start
                0x00003bf0       0x24 .\CortexM3\ARM_GCC_541\Debug\DeliveryRobot.a(QuadDec_R_Cnt16.o)
                0x00003bf0                QuadDec_R_Cnt16_Start
 .text.QuadDec_R_Cnt16_SetInterruptMode
                0x00003c14       0x20 .\CortexM3\ARM_GCC_541\Debug\DeliveryRobot.a(QuadDec_R_Cnt16.o)
                0x00003c14                QuadDec_R_Cnt16_SetInterruptMode
 .text.QuadDec_R_Cnt16_ReadStatusRegister
                0x00003c34       0x18 .\CortexM3\ARM_GCC_541\Debug\DeliveryRobot.a(QuadDec_R_Cnt16.o)
                0x00003c34                QuadDec_R_Cnt16_ReadStatusRegister
 .text.QuadDec_R_Cnt16_WriteCounter
                0x00003c4c       0x20 .\CortexM3\ARM_GCC_541\Debug\DeliveryRobot.a(QuadDec_R_Cnt16.o)
                0x00003c4c                QuadDec_R_Cnt16_WriteCounter
 .text.QuadDec_R_Cnt16_ReadCounter
                0x00003c6c       0x20 .\CortexM3\ARM_GCC_541\Debug\DeliveryRobot.a(QuadDec_R_Cnt16.o)
                0x00003c6c                QuadDec_R_Cnt16_ReadCounter
 .text.QuadDec_R_Cnt16_ReadCapture
                0x00003c8c       0x18 .\CortexM3\ARM_GCC_541\Debug\DeliveryRobot.a(QuadDec_R_Cnt16.o)
                0x00003c8c                QuadDec_R_Cnt16_ReadCapture
 .text.QuadDec_R_Cnt16_WritePeriod
                0x00003ca4       0x20 .\CortexM3\ARM_GCC_541\Debug\DeliveryRobot.a(QuadDec_R_Cnt16.o)
                0x00003ca4                QuadDec_R_Cnt16_WritePeriod
 .text.QuadDec_R_Cnt16_WriteCompare
                0x00003cc4       0x20 .\CortexM3\ARM_GCC_541\Debug\DeliveryRobot.a(QuadDec_R_Cnt16.o)
                0x00003cc4                QuadDec_R_Cnt16_WriteCompare
 .text.QuadDec_R_Cnt16_ClearFIFO
                0x00003ce4       0x1c .\CortexM3\ARM_GCC_541\Debug\DeliveryRobot.a(QuadDec_R_Cnt16.o)
                0x00003ce4                QuadDec_R_Cnt16_ClearFIFO
 .text.Pose_Update_Int_StartEx
                0x00003d00       0x24 .\CortexM3\ARM_GCC_541\Debug\DeliveryRobot.a(Pose_Update_Int.o)
                0x00003d00                Pose_Update_Int_StartEx
 .text.Pose_Update_Int_SetVector
                0x00003d24       0x24 .\CortexM3\ARM_GCC_541\Debug\DeliveryRobot.a(Pose_Update_Int.o)
                0x00003d24                Pose_Update_Int_SetVector
 .text.Pose_Update_Int_SetPriority
                0x00003d48       0x24 .\CortexM3\ARM_GCC_541\Debug\DeliveryRobot.a(Pose_Update_Int.o)
                0x00003d48                Pose_Update_Int_SetPriority
 .text.Pose_Update_Int_Enable
                0x00003d6c       0x18 .\CortexM3\ARM_GCC_541\Debug\DeliveryRobot.a(Pose_Update_Int.o)
                0x00003d6c                Pose_Update_Int_Enable
 .text.Pose_Update_Int_Disable
                0x00003d84       0x18 .\CortexM3\ARM_GCC_541\Debug\DeliveryRobot.a(Pose_Update_Int.o)
                0x00003d84                Pose_Update_Int_Disable
 .text.Timer_Avoidance_Init
                0x00003d9c       0x4c .\CortexM3\ARM_GCC_541\Debug\DeliveryRobot.a(Timer_Avoidance.o)
                0x00003d9c                Timer_Avoidance_Init
 .text.Timer_Avoidance_Enable
                0x00003de8       0x20 .\CortexM3\ARM_GCC_541\Debug\DeliveryRobot.a(Timer_Avoidance.o)
                0x00003de8                Timer_Avoidance_Enable
 .text.Timer_Avoidance_Start
                0x00003e08       0x24 .\CortexM3\ARM_GCC_541\Debug\DeliveryRobot.a(Timer_Avoidance.o)
                0x00003e08                Timer_Avoidance_Start
 .text.Timer_Avoidance_SetInterruptMode
                0x00003e2c       0x20 .\CortexM3\ARM_GCC_541\Debug\DeliveryRobot.a(Timer_Avoidance.o)
                0x00003e2c                Timer_Avoidance_SetInterruptMode
 .text.Timer_Avoidance_ReadStatusRegister
                0x00003e4c       0x18 .\CortexM3\ARM_GCC_541\Debug\DeliveryRobot.a(Timer_Avoidance.o)
                0x00003e4c                Timer_Avoidance_ReadStatusRegister
 .text.Timer_Avoidance_WritePeriod
                0x00003e64       0x20 .\CortexM3\ARM_GCC_541\Debug\DeliveryRobot.a(Timer_Avoidance.o)
                0x00003e64                Timer_Avoidance_WritePeriod
 .text.Timer_Avoidance_ReadCapture
                0x00003e84       0x18 .\CortexM3\ARM_GCC_541\Debug\DeliveryRobot.a(Timer_Avoidance.o)
                0x00003e84                Timer_Avoidance_ReadCapture
 .text.Timer_Avoidance_WriteCounter
                0x00003e9c       0x20 .\CortexM3\ARM_GCC_541\Debug\DeliveryRobot.a(Timer_Avoidance.o)
                0x00003e9c                Timer_Avoidance_WriteCounter
 .text.Timer_Avoidance_ClearFIFO
                0x00003ebc       0x1c .\CortexM3\ARM_GCC_541\Debug\DeliveryRobot.a(Timer_Avoidance.o)
                0x00003ebc                Timer_Avoidance_ClearFIFO
 .text          0x00003ed8       0x20 .\CortexM3\ARM_GCC_541\Debug\DeliveryRobot.a(CyBootAsmGnu.o)
                0x00003ed8                CyDelayCycles
                0x00003ee8                CyEnterCriticalSection
                0x00003ef0                CyExitCriticalSection
 .text.logl     0x00003ef8        0x4 c:/program files (x86)/cypress/psoc creator/4.4/psoc creator/import/gnu/arm/5.4.1/bin/../lib/gcc/arm-none-eabi/5.4.1/../../../../arm-none-eabi/lib/armv7-m\libm.a(lib_a-logl.o)
                0x00003ef8                logl
 .text.cos      0x00003efc       0x90 c:/program files (x86)/cypress/psoc creator/4.4/psoc creator/import/gnu/arm/5.4.1/bin/../lib/gcc/arm-none-eabi/5.4.1/../../../../arm-none-eabi/lib/armv7-m\libm.a(lib_a-s_cos.o)
                0x00003efc                cos
 *fill*         0x00003f8c        0x4 
 .text.floor    0x00003f90      0x110 c:/program files (x86)/cypress/psoc creator/4.4/psoc creator/import/gnu/arm/5.4.1/bin/../lib/gcc/arm-none-eabi/5.4.1/../../../../arm-none-eabi/lib/armv7-m\libm.a(lib_a-s_floor.o)
                0x00003f90                floor
 .text.sin      0x000040a0       0x90 c:/program files (x86)/cypress/psoc creator/4.4/psoc creator/import/gnu/arm/5.4.1/bin/../lib/gcc/arm-none-eabi/5.4.1/../../../../arm-none-eabi/lib/armv7-m\libm.a(lib_a-s_sin.o)
                0x000040a0                sin
 .text.atan2    0x00004130        0x4 c:/program files (x86)/cypress/psoc creator/4.4/psoc creator/import/gnu/arm/5.4.1/bin/../lib/gcc/arm-none-eabi/5.4.1/../../../../arm-none-eabi/lib/armv7-m\libm.a(lib_a-w_atan2.o)
                0x00004130                atan2
 .text.log      0x00004134      0x100 c:/program files (x86)/cypress/psoc creator/4.4/psoc creator/import/gnu/arm/5.4.1/bin/../lib/gcc/arm-none-eabi/5.4.1/../../../../arm-none-eabi/lib/armv7-m\libm.a(lib_a-w_log.o)
                0x00004134                log
 .text.pow      0x00004234      0x330 c:/program files (x86)/cypress/psoc creator/4.4/psoc creator/import/gnu/arm/5.4.1/bin/../lib/gcc/arm-none-eabi/5.4.1/../../../../arm-none-eabi/lib/armv7-m\libm.a(lib_a-w_pow.o)
                0x00004234                pow
 .text.sqrt     0x00004564       0xb8 c:/program files (x86)/cypress/psoc creator/4.4/psoc creator/import/gnu/arm/5.4.1/bin/../lib/gcc/arm-none-eabi/5.4.1/../../../../arm-none-eabi/lib/armv7-m\libm.a(lib_a-w_sqrt.o)
                0x00004564                sqrt
 *fill*         0x0000461c        0x4 
 .text.__ieee754_atan2
                0x00004620      0x194 c:/program files (x86)/cypress/psoc creator/4.4/psoc creator/import/gnu/arm/5.4.1/bin/../lib/gcc/arm-none-eabi/5.4.1/../../../../arm-none-eabi/lib/armv7-m\libm.a(lib_a-e_atan2.o)
                0x00004620                __ieee754_atan2
 *fill*         0x000047b4        0x4 
 .text.__ieee754_log
                0x000047b8      0x3e8 c:/program files (x86)/cypress/psoc creator/4.4/psoc creator/import/gnu/arm/5.4.1/bin/../lib/gcc/arm-none-eabi/5.4.1/../../../../arm-none-eabi/lib/armv7-m\libm.a(lib_a-e_log.o)
                0x000047b8                __ieee754_log
 .text.__ieee754_pow
                0x00004ba0      0xac4 c:/program files (x86)/cypress/psoc creator/4.4/psoc creator/import/gnu/arm/5.4.1/bin/../lib/gcc/arm-none-eabi/5.4.1/../../../../arm-none-eabi/lib/armv7-m\libm.a(lib_a-e_pow.o)
                0x00004ba0                __ieee754_pow
 *fill*         0x00005664        0x4 
 .text.__ieee754_rem_pio2
                0x00005668      0x42c c:/program files (x86)/cypress/psoc creator/4.4/psoc creator/import/gnu/arm/5.4.1/bin/../lib/gcc/arm-none-eabi/5.4.1/../../../../arm-none-eabi/lib/armv7-m\libm.a(lib_a-e_rem_pio2.o)
                0x00005668                __ieee754_rem_pio2
 .text.__ieee754_sqrt
                0x00005a94      0x188 c:/program files (x86)/cypress/psoc creator/4.4/psoc creator/import/gnu/arm/5.4.1/bin/../lib/gcc/arm-none-eabi/5.4.1/../../../../arm-none-eabi/lib/armv7-m\libm.a(lib_a-e_sqrt.o)
                0x00005a94                __ieee754_sqrt
 *fill*         0x00005c1c        0x4 
 .text.__kernel_cos
                0x00005c20      0x248 c:/program files (x86)/cypress/psoc creator/4.4/psoc creator/import/gnu/arm/5.4.1/bin/../lib/gcc/arm-none-eabi/5.4.1/../../../../arm-none-eabi/lib/armv7-m\libm.a(lib_a-k_cos.o)
                0x00005c20                __kernel_cos
 .text.__kernel_rem_pio2
                0x00005e68      0x7f0 c:/program files (x86)/cypress/psoc creator/4.4/psoc creator/import/gnu/arm/5.4.1/bin/../lib/gcc/arm-none-eabi/5.4.1/../../../../arm-none-eabi/lib/armv7-m\libm.a(lib_a-k_rem_pio2.o)
                0x00005e68                __kernel_rem_pio2
 .text.__kernel_sin
                0x00006658      0x16c c:/program files (x86)/cypress/psoc creator/4.4/psoc creator/import/gnu/arm/5.4.1/bin/../lib/gcc/arm-none-eabi/5.4.1/../../../../arm-none-eabi/lib/armv7-m\libm.a(lib_a-k_sin.o)
                0x00006658                __kernel_sin
 *fill*         0x000067c4        0x4 
 .text.atan     0x000067c8      0x33c c:/program files (x86)/cypress/psoc creator/4.4/psoc creator/import/gnu/arm/5.4.1/bin/../lib/gcc/arm-none-eabi/5.4.1/../../../../arm-none-eabi/lib/armv7-m\libm.a(lib_a-s_atan.o)
                0x000067c8                atan
 .text.fabs     0x00006b04        0x8 c:/program files (x86)/cypress/psoc creator/4.4/psoc creator/import/gnu/arm/5.4.1/bin/../lib/gcc/arm-none-eabi/5.4.1/../../../../arm-none-eabi/lib/armv7-m\libm.a(lib_a-s_fabs.o)
                0x00006b04                fabs
 .text.finite   0x00006b0c        0xc c:/program files (x86)/cypress/psoc creator/4.4/psoc creator/import/gnu/arm/5.4.1/bin/../lib/gcc/arm-none-eabi/5.4.1/../../../../arm-none-eabi/lib/armv7-m\libm.a(lib_a-s_finite.o)
                0x00006b0c                finite
 .text.matherr  0x00006b18        0x4 c:/program files (x86)/cypress/psoc creator/4.4/psoc creator/import/gnu/arm/5.4.1/bin/../lib/gcc/arm-none-eabi/5.4.1/../../../../arm-none-eabi/lib/armv7-m\libm.a(lib_a-s_matherr.o)
                0x00006b18                matherr
 .text.nan      0x00006b1c        0xc c:/program files (x86)/cypress/psoc creator/4.4/psoc creator/import/gnu/arm/5.4.1/bin/../lib/gcc/arm-none-eabi/5.4.1/../../../../arm-none-eabi/lib/armv7-m\libm.a(lib_a-s_nan.o)
                0x00006b1c                nan
 .text.rint     0x00006b28      0x120 c:/program files (x86)/cypress/psoc creator/4.4/psoc creator/import/gnu/arm/5.4.1/bin/../lib/gcc/arm-none-eabi/5.4.1/../../../../arm-none-eabi/lib/armv7-m\libm.a(lib_a-s_rint.o)
                0x00006b28                rint
 .text.scalbn   0x00006c48       0xe4 c:/program files (x86)/cypress/psoc creator/4.4/psoc creator/import/gnu/arm/5.4.1/bin/../lib/gcc/arm-none-eabi/5.4.1/../../../../arm-none-eabi/lib/armv7-m\libm.a(lib_a-s_scalbn.o)
                0x00006c48                scalbn
 .text.copysign
                0x00006d2c       0x10 c:/program files (x86)/cypress/psoc creator/4.4/psoc creator/import/gnu/arm/5.4.1/bin/../lib/gcc/arm-none-eabi/5.4.1/../../../../arm-none-eabi/lib/armv7-m\libm.a(lib_a-s_copysign.o)
                0x00006d2c                copysign
 .text          0x00006d3c      0x370 c:/program files (x86)/cypress/psoc creator/4.4/psoc creator/import/gnu/arm/5.4.1/bin/../lib/gcc/arm-none-eabi/5.4.1/armv7-m\libgcc.a(_arm_addsubdf3.o)
                0x00006d3c                __aeabi_drsub
                0x00006d44                __aeabi_dsub
                0x00006d44                __subdf3
                0x00006d48                __aeabi_dadd
                0x00006d48                __adddf3
                0x00006fc0                __floatunsidf
                0x00006fc0                __aeabi_ui2d
                0x00006fe0                __floatsidf
                0x00006fe0                __aeabi_i2d
                0x00007004                __aeabi_f2d
                0x00007004                __extendsfdf2
                0x00007040                __floatundidf
                0x00007040                __aeabi_ul2d
                0x00007050                __floatdidf
                0x00007050                __aeabi_l2d
 .text          0x000070ac      0x424 c:/program files (x86)/cypress/psoc creator/4.4/psoc creator/import/gnu/arm/5.4.1/bin/../lib/gcc/arm-none-eabi/5.4.1/armv7-m\libgcc.a(_arm_muldivdf3.o)
                0x000070ac                __aeabi_dmul
                0x000070ac                __muldf3
                0x00007300                __divdf3
                0x00007300                __aeabi_ddiv
 .text          0x000074d0      0x110 c:/program files (x86)/cypress/psoc creator/4.4/psoc creator/import/gnu/arm/5.4.1/bin/../lib/gcc/arm-none-eabi/5.4.1/armv7-m\libgcc.a(_arm_cmpdf2.o)
                0x000074d0                __gtdf2
                0x000074d0                __gedf2
                0x000074d8                __ltdf2
                0x000074d8                __ledf2
                0x000074e0                __nedf2
                0x000074e0                __eqdf2
                0x000074e0                __cmpdf2
                0x0000755c                __aeabi_cdrcmple
                0x0000756c                __aeabi_cdcmpeq
                0x0000756c                __aeabi_cdcmple
                0x0000757c                __aeabi_dcmpeq
                0x00007590                __aeabi_dcmplt
                0x000075a4                __aeabi_dcmple
                0x000075b8                __aeabi_dcmpge
                0x000075cc                __aeabi_dcmpgt
 .text          0x000075e0       0x2c c:/program files (x86)/cypress/psoc creator/4.4/psoc creator/import/gnu/arm/5.4.1/bin/../lib/gcc/arm-none-eabi/5.4.1/armv7-m\libgcc.a(_arm_unorddf2.o)
                0x000075e0                __unorddf2
                0x000075e0                __aeabi_dcmpun
 .text          0x0000760c       0x50 c:/program files (x86)/cypress/psoc creator/4.4/psoc creator/import/gnu/arm/5.4.1/bin/../lib/gcc/arm-none-eabi/5.4.1/armv7-m\libgcc.a(_arm_fixdfsi.o)
                0x0000760c                __aeabi_d2iz
                0x0000760c                __fixdfsi
 .text          0x0000765c       0x40 c:/program files (x86)/cypress/psoc creator/4.4/psoc creator/import/gnu/arm/5.4.1/bin/../lib/gcc/arm-none-eabi/5.4.1/armv7-m\libgcc.a(_arm_fixunsdfsi.o)
                0x0000765c                __aeabi_d2uiz
                0x0000765c                __fixunsdfsi
 .text.__errno  0x0000769c        0xc c:/program files (x86)/cypress/psoc creator/4.4/psoc creator/import/gnu/arm/5.4.1/bin/../lib/gcc/arm-none-eabi/5.4.1/../../../../arm-none-eabi/lib/armv7-m\libg_nano.a(lib_a-errno.o)
                0x0000769c                __errno
 .text.__libc_init_array
                0x000076a8       0x4c c:/program files (x86)/cypress/psoc creator/4.4/psoc creator/import/gnu/arm/5.4.1/bin/../lib/gcc/arm-none-eabi/5.4.1/../../../../arm-none-eabi/lib/armv7-m\libg_nano.a(lib_a-init.o)
                0x000076a8                __libc_init_array
 .text.malloc   0x000076f4       0x10 c:/program files (x86)/cypress/psoc creator/4.4/psoc creator/import/gnu/arm/5.4.1/bin/../lib/gcc/arm-none-eabi/5.4.1/../../../../arm-none-eabi/lib/armv7-m\libg_nano.a(lib_a-malloc.o)
                0x000076f4                malloc
 .text.free     0x00007704       0x10 c:/program files (x86)/cypress/psoc creator/4.4/psoc creator/import/gnu/arm/5.4.1/bin/../lib/gcc/arm-none-eabi/5.4.1/../../../../arm-none-eabi/lib/armv7-m\libg_nano.a(lib_a-malloc.o)
                0x00007704                free
 .text.memcpy   0x00007714       0x16 c:/program files (x86)/cypress/psoc creator/4.4/psoc creator/import/gnu/arm/5.4.1/bin/../lib/gcc/arm-none-eabi/5.4.1/../../../../arm-none-eabi/lib/armv7-m\libg_nano.a(lib_a-memcpy-stub.o)
                0x00007714                memcpy
 .text.memset   0x0000772a       0x10 c:/program files (x86)/cypress/psoc creator/4.4/psoc creator/import/gnu/arm/5.4.1/bin/../lib/gcc/arm-none-eabi/5.4.1/../../../../arm-none-eabi/lib/armv7-m\libg_nano.a(lib_a-memset.o)
                0x0000772a                memset
 *fill*         0x0000773a        0x2 
 .text._free_r  0x0000773c       0x98 c:/program files (x86)/cypress/psoc creator/4.4/psoc creator/import/gnu/arm/5.4.1/bin/../lib/gcc/arm-none-eabi/5.4.1/../../../../arm-none-eabi/lib/armv7-m\libg_nano.a(lib_a-nano-freer.o)
                0x0000773c                _free_r
 .text._malloc_r
                0x000077d4       0xbc c:/program files (x86)/cypress/psoc creator/4.4/psoc creator/import/gnu/arm/5.4.1/bin/../lib/gcc/arm-none-eabi/5.4.1/../../../../arm-none-eabi/lib/armv7-m\libg_nano.a(lib_a-nano-mallocr.o)
                0x000077d4                _malloc_r
 .text.__cvt    0x00007890       0xc0 c:/program files (x86)/cypress/psoc creator/4.4/psoc creator/import/gnu/arm/5.4.1/bin/../lib/gcc/arm-none-eabi/5.4.1/../../../../arm-none-eabi/lib/armv7-m\libg_nano.a(lib_a-nano-vfprintf_float.o)
                0x00007890                __cvt
 .text.__exponent
                0x00007950       0x62 c:/program files (x86)/cypress/psoc creator/4.4/psoc creator/import/gnu/arm/5.4.1/bin/../lib/gcc/arm-none-eabi/5.4.1/../../../../arm-none-eabi/lib/armv7-m\libg_nano.a(lib_a-nano-vfprintf_float.o)
                0x00007950                __exponent
 *fill*         0x000079b2        0x2 
 .text._printf_float
                0x000079b4      0x488 c:/program files (x86)/cypress/psoc creator/4.4/psoc creator/import/gnu/arm/5.4.1/bin/../lib/gcc/arm-none-eabi/5.4.1/../../../../arm-none-eabi/lib/armv7-m\libg_nano.a(lib_a-nano-vfprintf_float.o)
                0x000079b4                _printf_float
 .text._printf_common
                0x00007e3c       0xec c:/program files (x86)/cypress/psoc creator/4.4/psoc creator/import/gnu/arm/5.4.1/bin/../lib/gcc/arm-none-eabi/5.4.1/../../../../arm-none-eabi/lib/armv7-m\libg_nano.a(lib_a-nano-vfprintf_i.o)
                0x00007e3c                _printf_common
 .text._printf_i
                0x00007f28      0x24c c:/program files (x86)/cypress/psoc creator/4.4/psoc creator/import/gnu/arm/5.4.1/bin/../lib/gcc/arm-none-eabi/5.4.1/../../../../arm-none-eabi/lib/armv7-m\libg_nano.a(lib_a-nano-vfprintf_i.o)
                0x00007f28                _printf_i
 .text.rand     0x00008174       0x74 c:/program files (x86)/cypress/psoc creator/4.4/psoc creator/import/gnu/arm/5.4.1/bin/../lib/gcc/arm-none-eabi/5.4.1/../../../../arm-none-eabi/lib/armv7-m\libg_nano.a(lib_a-rand.o)
                0x00008174                rand
 .text._sbrk_r  0x000081e8       0x20 c:/program files (x86)/cypress/psoc creator/4.4/psoc creator/import/gnu/arm/5.4.1/bin/../lib/gcc/arm-none-eabi/5.4.1/../../../../arm-none-eabi/lib/armv7-m\libg_nano.a(lib_a-sbrkr.o)
                0x000081e8                _sbrk_r
 .text.sprintf  0x00008208       0x48 c:/program files (x86)/cypress/psoc creator/4.4/psoc creator/import/gnu/arm/5.4.1/bin/../lib/gcc/arm-none-eabi/5.4.1/../../../../arm-none-eabi/lib/armv7-m\libg_nano.a(lib_a-sprintf.o)
                0x00008208                siprintf
                0x00008208                sprintf
 .text          0x00008250       0x10 c:/program files (x86)/cypress/psoc creator/4.4/psoc creator/import/gnu/arm/5.4.1/bin/../lib/gcc/arm-none-eabi/5.4.1/../../../../arm-none-eabi/lib/armv7-m\libg_nano.a(lib_a-strlen.o)
                0x00008250                strlen
 .text.quorem   0x00008260      0x116 c:/program files (x86)/cypress/psoc creator/4.4/psoc creator/import/gnu/arm/5.4.1/bin/../lib/gcc/arm-none-eabi/5.4.1/../../../../arm-none-eabi/lib/armv7-m\libg_nano.a(lib_a-dtoa.o)
 *fill*         0x00008376        0x2 
 .text._dtoa_r  0x00008378      0xb30 c:/program files (x86)/cypress/psoc creator/4.4/psoc creator/import/gnu/arm/5.4.1/bin/../lib/gcc/arm-none-eabi/5.4.1/../../../../arm-none-eabi/lib/armv7-m\libg_nano.a(lib_a-dtoa.o)
                0x00008378                _dtoa_r
 .text._localeconv_r
                0x00008ea8        0x8 c:/program files (x86)/cypress/psoc creator/4.4/psoc creator/import/gnu/arm/5.4.1/bin/../lib/gcc/arm-none-eabi/5.4.1/../../../../arm-none-eabi/lib/armv7-m\libg_nano.a(lib_a-locale.o)
                0x00008ea8                _localeconv_r
 .text.memchr   0x00008eb0       0x1c c:/program files (x86)/cypress/psoc creator/4.4/psoc creator/import/gnu/arm/5.4.1/bin/../lib/gcc/arm-none-eabi/5.4.1/../../../../arm-none-eabi/lib/armv7-m\libg_nano.a(lib_a-memchr-stub.o)
                0x00008eb0                memchr
 .text.__malloc_lock
                0x00008ecc        0x2 c:/program files (x86)/cypress/psoc creator/4.4/psoc creator/import/gnu/arm/5.4.1/bin/../lib/gcc/arm-none-eabi/5.4.1/../../../../arm-none-eabi/lib/armv7-m\libg_nano.a(lib_a-mlock.o)
                0x00008ecc                __malloc_lock
 .text.__malloc_unlock
                0x00008ece        0x2 c:/program files (x86)/cypress/psoc creator/4.4/psoc creator/import/gnu/arm/5.4.1/bin/../lib/gcc/arm-none-eabi/5.4.1/../../../../arm-none-eabi/lib/armv7-m\libg_nano.a(lib_a-mlock.o)
                0x00008ece                __malloc_unlock
 .text._Balloc  0x00008ed0       0x6a c:/program files (x86)/cypress/psoc creator/4.4/psoc creator/import/gnu/arm/5.4.1/bin/../lib/gcc/arm-none-eabi/5.4.1/../../../../arm-none-eabi/lib/armv7-m\libg_nano.a(lib_a-mprec.o)
                0x00008ed0                _Balloc
 .text._Bfree   0x00008f3a       0x2e c:/program files (x86)/cypress/psoc creator/4.4/psoc creator/import/gnu/arm/5.4.1/bin/../lib/gcc/arm-none-eabi/5.4.1/../../../../arm-none-eabi/lib/armv7-m\libg_nano.a(lib_a-mprec.o)
                0x00008f3a                _Bfree
 .text.__multadd
                0x00008f68       0x76 c:/program files (x86)/cypress/psoc creator/4.4/psoc creator/import/gnu/arm/5.4.1/bin/../lib/gcc/arm-none-eabi/5.4.1/../../../../arm-none-eabi/lib/armv7-m\libg_nano.a(lib_a-mprec.o)
                0x00008f68                __multadd
 .text.__hi0bits
                0x00008fde       0x40 c:/program files (x86)/cypress/psoc creator/4.4/psoc creator/import/gnu/arm/5.4.1/bin/../lib/gcc/arm-none-eabi/5.4.1/../../../../arm-none-eabi/lib/armv7-m\libg_nano.a(lib_a-mprec.o)
                0x00008fde                __hi0bits
 .text.__lo0bits
                0x0000901e       0x5a c:/program files (x86)/cypress/psoc creator/4.4/psoc creator/import/gnu/arm/5.4.1/bin/../lib/gcc/arm-none-eabi/5.4.1/../../../../arm-none-eabi/lib/armv7-m\libg_nano.a(lib_a-mprec.o)
                0x0000901e                __lo0bits
 .text.__i2b    0x00009078       0x12 c:/program files (x86)/cypress/psoc creator/4.4/psoc creator/import/gnu/arm/5.4.1/bin/../lib/gcc/arm-none-eabi/5.4.1/../../../../arm-none-eabi/lib/armv7-m\libg_nano.a(lib_a-mprec.o)
                0x00009078                __i2b
 .text.__multiply
                0x0000908a      0x120 c:/program files (x86)/cypress/psoc creator/4.4/psoc creator/import/gnu/arm/5.4.1/bin/../lib/gcc/arm-none-eabi/5.4.1/../../../../arm-none-eabi/lib/armv7-m\libg_nano.a(lib_a-mprec.o)
                0x0000908a                __multiply
 *fill*         0x000091aa        0x2 
 .text.__pow5mult
                0x000091ac       0x9c c:/program files (x86)/cypress/psoc creator/4.4/psoc creator/import/gnu/arm/5.4.1/bin/../lib/gcc/arm-none-eabi/5.4.1/../../../../arm-none-eabi/lib/armv7-m\libg_nano.a(lib_a-mprec.o)
                0x000091ac                __pow5mult
 .text.__lshift
                0x00009248       0xa2 c:/program files (x86)/cypress/psoc creator/4.4/psoc creator/import/gnu/arm/5.4.1/bin/../lib/gcc/arm-none-eabi/5.4.1/../../../../arm-none-eabi/lib/armv7-m\libg_nano.a(lib_a-mprec.o)
                0x00009248                __lshift
 .text.__mcmp   0x000092ea       0x38 c:/program files (x86)/cypress/psoc creator/4.4/psoc creator/import/gnu/arm/5.4.1/bin/../lib/gcc/arm-none-eabi/5.4.1/../../../../arm-none-eabi/lib/armv7-m\libg_nano.a(lib_a-mprec.o)
                0x000092ea                __mcmp
 .text.__mdiff  0x00009322       0xbe c:/program files (x86)/cypress/psoc creator/4.4/psoc creator/import/gnu/arm/5.4.1/bin/../lib/gcc/arm-none-eabi/5.4.1/../../../../arm-none-eabi/lib/armv7-m\libg_nano.a(lib_a-mprec.o)
                0x00009322                __mdiff
 .text.__d2b    0x000093e0       0x9c c:/program files (x86)/cypress/psoc creator/4.4/psoc creator/import/gnu/arm/5.4.1/bin/../lib/gcc/arm-none-eabi/5.4.1/../../../../arm-none-eabi/lib/armv7-m\libg_nano.a(lib_a-mprec.o)
                0x000093e0                __d2b
 .text._calloc_r
                0x0000947c       0x1c c:/program files (x86)/cypress/psoc creator/4.4/psoc creator/import/gnu/arm/5.4.1/bin/../lib/gcc/arm-none-eabi/5.4.1/../../../../arm-none-eabi/lib/armv7-m\libg_nano.a(lib_a-nano-callocr.o)
                0x0000947c                _calloc_r
 .text.__ssputs_r
                0x00009498       0xb2 c:/program files (x86)/cypress/psoc creator/4.4/psoc creator/import/gnu/arm/5.4.1/bin/../lib/gcc/arm-none-eabi/5.4.1/../../../../arm-none-eabi/lib/armv7-m\libg_nano.a(lib_a-nano-svfprintf.o)
                0x00009498                __ssputs_r
 *fill*         0x0000954a        0x2 
 .text._svfprintf_r
                0x0000954c      0x1e8 c:/program files (x86)/cypress/psoc creator/4.4/psoc creator/import/gnu/arm/5.4.1/bin/../lib/gcc/arm-none-eabi/5.4.1/../../../../arm-none-eabi/lib/armv7-m\libg_nano.a(lib_a-nano-svfprintf.o)
                0x0000954c                _svfiprintf_r
                0x0000954c                _svfprintf_r
 .text.memmove  0x00009734       0x36 c:/program files (x86)/cypress/psoc creator/4.4/psoc creator/import/gnu/arm/5.4.1/bin/../lib/gcc/arm-none-eabi/5.4.1/../../../../arm-none-eabi/lib/armv7-m\libg_nano.a(lib_a-memmove.o)
                0x00009734                memmove
 .text._realloc_r
                0x0000976a       0x4c c:/program files (x86)/cypress/psoc creator/4.4/psoc creator/import/gnu/arm/5.4.1/bin/../lib/gcc/arm-none-eabi/5.4.1/../../../../arm-none-eabi/lib/armv7-m\libg_nano.a(lib_a-nano-reallocr.o)
                0x0000976a                _realloc_r
 .text._malloc_usable_size_r
                0x000097b6       0x14 c:/program files (x86)/cypress/psoc creator/4.4/psoc creator/import/gnu/arm/5.4.1/bin/../lib/gcc/arm-none-eabi/5.4.1/../../../../arm-none-eabi/lib/armv7-m\libg_nano.a(lib_a-nano-msizer.o)
                0x000097b6                _malloc_usable_size_r
 *(.plt)
 *(.gnu.warning)
 *(.glue_7t)
 .glue_7t       0x000097ca        0x0 linker stubs
 *(.glue_7)
 .glue_7        0x000097ca        0x0 linker stubs
 *(.vfp11_veneer)
 .vfp11_veneer  0x000097ca        0x0 linker stubs
 *(.bootloader)
 *(.ARM.extab* .gnu.linkonce.armextab.*)
 *(.gcc_except_table)

.v4_bx          0x000097cc        0x0
 .v4_bx         0x000097cc        0x0 linker stubs

.iplt           0x000097cc        0x0
 .iplt          0x000097cc        0x0 c:/program files (x86)/cypress/psoc creator/4.4/psoc creator/import/gnu/arm/5.4.1/bin/../lib/gcc/arm-none-eabi/5.4.1/armv7-m/crtbegin.o

.eh_frame_hdr
 *(.eh_frame_hdr)

.eh_frame       0x000097cc        0x4
 *(.eh_frame)
 .eh_frame      0x000097cc        0x0 c:/program files (x86)/cypress/psoc creator/4.4/psoc creator/import/gnu/arm/5.4.1/bin/../lib/gcc/arm-none-eabi/5.4.1/armv7-m/crtbegin.o
 .eh_frame      0x000097cc        0x4 c:/program files (x86)/cypress/psoc creator/4.4/psoc creator/import/gnu/arm/5.4.1/bin/../lib/gcc/arm-none-eabi/5.4.1/armv7-m/crtend.o
                [!provide]                PROVIDE (__exidx_start, .)

.ARM.exidx
 *(.ARM.exidx* .gnu.linkonce.armexidx.*)
                0x000097d0                __exidx_end = .

.rodata         0x000097d0      0x498
 *(.rodata .rodata.* .gnu.linkonce.r.*)
 .rodata        0x000097d0       0x98 .\CortexM3\ARM_GCC_541\Debug\main.o
                0x000097d0                PULSES_PER_REV
                0x000097d8                POSE_UPDATE_PERIOD
 .rodata        0x00009868       0x2e .\CortexM3\ARM_GCC_541\Debug\cyfitter_cfg.o
 *fill*         0x00009896        0x2 
 .rodata.str1.4
                0x00009898        0x4 c:/program files (x86)/cypress/psoc creator/4.4/psoc creator/import/gnu/arm/5.4.1/bin/../lib/gcc/arm-none-eabi/5.4.1/../../../../arm-none-eabi/lib/armv7-m\libm.a(lib_a-w_log.o)
                                  0x5 (size before relaxing)
 .rodata.str1.4
                0x0000989c        0x4 c:/program files (x86)/cypress/psoc creator/4.4/psoc creator/import/gnu/arm/5.4.1/bin/../lib/gcc/arm-none-eabi/5.4.1/../../../../arm-none-eabi/lib/armv7-m\libm.a(lib_a-w_pow.o)
 .rodata.str1.4
                0x000098a0        0x8 c:/program files (x86)/cypress/psoc creator/4.4/psoc creator/import/gnu/arm/5.4.1/bin/../lib/gcc/arm-none-eabi/5.4.1/../../../../arm-none-eabi/lib/armv7-m\libm.a(lib_a-w_sqrt.o)
                                  0x5 (size before relaxing)
 .rodata.str1.4
                0x000098a8        0x1 c:/program files (x86)/cypress/psoc creator/4.4/psoc creator/import/gnu/arm/5.4.1/bin/../lib/gcc/arm-none-eabi/5.4.1/../../../../arm-none-eabi/lib/armv7-m\libm.a(lib_a-e_pow.o)
 .rodata.npio2_hw
                0x000098a8       0x80 c:/program files (x86)/cypress/psoc creator/4.4/psoc creator/import/gnu/arm/5.4.1/bin/../lib/gcc/arm-none-eabi/5.4.1/../../../../arm-none-eabi/lib/armv7-m\libm.a(lib_a-e_rem_pio2.o)
 .rodata.two_over_pi
                0x00009928      0x108 c:/program files (x86)/cypress/psoc creator/4.4/psoc creator/import/gnu/arm/5.4.1/bin/../lib/gcc/arm-none-eabi/5.4.1/../../../../arm-none-eabi/lib/armv7-m\libm.a(lib_a-e_rem_pio2.o)
 .rodata.init_jk
                0x00009a30       0x10 c:/program files (x86)/cypress/psoc creator/4.4/psoc creator/import/gnu/arm/5.4.1/bin/../lib/gcc/arm-none-eabi/5.4.1/../../../../arm-none-eabi/lib/armv7-m\libm.a(lib_a-k_rem_pio2.o)
 .rodata.PIo2   0x00009a40       0x40 c:/program files (x86)/cypress/psoc creator/4.4/psoc creator/import/gnu/arm/5.4.1/bin/../lib/gcc/arm-none-eabi/5.4.1/../../../../arm-none-eabi/lib/armv7-m\libm.a(lib_a-k_rem_pio2.o)
 .rodata.atanlo
                0x00009a80       0x20 c:/program files (x86)/cypress/psoc creator/4.4/psoc creator/import/gnu/arm/5.4.1/bin/../lib/gcc/arm-none-eabi/5.4.1/../../../../arm-none-eabi/lib/armv7-m\libm.a(lib_a-s_atan.o)
 .rodata.atanhi
                0x00009aa0       0x20 c:/program files (x86)/cypress/psoc creator/4.4/psoc creator/import/gnu/arm/5.4.1/bin/../lib/gcc/arm-none-eabi/5.4.1/../../../../arm-none-eabi/lib/armv7-m\libm.a(lib_a-s_atan.o)
 .rodata.TWO52  0x00009ac0       0x10 c:/program files (x86)/cypress/psoc creator/4.4/psoc creator/import/gnu/arm/5.4.1/bin/../lib/gcc/arm-none-eabi/5.4.1/../../../../arm-none-eabi/lib/armv7-m\libm.a(lib_a-s_rint.o)
 .rodata.str1.1
                0x00009ad0        0x2 c:/program files (x86)/cypress/psoc creator/4.4/psoc creator/import/gnu/arm/5.4.1/bin/../lib/gcc/arm-none-eabi/5.4.1/../../../../arm-none-eabi/lib/armv7-m\libg_nano.a(lib_a-impure.o)
 .rodata.str1.1
                0x00009ad2       0x12 c:/program files (x86)/cypress/psoc creator/4.4/psoc creator/import/gnu/arm/5.4.1/bin/../lib/gcc/arm-none-eabi/5.4.1/../../../../arm-none-eabi/lib/armv7-m\libg_nano.a(lib_a-nano-vfprintf_float.o)
 .rodata.str1.1
                0x00009ae4       0x22 c:/program files (x86)/cypress/psoc creator/4.4/psoc creator/import/gnu/arm/5.4.1/bin/../lib/gcc/arm-none-eabi/5.4.1/../../../../arm-none-eabi/lib/armv7-m\libg_nano.a(lib_a-nano-vfprintf_i.o)
 .rodata.str1.1
                0x00009b06        0xd c:/program files (x86)/cypress/psoc creator/4.4/psoc creator/import/gnu/arm/5.4.1/bin/../lib/gcc/arm-none-eabi/5.4.1/../../../../arm-none-eabi/lib/armv7-m\libg_nano.a(lib_a-dtoa.o)
                                  0xf (size before relaxing)
 .rodata.str1.1
                0x00009b13        0x8 c:/program files (x86)/cypress/psoc creator/4.4/psoc creator/import/gnu/arm/5.4.1/bin/../lib/gcc/arm-none-eabi/5.4.1/../../../../arm-none-eabi/lib/armv7-m\libg_nano.a(lib_a-locale.o)
                                  0xb (size before relaxing)
 *fill*         0x00009b1b        0x5 
 .rodata.__mprec_tens
                0x00009b20       0xc8 c:/program files (x86)/cypress/psoc creator/4.4/psoc creator/import/gnu/arm/5.4.1/bin/../lib/gcc/arm-none-eabi/5.4.1/../../../../arm-none-eabi/lib/armv7-m\libg_nano.a(lib_a-mprec.o)
                0x00009b20                __mprec_tens
 .rodata.p05.5408
                0x00009be8        0xc c:/program files (x86)/cypress/psoc creator/4.4/psoc creator/import/gnu/arm/5.4.1/bin/../lib/gcc/arm-none-eabi/5.4.1/../../../../arm-none-eabi/lib/armv7-m\libg_nano.a(lib_a-mprec.o)
 *fill*         0x00009bf4        0x4 
 .rodata.__mprec_bigtens
                0x00009bf8       0x28 c:/program files (x86)/cypress/psoc creator/4.4/psoc creator/import/gnu/arm/5.4.1/bin/../lib/gcc/arm-none-eabi/5.4.1/../../../../arm-none-eabi/lib/armv7-m\libg_nano.a(lib_a-mprec.o)
                0x00009bf8                __mprec_bigtens
 .rodata.str1.1
                0x00009c20       0x11 c:/program files (x86)/cypress/psoc creator/4.4/psoc creator/import/gnu/arm/5.4.1/bin/../lib/gcc/arm-none-eabi/5.4.1/../../../../arm-none-eabi/lib/armv7-m\libg_nano.a(lib_a-nano-svfprintf.o)
                0x00009c34                . = ALIGN (0x4)
 *fill*         0x00009c31        0x3 
 *(.init)
 .init          0x00009c34        0x4 c:/program files (x86)/cypress/psoc creator/4.4/psoc creator/import/gnu/arm/5.4.1/bin/../lib/gcc/arm-none-eabi/5.4.1/armv7-m/crti.o
                0x00009c34                _init
 .init          0x00009c38        0x8 c:/program files (x86)/cypress/psoc creator/4.4/psoc creator/import/gnu/arm/5.4.1/bin/../lib/gcc/arm-none-eabi/5.4.1/armv7-m/crtn.o
                0x00009c40                . = ALIGN (0x4)
                0x00009c40                __preinit_array_start = .
 *(.preinit_array)
                0x00009c40                __preinit_array_end = .
                0x00009c40                . = ALIGN (0x4)
                0x00009c40                __init_array_start = .
 *(SORT(.init_array.*))
 *(.init_array)
 .init_array    0x00009c40        0x4 c:/program files (x86)/cypress/psoc creator/4.4/psoc creator/import/gnu/arm/5.4.1/bin/../lib/gcc/arm-none-eabi/5.4.1/armv7-m/crtbegin.o
 .init_array    0x00009c44        0x4 .\CortexM3\ARM_GCC_541\Debug\Cm3Start.o
                0x00009c48                __init_array_end = .
                0x00009c48                . = ALIGN (0x4)
 *(.fini)
 .fini          0x00009c48        0x4 c:/program files (x86)/cypress/psoc creator/4.4/psoc creator/import/gnu/arm/5.4.1/bin/../lib/gcc/arm-none-eabi/5.4.1/armv7-m/crti.o
                0x00009c48                _fini
 .fini          0x00009c4c        0x8 c:/program files (x86)/cypress/psoc creator/4.4/psoc creator/import/gnu/arm/5.4.1/bin/../lib/gcc/arm-none-eabi/5.4.1/armv7-m/crtn.o
                0x00009c54                . = ALIGN (0x4)
                0x00009c54                __fini_array_start = .
 *(.fini_array)
 .fini_array    0x00009c54        0x4 c:/program files (x86)/cypress/psoc creator/4.4/psoc creator/import/gnu/arm/5.4.1/bin/../lib/gcc/arm-none-eabi/5.4.1/armv7-m/crtbegin.o
 *(SORT(.fini_array.*))
                0x00009c58                __fini_array_end = .
                0x00009c58                . = ALIGN (0x4)
 *crtbegin.o(.ctors)
 *(EXCLUDE_FILE(*crtend.o) .ctors)
 *(SORT(.ctors.*))
 *crtend.o(.ctors)
                0x00009c58                . = ALIGN (0x4)
 *crtbegin.o(.dtors)
 *(EXCLUDE_FILE(*crtend.o) .dtors)
 *(SORT(.dtors.*))
 *crtend.o(.dtors)
                0x00009c58                . = ALIGN (0x4)
                0x00009c58                __cy_regions = .
                0x00009c58        0x4 LONG 0x9c68 __cy_region_init_ram
                0x00009c5c        0x4 LONG 0x1fff80c8 __cy_region_start_data
                0x00009c60        0x4 LONG 0xc0 __cy_region_init_size_ram
                0x00009c64        0x4 LONG 0x1248 __cy_region_zero_size_ram
                0x00009c68                __cy_regions_end = .
                0x00009c68                . = ALIGN (0x8)
                0x00009c68                _etext = .

.cy_checksum_exclude
                0x00009c68        0x0
 *(.cy_checksum_exclude)

.ramvectors     0x1fff8000       0xc0
                0x1fff8000                __cy_region_start_ram = .
 *(.ramvectors)
 .ramvectors    0x1fff8000       0xc0 .\CortexM3\ARM_GCC_541\Debug\Cm3Start.o
                0x1fff8000                CyRamVectors

.noinit         0x1fff80c0        0x5
 *(.noinit)
 .noinit        0x1fff80c0        0x4 .\CortexM3\ARM_GCC_541\Debug\Cm3Start.o
 .noinit        0x1fff80c4        0x1 .\CortexM3\ARM_GCC_541\Debug\DeliveryRobot.a(CyLib.o)
                0x1fff80c4                CyResetStatus

.data           0x1fff80c8       0xc0 load address 0x00009c68
                0x1fff80c8                __cy_region_start_data = .
 *(.jcr)
 .jcr           0x1fff80c8        0x0 c:/program files (x86)/cypress/psoc creator/4.4/psoc creator/import/gnu/arm/5.4.1/bin/../lib/gcc/arm-none-eabi/5.4.1/armv7-m/crtbegin.o
 .jcr           0x1fff80c8        0x4 c:/program files (x86)/cypress/psoc creator/4.4/psoc creator/import/gnu/arm/5.4.1/bin/../lib/gcc/arm-none-eabi/5.4.1/armv7-m/crtend.o
 *(.got.plt)
 *(.got)
 *(.shdata)
 *(.data .data.* .gnu.linkonce.d.*)
 .data          0x1fff80cc        0x2 .\CortexM3\ARM_GCC_541\Debug\main.o
                0x1fff80cc                max_count
 *fill*         0x1fff80ce        0x2 
 .data          0x1fff80d0        0x4 .\CortexM3\ARM_GCC_541\Debug\Cm3Start.o
 .data          0x1fff80d4       0x10 .\CortexM3\ARM_GCC_541\Debug\DeliveryRobot.a(CyLib.o)
                0x1fff80d4                cydelay_freq_hz
                0x1fff80d8                cydelay_freq_khz
                0x1fff80dc                cydelay_freq_mhz
                0x1fff80e0                cydelay_32k_ms
 .data.__fdlib_version
                0x1fff80e4        0x1 c:/program files (x86)/cypress/psoc creator/4.4/psoc creator/import/gnu/arm/5.4.1/bin/../lib/gcc/arm-none-eabi/5.4.1/../../../../arm-none-eabi/lib/armv7-m\libm.a(lib_a-s_lib_ver.o)
                0x1fff80e4                __fdlib_version
 *fill*         0x1fff80e5        0x3 
 .data.impure_data
                0x1fff80e8       0x60 c:/program files (x86)/cypress/psoc creator/4.4/psoc creator/import/gnu/arm/5.4.1/bin/../lib/gcc/arm-none-eabi/5.4.1/../../../../arm-none-eabi/lib/armv7-m\libg_nano.a(lib_a-impure.o)
 .data._impure_ptr
                0x1fff8148        0x4 c:/program files (x86)/cypress/psoc creator/4.4/psoc creator/import/gnu/arm/5.4.1/bin/../lib/gcc/arm-none-eabi/5.4.1/../../../../arm-none-eabi/lib/armv7-m\libg_nano.a(lib_a-impure.o)
                0x1fff8148                _impure_ptr
 .data.lconv    0x1fff814c       0x38 c:/program files (x86)/cypress/psoc creator/4.4/psoc creator/import/gnu/arm/5.4.1/bin/../lib/gcc/arm-none-eabi/5.4.1/../../../../arm-none-eabi/lib/armv7-m\libg_nano.a(lib_a-locale.o)
                0x1fff8188                . = ALIGN (0x8)
 *fill*         0x1fff8184        0x4 
 *(.ram)
                0x1fff8188                _edata = .

.igot.plt       0x1fff8188        0x0 load address 0x00009d28
 .igot.plt      0x1fff8188        0x0 c:/program files (x86)/cypress/psoc creator/4.4/psoc creator/import/gnu/arm/5.4.1/bin/../lib/gcc/arm-none-eabi/5.4.1/armv7-m/crtbegin.o

.bss            0x1fff8188     0x1248 load address 0x00009d28
                0x1fff8188                PROVIDE (__bss_start__, .)
 *(.shbss)
 *(.bss .bss.* .gnu.linkonce.b.*)
 .bss           0x1fff8188       0x1c c:/program files (x86)/cypress/psoc creator/4.4/psoc creator/import/gnu/arm/5.4.1/bin/../lib/gcc/arm-none-eabi/5.4.1/armv7-m/crtbegin.o
 .bss           0x1fff81a4        0xc .\CortexM3\ARM_GCC_541\Debug\main.o
                0x1fff81a4                echo_flag
                0x1fff81a5                mux_select
                0x1fff81a8                left_wheel_count
                0x1fff81ac                right_wheel_count
 .bss           0x1fff81b0        0x1 .\CortexM3\ARM_GCC_541\Debug\DeliveryRobot.a(PWM_Trigger.o)
                0x1fff81b0                PWM_Trigger_initVar
 .bss           0x1fff81b1        0x1 .\CortexM3\ARM_GCC_541\Debug\DeliveryRobot.a(Timer_Echo.o)
                0x1fff81b1                Timer_Echo_initVar
 .bss           0x1fff81b2        0x7 .\CortexM3\ARM_GCC_541\Debug\DeliveryRobot.a(UART.o)
                0x1fff81b2                UART_initVar
                0x1fff81b4                UART_txBufferRead
                0x1fff81b6                UART_txBufferWrite
 .bss           0x1fff81b9        0x1 .\CortexM3\ARM_GCC_541\Debug\DeliveryRobot.a(QuadDec_L.o)
                0x1fff81b9                QuadDec_L_initVar
 *fill*         0x1fff81ba        0x2 
 .bss           0x1fff81bc        0x4 .\CortexM3\ARM_GCC_541\Debug\DeliveryRobot.a(QuadDec_L_INT.o)
                0x1fff81bc                QuadDec_L_count32SoftPart
 .bss           0x1fff81c0        0x1 .\CortexM3\ARM_GCC_541\Debug\DeliveryRobot.a(QuadDec_L_Cnt16.o)
                0x1fff81c0                QuadDec_L_Cnt16_initVar
 .bss           0x1fff81c1        0x1 .\CortexM3\ARM_GCC_541\Debug\DeliveryRobot.a(PWM_Motor_L.o)
                0x1fff81c1                PWM_Motor_L_initVar
 .bss           0x1fff81c2        0x1 .\CortexM3\ARM_GCC_541\Debug\DeliveryRobot.a(QuadDec_R.o)
                0x1fff81c2                QuadDec_R_initVar
 *fill*         0x1fff81c3        0x1 
 .bss           0x1fff81c4        0x4 .\CortexM3\ARM_GCC_541\Debug\DeliveryRobot.a(QuadDec_R_INT.o)
                0x1fff81c4                QuadDec_R_count32SoftPart
 .bss           0x1fff81c8        0x1 .\CortexM3\ARM_GCC_541\Debug\DeliveryRobot.a(PWM_Motor_R.o)
                0x1fff81c8                PWM_Motor_R_initVar
 .bss           0x1fff81c9        0x1 .\CortexM3\ARM_GCC_541\Debug\DeliveryRobot.a(QuadDec_R_Cnt16.o)
                0x1fff81c9                QuadDec_R_Cnt16_initVar
 .bss           0x1fff81ca        0x1 .\CortexM3\ARM_GCC_541\Debug\DeliveryRobot.a(Timer_Avoidance.o)
                0x1fff81ca                Timer_Avoidance_initVar
 *fill*         0x1fff81cb        0x1 
 .bss.__malloc_sbrk_start
                0x1fff81cc        0x4 c:/program files (x86)/cypress/psoc creator/4.4/psoc creator/import/gnu/arm/5.4.1/bin/../lib/gcc/arm-none-eabi/5.4.1/../../../../arm-none-eabi/lib/armv7-m\libg_nano.a(lib_a-nano-mallocr.o)
                0x1fff81cc                __malloc_sbrk_start
 .bss.__malloc_free_list
                0x1fff81d0        0x4 c:/program files (x86)/cypress/psoc creator/4.4/psoc creator/import/gnu/arm/5.4.1/bin/../lib/gcc/arm-none-eabi/5.4.1/../../../../arm-none-eabi/lib/armv7-m\libg_nano.a(lib_a-nano-mallocr.o)
                0x1fff81d0                __malloc_free_list
 *(COMMON)
 *fill*         0x1fff81d4        0x4 
 COMMON         0x1fff81d8      0x1f0 .\CortexM3\ARM_GCC_541\Debug\main.o
                0x1fff81d8                map
                0x1fff81e8                right_motor
                0x1fff8230                echo_distance
                0x1fff8234                active
                0x1fff8248                left_motor
                0x1fff8290                serial_output
                0x1fff8328                robot
                0x1fff8398                smoothed_POD
                0x1fff83a0                sensors
 COMMON         0x1fff83c8     0x1000 .\CortexM3\ARM_GCC_541\Debug\DeliveryRobot.a(UART.o)
                0x1fff83c8                UART_txBuffer
 COMMON         0x1fff93c8        0x4 c:/program files (x86)/cypress/psoc creator/4.4/psoc creator/import/gnu/arm/5.4.1/bin/../lib/gcc/arm-none-eabi/5.4.1/../../../../arm-none-eabi/lib/armv7-m\libg_nano.a(lib_a-reent.o)
                0x1fff93c8                errno
                0x1fff93d0                . = ALIGN (0x8)
 *fill*         0x1fff93cc        0x4 
 *(.ram.b)
                0x1fff93d0                _end = .
                0x1fff93d0                __end = .
                0x1fff93d0                PROVIDE (end, .)
                0x1fff93d0                PROVIDE (__bss_end__, .)
                0x00009c68                __cy_region_init_ram = LOADADDR (.data)
                0x000000c0                __cy_region_init_size_ram = (_edata - ADDR (.data))
                0x00001248                __cy_region_zero_size_ram = (_end - _edata)

.heap           0x1fff93d0     0xc350 load address 0x00009d28
                0x1fff93d0                . = _end
                0x20005720                . = (. + 0xc350)
 *fill*         0x1fff93d0     0xc350 
                0x20005720                __cy_heap_limit = .

.stack          0x20007060      0xfa0
                0x20007060                __cy_stack_limit = .
                0x20008000                . = (. + 0xfa0)
 *fill*         0x20007060      0xfa0 
                0x00000001                ASSERT ((__cy_stack_limit >= __cy_heap_limit), region RAM overflowed with stack)
                0x00000000                cy_checksum_exclude_size = (CY_APPL_LOADABLE == 0x1)?SIZEOF (.cy_checksum_exclude):0x0
                0x00000001                ASSERT ((cy_checksum_exclude_size <= CY_CHECKSUM_EXCLUDE_SIZE), CY_BOOT: Section .cy_checksum_exclude size exceedes specified limit.)

.cyloadermeta
 *(.cyloadermeta)

.cyloadablemeta
 *(.cyloadablemeta)

.cyconfigecc    0x80000000      0xf88
 *(.cyconfigecc)
 .cyconfigecc   0x80000000      0xf88 .\CortexM3\ARM_GCC_541\Debug\cymetadata.o
                0x80000000                cy_meta_configecc

.cycustnvl      0x90000000        0x4
 *(.cycustnvl)
 .cycustnvl     0x90000000        0x4 .\CortexM3\ARM_GCC_541\Debug\cymetadata.o
                0x90000000                cy_meta_custnvl

.cywolatch      0x90100000        0x4
 *(.cywolatch)
 .cywolatch     0x90100000        0x4 .\CortexM3\ARM_GCC_541\Debug\cymetadata.o
                0x90100000                cy_meta_wonvl

.cyeeprom       0x90200000        0x0
 *(.cyeeprom)
                0x00000001                ASSERT ((. <= ((0x90200000 + ee_offset) + ee_size)), .cyeeprom data will not fit in EEPROM)

.cyflashprotect
                0x90400000      0x100
 *(.cyflashprotect)
 .cyflashprotect
                0x90400000      0x100 .\CortexM3\ARM_GCC_541\Debug\cymetadata.o
                0x90400000                cy_meta_flashprotect

.cymeta         0x90500000        0xc
 *(.cymeta)
 .cymeta        0x90500000        0xc .\CortexM3\ARM_GCC_541\Debug\cymetadata.o
                0x90500000                cy_metadata

.rel.dyn        0x00009d28        0x0 load address 0x9050000c
 .rel.iplt      0x00009d28        0x0 c:/program files (x86)/cypress/psoc creator/4.4/psoc creator/import/gnu/arm/5.4.1/bin/../lib/gcc/arm-none-eabi/5.4.1/armv7-m/crtbegin.o

.stab
 *(.stab)

.stabstr
 *(.stabstr)

.debug
 *(.debug)

.line
 *(.line)

.debug_srcinfo
 *(.debug_srcinfo)

.debug_sfnames
 *(.debug_sfnames)

.debug_aranges  0x00000000      0xe40
 *(.debug_aranges)
 .debug_aranges
                0x00000000       0x50 .\CortexM3\ARM_GCC_541\Debug\main.o
 .debug_aranges
                0x00000050       0x68 .\CortexM3\ARM_GCC_541\Debug\vfh.o
 .debug_aranges
                0x000000b8       0x28 .\CortexM3\ARM_GCC_541\Debug\robot.o
 .debug_aranges
                0x000000e0       0x30 .\CortexM3\ARM_GCC_541\Debug\helper.o
 .debug_aranges
                0x00000110       0x60 .\CortexM3\ARM_GCC_541\Debug\cyfitter_cfg.o
 .debug_aranges
                0x00000170       0x18 .\CortexM3\ARM_GCC_541\Debug\cymetadata.o
 .debug_aranges
                0x00000188       0x48 .\CortexM3\ARM_GCC_541\Debug\Cm3Start.o
 .debug_aranges
                0x000001d0       0x80 .\CortexM3\ARM_GCC_541\Debug\DeliveryRobot.a(PWM_Trigger.o)
 .debug_aranges
                0x00000250       0xa8 .\CortexM3\ARM_GCC_541\Debug\DeliveryRobot.a(Timer_Echo.o)
 .debug_aranges
                0x000002f8       0x80 .\CortexM3\ARM_GCC_541\Debug\DeliveryRobot.a(Timer_Echo_Int.o)
 .debug_aranges
                0x00000378      0x2a0 .\CortexM3\ARM_GCC_541\Debug\DeliveryRobot.a(CyLib.o)
 .debug_aranges
                0x00000618       0x98 .\CortexM3\ARM_GCC_541\Debug\DeliveryRobot.a(cyPm.o)
 .debug_aranges
                0x000006b0       0xa0 .\CortexM3\ARM_GCC_541\Debug\DeliveryRobot.a(UART.o)
 .debug_aranges
                0x00000750       0x20 .\CortexM3\ARM_GCC_541\Debug\DeliveryRobot.a(UART_INT.o)
 .debug_aranges
                0x00000770       0x70 .\CortexM3\ARM_GCC_541\Debug\DeliveryRobot.a(UART_IntClock.o)
 .debug_aranges
                0x000007e0       0x28 .\CortexM3\ARM_GCC_541\Debug\DeliveryRobot.a(Control_Reg_US.o)
 .debug_aranges
                0x00000808       0x60 .\CortexM3\ARM_GCC_541\Debug\DeliveryRobot.a(QuadDec_L.o)
 .debug_aranges
                0x00000868       0x20 .\CortexM3\ARM_GCC_541\Debug\DeliveryRobot.a(QuadDec_L_INT.o)
 .debug_aranges
                0x00000888       0x98 .\CortexM3\ARM_GCC_541\Debug\DeliveryRobot.a(QuadDec_L_Cnt16.o)
 .debug_aranges
                0x00000920       0xa8 .\CortexM3\ARM_GCC_541\Debug\DeliveryRobot.a(PWM_Motor_L.o)
 .debug_aranges
                0x000009c8       0x80 .\CortexM3\ARM_GCC_541\Debug\DeliveryRobot.a(Motor_PI_Int.o)
 .debug_aranges
                0x00000a48       0x60 .\CortexM3\ARM_GCC_541\Debug\DeliveryRobot.a(QuadDec_R.o)
 .debug_aranges
                0x00000aa8       0x20 .\CortexM3\ARM_GCC_541\Debug\DeliveryRobot.a(QuadDec_R_INT.o)
 .debug_aranges
                0x00000ac8       0xa8 .\CortexM3\ARM_GCC_541\Debug\DeliveryRobot.a(PWM_Motor_R.o)
 .debug_aranges
                0x00000b70       0x98 .\CortexM3\ARM_GCC_541\Debug\DeliveryRobot.a(QuadDec_R_Cnt16.o)
 .debug_aranges
                0x00000c08       0x80 .\CortexM3\ARM_GCC_541\Debug\DeliveryRobot.a(Pose_Update_Int.o)
 .debug_aranges
                0x00000c88       0x90 .\CortexM3\ARM_GCC_541\Debug\DeliveryRobot.a(Timer_Avoidance.o)
 .debug_aranges
                0x00000d18       0x20 .\CortexM3\ARM_GCC_541\Debug\DeliveryRobot.a(CyBootAsmGnu.o)
 .debug_aranges
                0x00000d38       0x88 .\CortexM3\ARM_GCC_541\Debug\DeliveryRobot.a(CyFlash.o)
 .debug_aranges
                0x00000dc0       0x80 .\CortexM3\ARM_GCC_541\Debug\DeliveryRobot.a(CySpc.o)

.debug_pubnames
 *(.debug_pubnames)

.debug_info     0x00000000     0x63e7
 *(.debug_info .gnu.linkonce.wi.*)
 .debug_info    0x00000000      0x7cd .\CortexM3\ARM_GCC_541\Debug\main.o
 .debug_info    0x000007cd      0xaee .\CortexM3\ARM_GCC_541\Debug\vfh.o
 .debug_info    0x000012bb      0x241 .\CortexM3\ARM_GCC_541\Debug\robot.o
 .debug_info    0x000014fc      0x1ba .\CortexM3\ARM_GCC_541\Debug\helper.o
 .debug_info    0x000016b6      0x463 .\CortexM3\ARM_GCC_541\Debug\cyfitter_cfg.o
 .debug_info    0x00001b19      0x139 .\CortexM3\ARM_GCC_541\Debug\cymetadata.o
 .debug_info    0x00001c52      0x32b .\CortexM3\ARM_GCC_541\Debug\Cm3Start.o
 .debug_info    0x00001f7d      0x24b .\CortexM3\ARM_GCC_541\Debug\DeliveryRobot.a(PWM_Trigger.o)
 .debug_info    0x000021c8      0x2a5 .\CortexM3\ARM_GCC_541\Debug\DeliveryRobot.a(Timer_Echo.o)
 .debug_info    0x0000246d      0x241 .\CortexM3\ARM_GCC_541\Debug\DeliveryRobot.a(Timer_Echo_Int.o)
 .debug_info    0x000026ae      0xe51 .\CortexM3\ARM_GCC_541\Debug\DeliveryRobot.a(CyLib.o)
 .debug_info    0x000034ff      0x57a .\CortexM3\ARM_GCC_541\Debug\DeliveryRobot.a(cyPm.o)
 .debug_info    0x00003a79      0x408 .\CortexM3\ARM_GCC_541\Debug\DeliveryRobot.a(UART.o)
 .debug_info    0x00003e81      0x108 .\CortexM3\ARM_GCC_541\Debug\DeliveryRobot.a(UART_INT.o)
 .debug_info    0x00003f89      0x25d .\CortexM3\ARM_GCC_541\Debug\DeliveryRobot.a(UART_IntClock.o)
 .debug_info    0x000041e6       0xd7 .\CortexM3\ARM_GCC_541\Debug\DeliveryRobot.a(Control_Reg_US.o)
 .debug_info    0x000042bd      0x234 .\CortexM3\ARM_GCC_541\Debug\DeliveryRobot.a(QuadDec_L.o)
 .debug_info    0x000044f1       0xf2 .\CortexM3\ARM_GCC_541\Debug\DeliveryRobot.a(QuadDec_L_INT.o)
 .debug_info    0x000045e3      0x291 .\CortexM3\ARM_GCC_541\Debug\DeliveryRobot.a(QuadDec_L_Cnt16.o)
 .debug_info    0x00004874      0x2e3 .\CortexM3\ARM_GCC_541\Debug\DeliveryRobot.a(PWM_Motor_L.o)
 .debug_info    0x00004b57      0x241 .\CortexM3\ARM_GCC_541\Debug\DeliveryRobot.a(Motor_PI_Int.o)
 .debug_info    0x00004d98      0x234 .\CortexM3\ARM_GCC_541\Debug\DeliveryRobot.a(QuadDec_R.o)
 .debug_info    0x00004fcc       0xf2 .\CortexM3\ARM_GCC_541\Debug\DeliveryRobot.a(QuadDec_R_INT.o)
 .debug_info    0x000050be      0x2e3 .\CortexM3\ARM_GCC_541\Debug\DeliveryRobot.a(PWM_Motor_R.o)
 .debug_info    0x000053a1      0x291 .\CortexM3\ARM_GCC_541\Debug\DeliveryRobot.a(QuadDec_R_Cnt16.o)
 .debug_info    0x00005632      0x241 .\CortexM3\ARM_GCC_541\Debug\DeliveryRobot.a(Pose_Update_Int.o)
 .debug_info    0x00005873      0x25b .\CortexM3\ARM_GCC_541\Debug\DeliveryRobot.a(Timer_Avoidance.o)
 .debug_info    0x00005ace       0xa0 .\CortexM3\ARM_GCC_541\Debug\DeliveryRobot.a(CyBootAsmGnu.o)
 .debug_info    0x00005b6e      0x3b9 .\CortexM3\ARM_GCC_541\Debug\DeliveryRobot.a(CyFlash.o)
 .debug_info    0x00005f27      0x4c0 .\CortexM3\ARM_GCC_541\Debug\DeliveryRobot.a(CySpc.o)

.debug_abbrev   0x00000000     0x21b4
 *(.debug_abbrev)
 .debug_abbrev  0x00000000      0x19f .\CortexM3\ARM_GCC_541\Debug\main.o
 .debug_abbrev  0x0000019f      0x1b4 .\CortexM3\ARM_GCC_541\Debug\vfh.o
 .debug_abbrev  0x00000353       0xc8 .\CortexM3\ARM_GCC_541\Debug\robot.o
 .debug_abbrev  0x0000041b       0x7e .\CortexM3\ARM_GCC_541\Debug\helper.o
 .debug_abbrev  0x00000499      0x1b7 .\CortexM3\ARM_GCC_541\Debug\cyfitter_cfg.o
 .debug_abbrev  0x00000650       0x77 .\CortexM3\ARM_GCC_541\Debug\cymetadata.o
 .debug_abbrev  0x000006c7      0x1d6 .\CortexM3\ARM_GCC_541\Debug\Cm3Start.o
 .debug_abbrev  0x0000089d      0x116 .\CortexM3\ARM_GCC_541\Debug\DeliveryRobot.a(PWM_Trigger.o)
 .debug_abbrev  0x000009b3      0x11b .\CortexM3\ARM_GCC_541\Debug\DeliveryRobot.a(Timer_Echo.o)
 .debug_abbrev  0x00000ace      0x172 .\CortexM3\ARM_GCC_541\Debug\DeliveryRobot.a(Timer_Echo_Int.o)
 .debug_abbrev  0x00000c40      0x217 .\CortexM3\ARM_GCC_541\Debug\DeliveryRobot.a(CyLib.o)
 .debug_abbrev  0x00000e57      0x161 .\CortexM3\ARM_GCC_541\Debug\DeliveryRobot.a(cyPm.o)
 .debug_abbrev  0x00000fb8      0x143 .\CortexM3\ARM_GCC_541\Debug\DeliveryRobot.a(UART.o)
 .debug_abbrev  0x000010fb       0x79 .\CortexM3\ARM_GCC_541\Debug\DeliveryRobot.a(UART_INT.o)
 .debug_abbrev  0x00001174      0x11d .\CortexM3\ARM_GCC_541\Debug\DeliveryRobot.a(UART_IntClock.o)
 .debug_abbrev  0x00001291       0x81 .\CortexM3\ARM_GCC_541\Debug\DeliveryRobot.a(Control_Reg_US.o)
 .debug_abbrev  0x00001312      0x11a .\CortexM3\ARM_GCC_541\Debug\DeliveryRobot.a(QuadDec_L.o)
 .debug_abbrev  0x0000142c       0x78 .\CortexM3\ARM_GCC_541\Debug\DeliveryRobot.a(QuadDec_L_INT.o)
 .debug_abbrev  0x000014a4      0x12c .\CortexM3\ARM_GCC_541\Debug\DeliveryRobot.a(QuadDec_L_Cnt16.o)
 .debug_abbrev  0x000015d0      0x12e .\CortexM3\ARM_GCC_541\Debug\DeliveryRobot.a(PWM_Motor_L.o)
 .debug_abbrev  0x000016fe      0x172 .\CortexM3\ARM_GCC_541\Debug\DeliveryRobot.a(Motor_PI_Int.o)
 .debug_abbrev  0x00001870      0x11a .\CortexM3\ARM_GCC_541\Debug\DeliveryRobot.a(QuadDec_R.o)
 .debug_abbrev  0x0000198a       0x78 .\CortexM3\ARM_GCC_541\Debug\DeliveryRobot.a(QuadDec_R_INT.o)
 .debug_abbrev  0x00001a02      0x12e .\CortexM3\ARM_GCC_541\Debug\DeliveryRobot.a(PWM_Motor_R.o)
 .debug_abbrev  0x00001b30      0x12c .\CortexM3\ARM_GCC_541\Debug\DeliveryRobot.a(QuadDec_R_Cnt16.o)
 .debug_abbrev  0x00001c5c      0x172 .\CortexM3\ARM_GCC_541\Debug\DeliveryRobot.a(Pose_Update_Int.o)
 .debug_abbrev  0x00001dce      0x11b .\CortexM3\ARM_GCC_541\Debug\DeliveryRobot.a(Timer_Avoidance.o)
 .debug_abbrev  0x00001ee9       0x14 .\CortexM3\ARM_GCC_541\Debug\DeliveryRobot.a(CyBootAsmGnu.o)
 .debug_abbrev  0x00001efd      0x14b .\CortexM3\ARM_GCC_541\Debug\DeliveryRobot.a(CyFlash.o)
 .debug_abbrev  0x00002048      0x16c .\CortexM3\ARM_GCC_541\Debug\DeliveryRobot.a(CySpc.o)

.debug_line     0x00000000     0x3535
 *(.debug_line)
 .debug_line    0x00000000      0x3d4 .\CortexM3\ARM_GCC_541\Debug\main.o
 .debug_line    0x000003d4      0x372 .\CortexM3\ARM_GCC_541\Debug\vfh.o
 .debug_line    0x00000746       0x6f .\CortexM3\ARM_GCC_541\Debug\robot.o
 .debug_line    0x000007b5       0x7d .\CortexM3\ARM_GCC_541\Debug\helper.o
 .debug_line    0x00000832      0x229 .\CortexM3\ARM_GCC_541\Debug\cyfitter_cfg.o
 .debug_line    0x00000a5b      0x141 .\CortexM3\ARM_GCC_541\Debug\cymetadata.o
 .debug_line    0x00000b9c      0x1dc .\CortexM3\ARM_GCC_541\Debug\Cm3Start.o
 .debug_line    0x00000d78      0x150 .\CortexM3\ARM_GCC_541\Debug\DeliveryRobot.a(PWM_Trigger.o)
 .debug_line    0x00000ec8      0x1ab .\CortexM3\ARM_GCC_541\Debug\DeliveryRobot.a(Timer_Echo.o)
 .debug_line    0x00001073      0x159 .\CortexM3\ARM_GCC_541\Debug\DeliveryRobot.a(Timer_Echo_Int.o)
 .debug_line    0x000011cc      0x883 .\CortexM3\ARM_GCC_541\Debug\DeliveryRobot.a(CyLib.o)
 .debug_line    0x00001a4f      0x38e .\CortexM3\ARM_GCC_541\Debug\DeliveryRobot.a(cyPm.o)
 .debug_line    0x00001ddd      0x232 .\CortexM3\ARM_GCC_541\Debug\DeliveryRobot.a(UART.o)
 .debug_line    0x0000200f       0x80 .\CortexM3\ARM_GCC_541\Debug\DeliveryRobot.a(UART_INT.o)
 .debug_line    0x0000208f      0x1ac .\CortexM3\ARM_GCC_541\Debug\DeliveryRobot.a(UART_IntClock.o)
 .debug_line    0x0000223b       0x77 .\CortexM3\ARM_GCC_541\Debug\DeliveryRobot.a(Control_Reg_US.o)
 .debug_line    0x000022b2      0x124 .\CortexM3\ARM_GCC_541\Debug\DeliveryRobot.a(QuadDec_L.o)
 .debug_line    0x000023d6       0x6f .\CortexM3\ARM_GCC_541\Debug\DeliveryRobot.a(QuadDec_L_INT.o)
 .debug_line    0x00002445      0x18d .\CortexM3\ARM_GCC_541\Debug\DeliveryRobot.a(QuadDec_L_Cnt16.o)
 .debug_line    0x000025d2      0x1b2 .\CortexM3\ARM_GCC_541\Debug\DeliveryRobot.a(PWM_Motor_L.o)
 .debug_line    0x00002784      0x147 .\CortexM3\ARM_GCC_541\Debug\DeliveryRobot.a(Motor_PI_Int.o)
 .debug_line    0x000028cb      0x124 .\CortexM3\ARM_GCC_541\Debug\DeliveryRobot.a(QuadDec_R.o)
 .debug_line    0x000029ef       0x6f .\CortexM3\ARM_GCC_541\Debug\DeliveryRobot.a(QuadDec_R_INT.o)
 .debug_line    0x00002a5e      0x1b2 .\CortexM3\ARM_GCC_541\Debug\DeliveryRobot.a(PWM_Motor_R.o)
 .debug_line    0x00002c10      0x18d .\CortexM3\ARM_GCC_541\Debug\DeliveryRobot.a(QuadDec_R_Cnt16.o)
 .debug_line    0x00002d9d      0x15a .\CortexM3\ARM_GCC_541\Debug\DeliveryRobot.a(Pose_Update_Int.o)
 .debug_line    0x00002ef7      0x178 .\CortexM3\ARM_GCC_541\Debug\DeliveryRobot.a(Timer_Avoidance.o)
 .debug_line    0x0000306f       0x66 .\CortexM3\ARM_GCC_541\Debug\DeliveryRobot.a(CyBootAsmGnu.o)
 .debug_line    0x000030d5      0x22f .\CortexM3\ARM_GCC_541\Debug\DeliveryRobot.a(CyFlash.o)
 .debug_line    0x00003304      0x231 .\CortexM3\ARM_GCC_541\Debug\DeliveryRobot.a(CySpc.o)

.debug_frame    0x00000000     0x4574
 *(.debug_frame)
 .debug_frame   0x00000000      0x154 .\CortexM3\ARM_GCC_541\Debug\main.o
 .debug_frame   0x00000154      0x1dc .\CortexM3\ARM_GCC_541\Debug\vfh.o
 .debug_frame   0x00000330       0x68 .\CortexM3\ARM_GCC_541\Debug\robot.o
 .debug_frame   0x00000398       0x90 .\CortexM3\ARM_GCC_541\Debug\helper.o
 .debug_frame   0x00000428      0x16c .\CortexM3\ARM_GCC_541\Debug\cyfitter_cfg.o
 .debug_frame   0x00000594       0xd8 .\CortexM3\ARM_GCC_541\Debug\Cm3Start.o
 .debug_frame   0x0000066c      0x1f4 .\CortexM3\ARM_GCC_541\Debug\DeliveryRobot.a(PWM_Trigger.o)
 .debug_frame   0x00000860      0x2a0 .\CortexM3\ARM_GCC_541\Debug\DeliveryRobot.a(Timer_Echo.o)
 .debug_frame   0x00000b00      0x1e8 .\CortexM3\ARM_GCC_541\Debug\DeliveryRobot.a(Timer_Echo_Int.o)
 .debug_frame   0x00000ce8      0xc0c .\CortexM3\ARM_GCC_541\Debug\DeliveryRobot.a(CyLib.o)
 .debug_frame   0x000018f4      0x234 .\CortexM3\ARM_GCC_541\Debug\DeliveryRobot.a(cyPm.o)
 .debug_frame   0x00001b28      0x298 .\CortexM3\ARM_GCC_541\Debug\DeliveryRobot.a(UART.o)
 .debug_frame   0x00001dc0       0x34 .\CortexM3\ARM_GCC_541\Debug\DeliveryRobot.a(UART_INT.o)
 .debug_frame   0x00001df4      0x1b4 .\CortexM3\ARM_GCC_541\Debug\DeliveryRobot.a(UART_IntClock.o)
 .debug_frame   0x00001fa8       0x5c .\CortexM3\ARM_GCC_541\Debug\DeliveryRobot.a(Control_Reg_US.o)
 .debug_frame   0x00002004      0x158 .\CortexM3\ARM_GCC_541\Debug\DeliveryRobot.a(QuadDec_L.o)
 .debug_frame   0x0000215c       0x38 .\CortexM3\ARM_GCC_541\Debug\DeliveryRobot.a(QuadDec_L_INT.o)
 .debug_frame   0x00002194      0x258 .\CortexM3\ARM_GCC_541\Debug\DeliveryRobot.a(QuadDec_L_Cnt16.o)
 .debug_frame   0x000023ec      0x2a8 .\CortexM3\ARM_GCC_541\Debug\DeliveryRobot.a(PWM_Motor_L.o)
 .debug_frame   0x00002694      0x1e8 .\CortexM3\ARM_GCC_541\Debug\DeliveryRobot.a(Motor_PI_Int.o)
 .debug_frame   0x0000287c      0x158 .\CortexM3\ARM_GCC_541\Debug\DeliveryRobot.a(QuadDec_R.o)
 .debug_frame   0x000029d4       0x38 .\CortexM3\ARM_GCC_541\Debug\DeliveryRobot.a(QuadDec_R_INT.o)
 .debug_frame   0x00002a0c      0x2a8 .\CortexM3\ARM_GCC_541\Debug\DeliveryRobot.a(PWM_Motor_R.o)
 .debug_frame   0x00002cb4      0x258 .\CortexM3\ARM_GCC_541\Debug\DeliveryRobot.a(QuadDec_R_Cnt16.o)
 .debug_frame   0x00002f0c      0x1e8 .\CortexM3\ARM_GCC_541\Debug\DeliveryRobot.a(Pose_Update_Int.o)
 .debug_frame   0x000030f4      0x230 .\CortexM3\ARM_GCC_541\Debug\DeliveryRobot.a(Timer_Avoidance.o)
 .debug_frame   0x00003324      0x238 .\CortexM3\ARM_GCC_541\Debug\DeliveryRobot.a(CyFlash.o)
 .debug_frame   0x0000355c      0x228 .\CortexM3\ARM_GCC_541\Debug\DeliveryRobot.a(CySpc.o)
 .debug_frame   0x00003784       0x20 c:/program files (x86)/cypress/psoc creator/4.4/psoc creator/import/gnu/arm/5.4.1/bin/../lib/gcc/arm-none-eabi/5.4.1/../../../../arm-none-eabi/lib/armv7-m\libm.a(lib_a-logl.o)
 .debug_frame   0x000037a4       0x38 c:/program files (x86)/cypress/psoc creator/4.4/psoc creator/import/gnu/arm/5.4.1/bin/../lib/gcc/arm-none-eabi/5.4.1/../../../../arm-none-eabi/lib/armv7-m\libm.a(lib_a-s_cos.o)
 .debug_frame   0x000037dc       0x34 c:/program files (x86)/cypress/psoc creator/4.4/psoc creator/import/gnu/arm/5.4.1/bin/../lib/gcc/arm-none-eabi/5.4.1/../../../../arm-none-eabi/lib/armv7-m\libm.a(lib_a-s_floor.o)
 .debug_frame   0x00003810       0x30 c:/program files (x86)/cypress/psoc creator/4.4/psoc creator/import/gnu/arm/5.4.1/bin/../lib/gcc/arm-none-eabi/5.4.1/../../../../arm-none-eabi/lib/armv7-m\libm.a(lib_a-s_round.o)
 .debug_frame   0x00003840       0x38 c:/program files (x86)/cypress/psoc creator/4.4/psoc creator/import/gnu/arm/5.4.1/bin/../lib/gcc/arm-none-eabi/5.4.1/../../../../arm-none-eabi/lib/armv7-m\libm.a(lib_a-s_sin.o)
 .debug_frame   0x00003878       0x20 c:/program files (x86)/cypress/psoc creator/4.4/psoc creator/import/gnu/arm/5.4.1/bin/../lib/gcc/arm-none-eabi/5.4.1/../../../../arm-none-eabi/lib/armv7-m\libm.a(lib_a-w_atan2.o)
 .debug_frame   0x00003898       0x40 c:/program files (x86)/cypress/psoc creator/4.4/psoc creator/import/gnu/arm/5.4.1/bin/../lib/gcc/arm-none-eabi/5.4.1/../../../../arm-none-eabi/lib/armv7-m\libm.a(lib_a-w_log.o)
 .debug_frame   0x000038d8       0x4c c:/program files (x86)/cypress/psoc creator/4.4/psoc creator/import/gnu/arm/5.4.1/bin/../lib/gcc/arm-none-eabi/5.4.1/../../../../arm-none-eabi/lib/armv7-m\libm.a(lib_a-w_pow.o)
 .debug_frame   0x00003924       0x44 c:/program files (x86)/cypress/psoc creator/4.4/psoc creator/import/gnu/arm/5.4.1/bin/../lib/gcc/arm-none-eabi/5.4.1/../../../../arm-none-eabi/lib/armv7-m\libm.a(lib_a-w_sqrt.o)
 .debug_frame   0x00003968       0x48 c:/program files (x86)/cypress/psoc creator/4.4/psoc creator/import/gnu/arm/5.4.1/bin/../lib/gcc/arm-none-eabi/5.4.1/../../../../arm-none-eabi/lib/armv7-m\libm.a(lib_a-e_atan2.o)
 .debug_frame   0x000039b0       0x54 c:/program files (x86)/cypress/psoc creator/4.4/psoc creator/import/gnu/arm/5.4.1/bin/../lib/gcc/arm-none-eabi/5.4.1/../../../../arm-none-eabi/lib/armv7-m\libm.a(lib_a-e_log.o)
 .debug_frame   0x00003a04       0x68 c:/program files (x86)/cypress/psoc creator/4.4/psoc creator/import/gnu/arm/5.4.1/bin/../lib/gcc/arm-none-eabi/5.4.1/../../../../arm-none-eabi/lib/armv7-m\libm.a(lib_a-e_pow.o)
 .debug_frame   0x00003a6c       0x48 c:/program files (x86)/cypress/psoc creator/4.4/psoc creator/import/gnu/arm/5.4.1/bin/../lib/gcc/arm-none-eabi/5.4.1/../../../../arm-none-eabi/lib/armv7-m\libm.a(lib_a-e_rem_pio2.o)
 .debug_frame   0x00003ab4       0x30 c:/program files (x86)/cypress/psoc creator/4.4/psoc creator/import/gnu/arm/5.4.1/bin/../lib/gcc/arm-none-eabi/5.4.1/../../../../arm-none-eabi/lib/armv7-m\libm.a(lib_a-e_sqrt.o)
 .debug_frame   0x00003ae4       0x4c c:/program files (x86)/cypress/psoc creator/4.4/psoc creator/import/gnu/arm/5.4.1/bin/../lib/gcc/arm-none-eabi/5.4.1/../../../../arm-none-eabi/lib/armv7-m\libm.a(lib_a-k_cos.o)
 .debug_frame   0x00003b30       0x50 c:/program files (x86)/cypress/psoc creator/4.4/psoc creator/import/gnu/arm/5.4.1/bin/../lib/gcc/arm-none-eabi/5.4.1/../../../../arm-none-eabi/lib/armv7-m\libm.a(lib_a-k_rem_pio2.o)
 .debug_frame   0x00003b80       0x48 c:/program files (x86)/cypress/psoc creator/4.4/psoc creator/import/gnu/arm/5.4.1/bin/../lib/gcc/arm-none-eabi/5.4.1/../../../../arm-none-eabi/lib/armv7-m\libm.a(lib_a-k_sin.o)
 .debug_frame   0x00003bc8       0x38 c:/program files (x86)/cypress/psoc creator/4.4/psoc creator/import/gnu/arm/5.4.1/bin/../lib/gcc/arm-none-eabi/5.4.1/../../../../arm-none-eabi/lib/armv7-m\libm.a(lib_a-s_atan.o)
 .debug_frame   0x00003c00       0x20 c:/program files (x86)/cypress/psoc creator/4.4/psoc creator/import/gnu/arm/5.4.1/bin/../lib/gcc/arm-none-eabi/5.4.1/../../../../arm-none-eabi/lib/armv7-m\libm.a(lib_a-s_fabs.o)
 .debug_frame   0x00003c20       0x20 c:/program files (x86)/cypress/psoc creator/4.4/psoc creator/import/gnu/arm/5.4.1/bin/../lib/gcc/arm-none-eabi/5.4.1/../../../../arm-none-eabi/lib/armv7-m\libm.a(lib_a-s_finite.o)
 .debug_frame   0x00003c40       0x20 c:/program files (x86)/cypress/psoc creator/4.4/psoc creator/import/gnu/arm/5.4.1/bin/../lib/gcc/arm-none-eabi/5.4.1/../../../../arm-none-eabi/lib/armv7-m\libm.a(lib_a-s_matherr.o)
 .debug_frame   0x00003c60       0x20 c:/program files (x86)/cypress/psoc creator/4.4/psoc creator/import/gnu/arm/5.4.1/bin/../lib/gcc/arm-none-eabi/5.4.1/../../../../arm-none-eabi/lib/armv7-m\libm.a(lib_a-s_nan.o)
 .debug_frame   0x00003c80       0x3c c:/program files (x86)/cypress/psoc creator/4.4/psoc creator/import/gnu/arm/5.4.1/bin/../lib/gcc/arm-none-eabi/5.4.1/../../../../arm-none-eabi/lib/armv7-m\libm.a(lib_a-s_rint.o)