Archive member included to satisfy reference by file (symbol)

.\CortexM3\ARM_GCC_541\Debug\DeliveryRobot.a(PWM_Trigger.o)
                              .\CortexM3\ARM_GCC_541\Debug\main.o (PWM_Trigger_Start)
.\CortexM3\ARM_GCC_541\Debug\DeliveryRobot.a(Timer_Echo.o)
                              .\CortexM3\ARM_GCC_541\Debug\main.o (Timer_Echo_WriteCounter)
.\CortexM3\ARM_GCC_541\Debug\DeliveryRobot.a(Timer_Echo_Int.o)
                              .\CortexM3\ARM_GCC_541\Debug\main.o (Timer_Echo_Int_StartEx)
.\CortexM3\ARM_GCC_541\Debug\DeliveryRobot.a(CyLib.o)
                              .\CortexM3\ARM_GCC_541\Debug\Cm3Start.o (CyResetStatus)
.\CortexM3\ARM_GCC_541\Debug\DeliveryRobot.a(cyPm.o)
                              .\CortexM3\ARM_GCC_541\Debug\DeliveryRobot.a(CyLib.o) (CyPmReadStatus)
.\CortexM3\ARM_GCC_541\Debug\DeliveryRobot.a(UART.o)
                              .\CortexM3\ARM_GCC_541\Debug\main.o (UART_Start)
.\CortexM3\ARM_GCC_541\Debug\DeliveryRobot.a(UART_IntClock.o)
                              .\CortexM3\ARM_GCC_541\Debug\DeliveryRobot.a(UART.o) (UART_IntClock_Start)
.\CortexM3\ARM_GCC_541\Debug\DeliveryRobot.a(Control_Reg_US.o)
                              .\CortexM3\ARM_GCC_541\Debug\main.o (Control_Reg_US_Write)
.\CortexM3\ARM_GCC_541\Debug\DeliveryRobot.a(QuadDec_L.o)
                              .\CortexM3\ARM_GCC_541\Debug\main.o (QuadDec_L_Start)
.\CortexM3\ARM_GCC_541\Debug\DeliveryRobot.a(QuadDec_L_INT.o)
                              .\CortexM3\ARM_GCC_541\Debug\DeliveryRobot.a(QuadDec_L.o) (QuadDec_L_count32SoftPart)
.\CortexM3\ARM_GCC_541\Debug\DeliveryRobot.a(QuadDec_L_Cnt16.o)
                              .\CortexM3\ARM_GCC_541\Debug\DeliveryRobot.a(QuadDec_L.o) (QuadDec_L_Cnt16_WriteCounter)
.\CortexM3\ARM_GCC_541\Debug\DeliveryRobot.a(PWM_Motor_L.o)
                              .\CortexM3\ARM_GCC_541\Debug\main.o (PWM_Motor_L_Start)
.\CortexM3\ARM_GCC_541\Debug\DeliveryRobot.a(Wheel_Vel_Int.o)
                              .\CortexM3\ARM_GCC_541\Debug\main.o (Wheel_Vel_Int_StartEx)
.\CortexM3\ARM_GCC_541\Debug\DeliveryRobot.a(CyBootAsmGnu.o)
                              .\CortexM3\ARM_GCC_541\Debug\cyfitter_cfg.o (CyDelayCycles)
.\CortexM3\ARM_GCC_541\Debug\DeliveryRobot.a(CyFlash.o)
                              .\CortexM3\ARM_GCC_541\Debug\DeliveryRobot.a(cyPm.o) (CyFlash_SetWaitCycles)
.\CortexM3\ARM_GCC_541\Debug\DeliveryRobot.a(CySpc.o)
                              .\CortexM3\ARM_GCC_541\Debug\DeliveryRobot.a(CyFlash.o) (CySpcStart)
c:/program files (x86)/cypress/psoc creator/4.4/psoc creator/import/gnu/arm/5.4.1/bin/../lib/gcc/arm-none-eabi/5.4.1/armv7-m\libgcc.a(_arm_addsubdf3.o)
                              .\CortexM3\ARM_GCC_541\Debug\main.o (__aeabi_dadd)
c:/program files (x86)/cypress/psoc creator/4.4/psoc creator/import/gnu/arm/5.4.1/bin/../lib/gcc/arm-none-eabi/5.4.1/armv7-m\libgcc.a(_arm_muldivdf3.o)
                              .\CortexM3\ARM_GCC_541\Debug\main.o (__aeabi_ddiv)
c:/program files (x86)/cypress/psoc creator/4.4/psoc creator/import/gnu/arm/5.4.1/bin/../lib/gcc/arm-none-eabi/5.4.1/armv7-m\libgcc.a(_arm_truncdfsf2.o)
                              .\CortexM3\ARM_GCC_541\Debug\main.o (__aeabi_d2f)
c:/program files (x86)/cypress/psoc creator/4.4/psoc creator/import/gnu/arm/5.4.1/bin/../lib/gcc/arm-none-eabi/5.4.1/armv7-m\libgcc.a(_arm_muldivsf3.o)
                              .\CortexM3\ARM_GCC_541\Debug\main.o (__aeabi_fmul)
c:/program files (x86)/cypress/psoc creator/4.4/psoc creator/import/gnu/arm/5.4.1/bin/../lib/gcc/arm-none-eabi/5.4.1/armv7-m\libgcc.a(_arm_cmpsf2.o)
                              .\CortexM3\ARM_GCC_541\Debug\main.o (__aeabi_fcmplt)
c:/program files (x86)/cypress/psoc creator/4.4/psoc creator/import/gnu/arm/5.4.1/bin/../lib/gcc/arm-none-eabi/5.4.1/armv7-m\libgcc.a(_arm_fixunssfsi.o)
                              .\CortexM3\ARM_GCC_541\Debug\main.o (__aeabi_f2uiz)
c:/program files (x86)/cypress/psoc creator/4.4/psoc creator/import/gnu/arm/5.4.1/bin/../lib/gcc/arm-none-eabi/5.4.1/../../../../arm-none-eabi/lib/armv7-m\libg_nano.a(lib_a-errno.o)
                              .\CortexM3\ARM_GCC_541\Debug\Cm3Start.o (__errno)
c:/program files (x86)/cypress/psoc creator/4.4/psoc creator/import/gnu/arm/5.4.1/bin/../lib/gcc/arm-none-eabi/5.4.1/../../../../arm-none-eabi/lib/armv7-m\libg_nano.a(lib_a-exit.o)
                              c:/program files (x86)/cypress/psoc creator/4.4/psoc creator/import/gnu/arm/5.4.1/bin/../lib/gcc/arm-none-eabi/5.4.1/../../../../arm-none-eabi/lib/armv7-m/crt0.o (exit)
c:/program files (x86)/cypress/psoc creator/4.4/psoc creator/import/gnu/arm/5.4.1/bin/../lib/gcc/arm-none-eabi/5.4.1/../../../../arm-none-eabi/lib/armv7-m\libg_nano.a(lib_a-impure.o)
                              c:/program files (x86)/cypress/psoc creator/4.4/psoc creator/import/gnu/arm/5.4.1/bin/../lib/gcc/arm-none-eabi/5.4.1/../../../../arm-none-eabi/lib/armv7-m\libg_nano.a(lib_a-exit.o) (_global_impure_ptr)
[...]
Memory Configuration

Name             Origin             Length             Attributes
rom              0x00000000         0x00040000         xr
ram              0x1fff8000         0x00010000         xrw
*default*        0x00000000         0xffffffff

Linker script and memory map

LOAD c:/program files (x86)/cypress/psoc creator/4.4/psoc creator/import/gnu/arm/5.4.1/bin/../lib/gcc/arm-none-eabi/5.4.1/armv7-m/crti.o
LOAD c:/program files (x86)/cypress/psoc creator/4.4/psoc creator/import/gnu/arm/5.4.1/bin/../lib/gcc/arm-none-eabi/5.4.1/armv7-m/crtbegin.o
LOAD c:/program files (x86)/cypress/psoc creator/4.4/psoc creator/import/gnu/arm/5.4.1/bin/../lib/gcc/arm-none-eabi/5.4.1/../../../../arm-none-eabi/lib/armv7-m/crt0.o
START GROUP
LOAD .\CortexM3\ARM_GCC_541\Debug\main.o
LOAD .\CortexM3\ARM_GCC_541\Debug\cyfitter_cfg.o
LOAD .\CortexM3\ARM_GCC_541\Debug\cymetadata.o
LOAD .\CortexM3\ARM_GCC_541\Debug\Cm3Start.o
LOAD .\CortexM3\ARM_GCC_541\Debug\DeliveryRobot.a
LOAD C:\Program Files (x86)\Cypress\PSoC Creator\4.4\PSoC Creator\psoc\content\cycomponentlibrary\CyComponentLibrary.cylib\CortexM3\ARM_GCC_541\Debug\CyComponentLibrary.a
END GROUP
START GROUP
LOAD c:/program files (x86)/cypress/psoc creator/4.4/psoc creator/import/gnu/arm/5.4.1/bin/../lib/gcc/arm-none-eabi/5.4.1/armv7-m\libgcc.a
LOAD c:/program files (x86)/cypress/psoc creator/4.4/psoc creator/import/gnu/arm/5.4.1/bin/../lib/gcc/arm-none-eabi/5.4.1/../../../../arm-none-eabi/lib/armv7-m\libg_nano.a
LOAD c:/program files (x86)/cypress/psoc creator/4.4/psoc creator/import/gnu/arm/5.4.1/bin/../lib/gcc/arm-none-eabi/5.4.1/../../../../arm-none-eabi/lib/armv7-m\libc_nano.a
END GROUP
START GROUP
LOAD c:/program files (x86)/cypress/psoc creator/4.4/psoc creator/import/gnu/arm/5.4.1/bin/../lib/gcc/arm-none-eabi/5.4.1/armv7-m\libgcc.a
LOAD c:/program files (x86)/cypress/psoc creator/4.4/psoc creator/import/gnu/arm/5.4.1/bin/../lib/gcc/arm-none-eabi/5.4.1/../../../../arm-none-eabi/lib/armv7-m\libc_nano.a
END GROUP
LOAD c:/program files (x86)/cypress/psoc creator/4.4/psoc creator/import/gnu/arm/5.4.1/bin/../lib/gcc/arm-none-eabi/5.4.1/armv7-m/crtend.o
LOAD c:/program files (x86)/cypress/psoc creator/4.4/psoc creator/import/gnu/arm/5.4.1/bin/../lib/gcc/arm-none-eabi/5.4.1/armv7-m/crtn.o
START GROUP
LOAD c:/program files (x86)/cypress/psoc creator/4.4/psoc creator/import/gnu/arm/5.4.1/bin/../lib/gcc/arm-none-eabi/5.4.1/armv7-m\libgcc.a
LOAD c:/program files (x86)/cypress/psoc creator/4.4/psoc creator/import/gnu/arm/5.4.1/bin/../lib/gcc/arm-none-eabi/5.4.1/../../../../arm-none-eabi/lib/armv7-m\libc.a
LOAD c:/program files (x86)/cypress/psoc creator/4.4/psoc creator/import/gnu/arm/5.4.1/bin/../lib/gcc/arm-none-eabi/5.4.1/../../../../arm-none-eabi/lib/armv7-m\libnosys.a
END GROUP
                0x00000000                CY_APPL_ORIGIN = 0x0
                0x00000100                CY_FLASH_ROW_SIZE = 0x100
                0x00000020                CY_ECC_ROW_SIZE = 0x20
                0x00000000                CY_EE_IN_BTLDR = 0x0
                0x00000000                CY_APPL_LOADABLE = 0x0
                0x00000800                CY_EE_SIZE = 0x800
                0x00000001                CY_APPL_NUM = 0x1
                0x00000001                CY_APPL_MAX = 0x1
                0x00000040                CY_METADATA_SIZE = 0x40
                0x00000000                CY_APPL_LOADABLE = 0x0
                0x00000000                CY_CHECKSUM_EXCLUDE_SIZE = ALIGN (0x0, CY_FLASH_ROW_SIZE)
                [!provide]                PROVIDE (__cy_heap_start, _end)
                0x00000001                PROVIDE (__cy_region_num, ((__cy_regions_end - __cy_regions) / 0x10))
                0x20008000                PROVIDE (__cy_stack, (ORIGIN (ram) + LENGTH (ram)))
                [!provide]                PROVIDE (__cy_heap_end, (__cy_stack - 0x800))

.cybootloader   0x00000000        0x0
 *(.cybootloader)
                0x00000000                appl1_start = CY_APPL_ORIGIN?CY_APPL_ORIGIN:ALIGN (CY_FLASH_ROW_SIZE)
                0x0001ff00                appl2_start = (appl1_start + ALIGN ((((LENGTH (rom) - appl1_start) - (0x2 * CY_FLASH_ROW_SIZE)) / 0x2), CY_FLASH_ROW_SIZE))
                0x00000000                appl_start = (CY_APPL_NUM == 0x1)?appl1_start:appl2_start
                0x00000000                ecc_offset = ((appl_start / CY_FLASH_ROW_SIZE) * CY_ECC_ROW_SIZE)
                0x00000000                ee_offset = (CY_APPL_LOADABLE && ! (CY_EE_IN_BTLDR))?((CY_EE_SIZE / CY_APPL_MAX) * (CY_APPL_NUM - 0x1)):0x0
                0x00000800                ee_size = (CY_APPL_LOADABLE && ! (CY_EE_IN_BTLDR))?(CY_EE_SIZE / CY_APPL_MAX):CY_EE_SIZE
                [!provide]                PROVIDE (CY_ECC_OFFSET, ecc_offset)

.text           0x00000000     0x41b4
 CREATE_OBJECT_SYMBOLS
                0x00000000                PROVIDE (__cy_interrupt_vector, RomVectors)
 *(.romvectors)
 .romvectors    0x00000000       0x10 .\CortexM3\ARM_GCC_541\Debug\Cm3Start.o
                0x00000000                RomVectors
                0x00000001                ASSERT ((. != __cy_interrupt_vector), No interrupt vector)
                0x00000001                ASSERT (CY_APPL_ORIGIN?(SIZEOF (.cybootloader) <= CY_APPL_ORIGIN):0x1, Wrong image location)
                0x00000010                PROVIDE (__cy_reset, Reset)
 *(.text.Reset)
 .text.Reset    0x00000010       0x18 .\CortexM3\ARM_GCC_541\Debug\Cm3Start.o
                0x00000010                Reset
                0x00000001                ASSERT ((. != __cy_reset), No reset code)
 *(.dma_init)
                0x00000001                ASSERT ((((appl_start + .) <= 0x10000) || 0x1), DMA Init must be within the first 64k of flash)
 *(.text .text.* .gnu.linkonce.t.*)
 .text          0x00000028       0x5c c:/program files (x86)/cypress/psoc creator/4.4/psoc creator/import/gnu/arm/5.4.1/bin/../lib/gcc/arm-none-eabi/5.4.1/armv7-m/crtbegin.o
 .text.Timer_Int_Handler
                0x00000084       0x34 .\CortexM3\ARM_GCC_541\Debug\main.o
                0x00000084                Timer_Int_Handler
 .text.Wheel_Vel_Int_Handler
                0x000000b8       0xa0 .\CortexM3\ARM_GCC_541\Debug\main.o
                0x000000b8                Wheel_Vel_Int_Handler
 .text.main     0x00000158       0xe8 .\CortexM3\ARM_GCC_541\Debug\main.o
                0x00000158                main
 .text.Drive_Left_Motor
                0x00000240       0x70 .\CortexM3\ARM_GCC_541\Debug\main.o
                0x00000240                Drive_Left_Motor
 .text.CYMEMZERO
                0x000002b0       0x1c .\CortexM3\ARM_GCC_541\Debug\cyfitter_cfg.o
 .text.CYCONFIGCPY
                0x000002cc       0x20 .\CortexM3\ARM_GCC_541\Debug\cyfitter_cfg.o
 .text.CyClockStartupError
                0x000002ec        0xc .\CortexM3\ARM_GCC_541\Debug\cyfitter_cfg.o
 .text.cfg_write_bytes32
                0x000002f8       0x74 .\CortexM3\ARM_GCC_541\Debug\cyfitter_cfg.o
 .text.ClockSetup
                0x0000036c      0x144 .\CortexM3\ARM_GCC_541\Debug\cyfitter_cfg.o
 .text.AnalogSetDefault
                0x000004b0       0x44 .\CortexM3\ARM_GCC_541\Debug\cyfitter_cfg.o
 .text.cyfitter_cfg
                0x000004f4      0x144 .\CortexM3\ARM_GCC_541\Debug\cyfitter_cfg.o
                0x000004f4                cyfitter_cfg
 .text.IntDefaultHandler
                0x00000638       0x14 .\CortexM3\ARM_GCC_541\Debug\Cm3Start.o
                0x00000638                IntDefaultHandler
 .text._sbrk    0x0000064c       0x54 .\CortexM3\ARM_GCC_541\Debug\Cm3Start.o
                0x0000064c                _sbrk
 .text.Start_c  0x000006a0       0x98 .\CortexM3\ARM_GCC_541\Debug\Cm3Start.o
                0x000006a0                Start_c
 .text.initialize_psoc
                0x00000738       0x90 .\CortexM3\ARM_GCC_541\Debug\Cm3Start.o
                0x00000738                initialize_psoc
 .text.PWM_Trigger_Start
                0x000007c8       0x24 .\CortexM3\ARM_GCC_541\Debug\DeliveryRobot.a(PWM_Trigger.o)
                0x000007c8                PWM_Trigger_Start
 .text.PWM_Trigger_Init
                0x000007ec       0x64 .\CortexM3\ARM_GCC_541\Debug\DeliveryRobot.a(PWM_Trigger.o)
                0x000007ec                PWM_Trigger_Init
 .text.PWM_Trigger_Enable
                0x00000850       0x20 .\CortexM3\ARM_GCC_541\Debug\DeliveryRobot.a(PWM_Trigger.o)
                0x00000850                PWM_Trigger_Enable
 .text.PWM_Trigger_WriteCounter
                0x00000870       0x20 .\CortexM3\ARM_GCC_541\Debug\DeliveryRobot.a(PWM_Trigger.o)
                0x00000870                PWM_Trigger_WriteCounter
 .text.PWM_Trigger_WritePeriod
                0x00000890       0x20 .\CortexM3\ARM_GCC_541\Debug\DeliveryRobot.a(PWM_Trigger.o)
                0x00000890                PWM_Trigger_WritePeriod
 .text.PWM_Trigger_WriteCompare
                0x000008b0       0x20 .\CortexM3\ARM_GCC_541\Debug\DeliveryRobot.a(PWM_Trigger.o)
                0x000008b0                PWM_Trigger_WriteCompare
 .text.Timer_Echo_Init
                0x000008d0       0x54 .\CortexM3\ARM_GCC_541\Debug\DeliveryRobot.a(Timer_Echo.o)
                0x000008d0                Timer_Echo_Init
 .text.Timer_Echo_Enable
                0x00000924       0x20 .\CortexM3\ARM_GCC_541\Debug\DeliveryRobot.a(Timer_Echo.o)
                0x00000924                Timer_Echo_Enable
 .text.Timer_Echo_Start
                0x00000944       0x24 .\CortexM3\ARM_GCC_541\Debug\DeliveryRobot.a(Timer_Echo.o)
                0x00000944                Timer_Echo_Start
 .text.Timer_Echo_Stop
                0x00000968       0x20 .\CortexM3\ARM_GCC_541\Debug\DeliveryRobot.a(Timer_Echo.o)
                0x00000968                Timer_Echo_Stop
 .text.Timer_Echo_SetInterruptMode
                0x00000988       0x20 .\CortexM3\ARM_GCC_541\Debug\DeliveryRobot.a(Timer_Echo.o)
                0x00000988                Timer_Echo_SetInterruptMode
 .text.Timer_Echo_ReadStatusRegister
                0x000009a8       0x18 .\CortexM3\ARM_GCC_541\Debug\DeliveryRobot.a(Timer_Echo.o)
                0x000009a8                Timer_Echo_ReadStatusRegister
 .text.Timer_Echo_WritePeriod
                0x000009c0       0x20 .\CortexM3\ARM_GCC_541\Debug\DeliveryRobot.a(Timer_Echo.o)
                0x000009c0                Timer_Echo_WritePeriod
 .text.Timer_Echo_ReadCapture
                0x000009e0       0x18 .\CortexM3\ARM_GCC_541\Debug\DeliveryRobot.a(Timer_Echo.o)
                0x000009e0                Timer_Echo_ReadCapture
 .text.Timer_Echo_WriteCounter
                0x000009f8       0x20 .\CortexM3\ARM_GCC_541\Debug\DeliveryRobot.a(Timer_Echo.o)
                0x000009f8                Timer_Echo_WriteCounter
 .text.Timer_Echo_SetInterruptCount
                0x00000a18       0x40 .\CortexM3\ARM_GCC_541\Debug\DeliveryRobot.a(Timer_Echo.o)
                0x00000a18                Timer_Echo_SetInterruptCount
 .text.Timer_Echo_ClearFIFO
                0x00000a58       0x1c .\CortexM3\ARM_GCC_541\Debug\DeliveryRobot.a(Timer_Echo.o)
                0x00000a58                Timer_Echo_ClearFIFO
 .text.Timer_Echo_Int_StartEx
                0x00000a74       0x24 .\CortexM3\ARM_GCC_541\Debug\DeliveryRobot.a(Timer_Echo_Int.o)
                0x00000a74                Timer_Echo_Int_StartEx
 .text.Timer_Echo_Int_SetVector
                0x00000a98       0x24 .\CortexM3\ARM_GCC_541\Debug\DeliveryRobot.a(Timer_Echo_Int.o)
                0x00000a98                Timer_Echo_Int_SetVector
 .text.Timer_Echo_Int_SetPriority
                0x00000abc       0x24 .\CortexM3\ARM_GCC_541\Debug\DeliveryRobot.a(Timer_Echo_Int.o)
                0x00000abc                Timer_Echo_Int_SetPriority
 .text.Timer_Echo_Int_Enable
                0x00000ae0       0x18 .\CortexM3\ARM_GCC_541\Debug\DeliveryRobot.a(Timer_Echo_Int.o)
                0x00000ae0                Timer_Echo_Int_Enable
 .text.Timer_Echo_Int_Disable
                0x00000af8       0x18 .\CortexM3\ARM_GCC_541\Debug\DeliveryRobot.a(Timer_Echo_Int.o)
                0x00000af8                Timer_Echo_Int_Disable
 .text.CyHalt   0x00000b10       0x18 .\CortexM3\ARM_GCC_541\Debug\DeliveryRobot.a(CyLib.o)
                0x00000b10                CyHalt
 .text.CyDelay  0x00000b28       0x44 .\CortexM3\ARM_GCC_541\Debug\DeliveryRobot.a(CyLib.o)
                0x00000b28                CyDelay
 .text.CyDelayUs
                0x00000b6c       0x28 .\CortexM3\ARM_GCC_541\Debug\DeliveryRobot.a(CyLib.o)
                0x00000b6c                CyDelayUs
 .text.CyIntSetVector
                0x00000b94       0x50 .\CortexM3\ARM_GCC_541\Debug\DeliveryRobot.a(CyLib.o)
                0x00000b94                CyIntSetVector
 .text.CyIntSetPriority
                0x00000be4       0x48 .\CortexM3\ARM_GCC_541\Debug\DeliveryRobot.a(CyLib.o)
                0x00000be4                CyIntSetPriority
 .text.UART_Start
                0x00000c2c       0x24 .\CortexM3\ARM_GCC_541\Debug\DeliveryRobot.a(UART.o)
                0x00000c2c                UART_Start
 .text.UART_Init
                0x00000c50       0x2c .\CortexM3\ARM_GCC_541\Debug\DeliveryRobot.a(UART.o)
                0x00000c50                UART_Init
 .text.UART_Enable
                0x00000c7c       0x38 .\CortexM3\ARM_GCC_541\Debug\DeliveryRobot.a(UART.o)
                0x00000c7c                UART_Enable
 .text.UART_PutChar
                0x00000cb4       0x34 .\CortexM3\ARM_GCC_541\Debug\DeliveryRobot.a(UART.o)
                0x00000cb4                UART_PutChar
 .text.UART_PutString
                0x00000ce8       0x44 .\CortexM3\ARM_GCC_541\Debug\DeliveryRobot.a(UART.o)
                0x00000ce8                UART_PutString
 .text.UART_PutCRLF
                0x00000d2c       0x34 .\CortexM3\ARM_GCC_541\Debug\DeliveryRobot.a(UART.o)
                0x00000d2c                UART_PutCRLF
 .text.UART_IntClock_Start
                0x00000d60       0x34 .\CortexM3\ARM_GCC_541\Debug\DeliveryRobot.a(UART_IntClock.o)
                0x00000d60                UART_IntClock_Start
 .text.Control_Reg_US_Write
                0x00000d94       0x20 .\CortexM3\ARM_GCC_541\Debug\DeliveryRobot.a(Control_Reg_US.o)
                0x00000d94                Control_Reg_US_Write
 .text.QuadDec_L_Init
                0x00000db4       0x28 .\CortexM3\ARM_GCC_541\Debug\DeliveryRobot.a(QuadDec_L.o)
                0x00000db4                QuadDec_L_Init
 .text.QuadDec_L_Enable
                0x00000ddc       0x48 .\CortexM3\ARM_GCC_541\Debug\DeliveryRobot.a(QuadDec_L.o)
                0x00000ddc                QuadDec_L_Enable
 .text.QuadDec_L_Start
                0x00000e24       0x38 .\CortexM3\ARM_GCC_541\Debug\DeliveryRobot.a(QuadDec_L.o)
                0x00000e24                QuadDec_L_Start
 .text.QuadDec_L_GetCounter
                0x00000e5c       0x48 .\CortexM3\ARM_GCC_541\Debug\DeliveryRobot.a(QuadDec_L.o)
                0x00000e5c                QuadDec_L_GetCounter
 .text.QuadDec_L_GetEvents
                0x00000ea4       0x1c .\CortexM3\ARM_GCC_541\Debug\DeliveryRobot.a(QuadDec_L.o)
                0x00000ea4                QuadDec_L_GetEvents
 .text.QuadDec_L_SetInterruptMask
                0x00000ec0       0x28 .\CortexM3\ARM_GCC_541\Debug\DeliveryRobot.a(QuadDec_L.o)
                0x00000ec0                QuadDec_L_SetInterruptMask
 .text.QuadDec_L_ISR
                0x00000ee8       0x60 .\CortexM3\ARM_GCC_541\Debug\DeliveryRobot.a(QuadDec_L_INT.o)
                0x00000ee8                QuadDec_L_ISR
 .text.QuadDec_L_Cnt16_Init
                0x00000f48       0x80 .\CortexM3\ARM_GCC_541\Debug\DeliveryRobot.a(QuadDec_L_Cnt16.o)
                0x00000f48                QuadDec_L_Cnt16_Init
 .text.QuadDec_L_Cnt16_Enable
                0x00000fc8       0x20 .\CortexM3\ARM_GCC_541\Debug\DeliveryRobot.a(QuadDec_L_Cnt16.o)
                0x00000fc8                QuadDec_L_Cnt16_Enable
 .text.QuadDec_L_Cnt16_Start
                0x00000fe8       0x24 .\CortexM3\ARM_GCC_541\Debug\DeliveryRobot.a(QuadDec_L_Cnt16.o)
                0x00000fe8                QuadDec_L_Cnt16_Start
 .text.QuadDec_L_Cnt16_SetInterruptMode
                0x0000100c       0x20 .\CortexM3\ARM_GCC_541\Debug\DeliveryRobot.a(QuadDec_L_Cnt16.o)
                0x0000100c                QuadDec_L_Cnt16_SetInterruptMode
 .text.QuadDec_L_Cnt16_ReadStatusRegister
                0x0000102c       0x18 .\CortexM3\ARM_GCC_541\Debug\DeliveryRobot.a(QuadDec_L_Cnt16.o)
                0x0000102c                QuadDec_L_Cnt16_ReadStatusRegister
 .text.QuadDec_L_Cnt16_WriteCounter
                0x00001044       0x20 .\CortexM3\ARM_GCC_541\Debug\DeliveryRobot.a(QuadDec_L_Cnt16.o)
                0x00001044                QuadDec_L_Cnt16_WriteCounter
 .text.QuadDec_L_Cnt16_ReadCounter
                0x00001064       0x20 .\CortexM3\ARM_GCC_541\Debug\DeliveryRobot.a(QuadDec_L_Cnt16.o)
                0x00001064                QuadDec_L_Cnt16_ReadCounter
 .text.QuadDec_L_Cnt16_ReadCapture
                0x00001084       0x18 .\CortexM3\ARM_GCC_541\Debug\DeliveryRobot.a(QuadDec_L_Cnt16.o)
                0x00001084                QuadDec_L_Cnt16_ReadCapture
 .text.QuadDec_L_Cnt16_WritePeriod
                0x0000109c       0x20 .\CortexM3\ARM_GCC_541\Debug\DeliveryRobot.a(QuadDec_L_Cnt16.o)
                0x0000109c                QuadDec_L_Cnt16_WritePeriod
 .text.QuadDec_L_Cnt16_WriteCompare
                0x000010bc       0x20 .\CortexM3\ARM_GCC_541\Debug\DeliveryRobot.a(QuadDec_L_Cnt16.o)
                0x000010bc                QuadDec_L_Cnt16_WriteCompare
 .text.QuadDec_L_Cnt16_ClearFIFO
                0x000010dc       0x1c .\CortexM3\ARM_GCC_541\Debug\DeliveryRobot.a(QuadDec_L_Cnt16.o)
                0x000010dc                QuadDec_L_Cnt16_ClearFIFO
 .text.PWM_Motor_L_Start
                0x000010f8       0x24 .\CortexM3\ARM_GCC_541\Debug\DeliveryRobot.a(PWM_Motor_L.o)
                0x000010f8                PWM_Motor_L_Start
 .text.PWM_Motor_L_Init
                0x0000111c       0x9c .\CortexM3\ARM_GCC_541\Debug\DeliveryRobot.a(PWM_Motor_L.o)
                0x0000111c                PWM_Motor_L_Init
 .text.PWM_Motor_L_Enable
                0x000011b8       0x20 .\CortexM3\ARM_GCC_541\Debug\DeliveryRobot.a(PWM_Motor_L.o)
                0x000011b8                PWM_Motor_L_Enable
 .text.PWM_Motor_L_WriteCounter
                0x000011d8       0x20 .\CortexM3\ARM_GCC_541\Debug\DeliveryRobot.a(PWM_Motor_L.o)
                0x000011d8                PWM_Motor_L_WriteCounter
 .text.PWM_Motor_L_ClearFIFO
                0x000011f8       0x1c .\CortexM3\ARM_GCC_541\Debug\DeliveryRobot.a(PWM_Motor_L.o)
                0x000011f8                PWM_Motor_L_ClearFIFO
 .text.PWM_Motor_L_WritePeriod
                0x00001214       0x20 .\CortexM3\ARM_GCC_541\Debug\DeliveryRobot.a(PWM_Motor_L.o)
                0x00001214                PWM_Motor_L_WritePeriod
 .text.PWM_Motor_L_WriteCompare1
                0x00001234       0x20 .\CortexM3\ARM_GCC_541\Debug\DeliveryRobot.a(PWM_Motor_L.o)
                0x00001234                PWM_Motor_L_WriteCompare1
 .text.PWM_Motor_L_WriteCompare2
                0x00001254       0x20 .\CortexM3\ARM_GCC_541\Debug\DeliveryRobot.a(PWM_Motor_L.o)
                0x00001254                PWM_Motor_L_WriteCompare2
 .text.PWM_Motor_L_SetInterruptMode
                0x00001274       0x20 .\CortexM3\ARM_GCC_541\Debug\DeliveryRobot.a(PWM_Motor_L.o)
                0x00001274                PWM_Motor_L_SetInterruptMode
 .text.PWM_Motor_L_ReadStatusRegister
                0x00001294       0x18 .\CortexM3\ARM_GCC_541\Debug\DeliveryRobot.a(PWM_Motor_L.o)
                0x00001294                PWM_Motor_L_ReadStatusRegister
 .text.PWM_Motor_L_ReadCapture
                0x000012ac       0x18 .\CortexM3\ARM_GCC_541\Debug\DeliveryRobot.a(PWM_Motor_L.o)
                0x000012ac                PWM_Motor_L_ReadCapture
 .text.Wheel_Vel_Int_StartEx
                0x000012c4       0x24 .\CortexM3\ARM_GCC_541\Debug\DeliveryRobot.a(Wheel_Vel_Int.o)
                0x000012c4                Wheel_Vel_Int_StartEx
 .text.Wheel_Vel_Int_SetVector
                0x000012e8       0x24 .\CortexM3\ARM_GCC_541\Debug\DeliveryRobot.a(Wheel_Vel_Int.o)
                0x000012e8                Wheel_Vel_Int_SetVector
 .text.Wheel_Vel_Int_SetPriority
                0x0000130c       0x24 .\CortexM3\ARM_GCC_541\Debug\DeliveryRobot.a(Wheel_Vel_Int.o)
                0x0000130c                Wheel_Vel_Int_SetPriority
 .text.Wheel_Vel_Int_Enable
                0x00001330       0x18 .\CortexM3\ARM_GCC_541\Debug\DeliveryRobot.a(Wheel_Vel_Int.o)
                0x00001330                Wheel_Vel_Int_Enable
 .text.Wheel_Vel_Int_Disable
                0x00001348       0x18 .\CortexM3\ARM_GCC_541\Debug\DeliveryRobot.a(Wheel_Vel_Int.o)
                0x00001348                Wheel_Vel_Int_Disable
 .text          0x00001360       0x20 .\CortexM3\ARM_GCC_541\Debug\DeliveryRobot.a(CyBootAsmGnu.o)
                0x00001360                CyDelayCycles
                0x00001370                CyEnterCriticalSection
                0x00001378                CyExitCriticalSection
 .text          0x00001380      0x370 c:/program files (x86)/cypress/psoc creator/4.4/psoc creator/import/gnu/arm/5.4.1/bin/../lib/gcc/arm-none-eabi/5.4.1/armv7-m\libgcc.a(_arm_addsubdf3.o)
                0x00001380                __aeabi_drsub
                0x00001388                __aeabi_dsub
                0x00001388                __subdf3
                0x0000138c                __aeabi_dadd
                0x0000138c                __adddf3
                0x00001604                __floatunsidf
                0x00001604                __aeabi_ui2d
                0x00001624                __floatsidf
                0x00001624                __aeabi_i2d
                0x00001648                __aeabi_f2d
                0x00001648                __extendsfdf2
                0x00001684                __floatundidf
                0x00001684                __aeabi_ul2d
                0x00001694                __floatdidf
                0x00001694                __aeabi_l2d
 .text          0x000016f0      0x424 c:/program files (x86)/cypress/psoc creator/4.4/psoc creator/import/gnu/arm/5.4.1/bin/../lib/gcc/arm-none-eabi/5.4.1/armv7-m\libgcc.a(_arm_muldivdf3.o)
                0x000016f0                __aeabi_dmul
                0x000016f0                __muldf3
                0x00001944                __divdf3
                0x00001944                __aeabi_ddiv
 .text          0x00001b14       0xa0 c:/program files (x86)/cypress/psoc creator/4.4/psoc creator/import/gnu/arm/5.4.1/bin/../lib/gcc/arm-none-eabi/5.4.1/armv7-m\libgcc.a(_arm_truncdfsf2.o)
                0x00001b14                __truncdfsf2
                0x00001b14                __aeabi_d2f
 .text          0x00001bb4      0x2a0 c:/program files (x86)/cypress/psoc creator/4.4/psoc creator/import/gnu/arm/5.4.1/bin/../lib/gcc/arm-none-eabi/5.4.1/armv7-m\libgcc.a(_arm_muldivsf3.o)
                0x00001bb4                __mulsf3
                0x00001bb4                __aeabi_fmul
                0x00001d1c                __aeabi_fdiv
                0x00001d1c                __divsf3
 .text          0x00001e54       0xec c:/program files (x86)/cypress/psoc creator/4.4/psoc creator/import/gnu/arm/5.4.1/bin/../lib/gcc/arm-none-eabi/5.4.1/armv7-m\libgcc.a(_arm_cmpsf2.o)
                0x00001e54                __gesf2
                0x00001e54                __gtsf2
                0x00001e5c                __lesf2
                0x00001e5c                __ltsf2
                0x00001e64                __nesf2
                0x00001e64                __eqsf2
                0x00001e64                __cmpsf2
                0x00001ec4                __aeabi_cfrcmple
                0x00001ecc                __aeabi_cfcmpeq
                0x00001ecc                __aeabi_cfcmple
                0x00001edc                __aeabi_fcmpeq
                0x00001ef0                __aeabi_fcmplt
                0x00001f04                __aeabi_fcmple
                0x00001f18                __aeabi_fcmpge
                0x00001f2c                __aeabi_fcmpgt
 .text          0x00001f40       0x40 c:/program files (x86)/cypress/psoc creator/4.4/psoc creator/import/gnu/arm/5.4.1/bin/../lib/gcc/arm-none-eabi/5.4.1/armv7-m\libgcc.a(_arm_fixunssfsi.o)
                0x00001f40                __fixunssfsi
                0x00001f40                __aeabi_f2uiz
 .text.__errno  0x00001f80        0xc c:/program files (x86)/cypress/psoc creator/4.4/psoc creator/import/gnu/arm/5.4.1/bin/../lib/gcc/arm-none-eabi/5.4.1/../../../../arm-none-eabi/lib/armv7-m\libg_nano.a(lib_a-errno.o)
                0x00001f80                __errno
 .text.__libc_init_array
                0x00001f8c       0x4c c:/program files (x86)/cypress/psoc creator/4.4/psoc creator/import/gnu/arm/5.4.1/bin/../lib/gcc/arm-none-eabi/5.4.1/../../../../arm-none-eabi/lib/armv7-m\libg_nano.a(lib_a-init.o)
                0x00001f8c                __libc_init_array
 .text.memcpy   0x00001fd8       0x16 c:/program files (x86)/cypress/psoc creator/4.4/psoc creator/import/gnu/arm/5.4.1/bin/../lib/gcc/arm-none-eabi/5.4.1/../../../../arm-none-eabi/lib/armv7-m\libg_nano.a(lib_a-memcpy-stub.o)
                0x00001fd8                memcpy
 .text.memset   0x00001fee       0x10 c:/program files (x86)/cypress/psoc creator/4.4/psoc creator/import/gnu/arm/5.4.1/bin/../lib/gcc/arm-none-eabi/5.4.1/../../../../arm-none-eabi/lib/armv7-m\libg_nano.a(lib_a-memset.o)
                0x00001fee                memset
 .text.__cvt    0x00001ffe       0xc0 c:/program files (x86)/cypress/psoc creator/4.4/psoc creator/import/gnu/arm/5.4.1/bin/../lib/gcc/arm-none-eabi/5.4.1/../../../../arm-none-eabi/lib/armv7-m\libg_nano.a(lib_a-nano-vfprintf_float.o)
                0x00001ffe                __cvt
 .text.__exponent
                0x000020be       0x62 c:/program files (x86)/cypress/psoc creator/4.4/psoc creator/import/gnu/arm/5.4.1/bin/../lib/gcc/arm-none-eabi/5.4.1/../../../../arm-none-eabi/lib/armv7-m\libg_nano.a(lib_a-nano-vfprintf_float.o)
                0x000020be                __exponent
 .text._printf_float
                0x00002120      0x488 c:/program files (x86)/cypress/psoc creator/4.4/psoc creator/import/gnu/arm/5.4.1/bin/../lib/gcc/arm-none-eabi/5.4.1/../../../../arm-none-eabi/lib/armv7-m\libg_nano.a(lib_a-nano-vfprintf_float.o)
                0x00002120                _printf_float
 .text._printf_common
                0x000025a8       0xec c:/program files (x86)/cypress/psoc creator/4.4/psoc creator/import/gnu/arm/5.4.1/bin/../lib/gcc/arm-none-eabi/5.4.1/../../../../arm-none-eabi/lib/armv7-m\libg_nano.a(lib_a-nano-vfprintf_i.o)
                0x000025a8                _printf_common
 .text._printf_i
                0x00002694      0x24c c:/program files (x86)/cypress/psoc creator/4.4/psoc creator/import/gnu/arm/5.4.1/bin/../lib/gcc/arm-none-eabi/5.4.1/../../../../arm-none-eabi/lib/armv7-m\libg_nano.a(lib_a-nano-vfprintf_i.o)
                0x00002694                _printf_i
 .text.sprintf  0x000028e0       0x48 c:/program files (x86)/cypress/psoc creator/4.4/psoc creator/import/gnu/arm/5.4.1/bin/../lib/gcc/arm-none-eabi/5.4.1/../../../../arm-none-eabi/lib/armv7-m\libg_nano.a(lib_a-sprintf.o)
                0x000028e0                siprintf
                0x000028e0                sprintf
 .text          0x00002928       0x10 c:/program files (x86)/cypress/psoc creator/4.4/psoc creator/import/gnu/arm/5.4.1/bin/../lib/gcc/arm-none-eabi/5.4.1/../../../../arm-none-eabi/lib/armv7-m\libg_nano.a(lib_a-strlen.o)
                0x00002928                strlen
 .text.quorem   0x00002938      0x116 c:/program files (x86)/cypress/psoc creator/4.4/psoc creator/import/gnu/arm/5.4.1/bin/../lib/gcc/arm-none-eabi/5.4.1/../../../../arm-none-eabi/lib/armv7-m\libg_nano.a(lib_a-dtoa.o)
 *fill*         0x00002a4e        0x2 
 .text._dtoa_r  0x00002a50      0xb30 c:/program files (x86)/cypress/psoc creator/4.4/psoc creator/import/gnu/arm/5.4.1/bin/../lib/gcc/arm-none-eabi/5.4.1/../../../../arm-none-eabi/lib/armv7-m\libg_nano.a(lib_a-dtoa.o)
                0x00002a50                _dtoa_r
 .text._localeconv_r
                0x00003580        0x8 c:/program files (x86)/cypress/psoc creator/4.4/psoc creator/import/gnu/arm/5.4.1/bin/../lib/gcc/arm-none-eabi/5.4.1/../../../../arm-none-eabi/lib/armv7-m\libg_nano.a(lib_a-locale.o)
                0x00003580                _localeconv_r
 .text.malloc   0x00003588       0x10 c:/program files (x86)/cypress/psoc creator/4.4/psoc creator/import/gnu/arm/5.4.1/bin/../lib/gcc/arm-none-eabi/5.4.1/../../../../arm-none-eabi/lib/armv7-m\libg_nano.a(lib_a-malloc.o)
                0x00003588                malloc
 .text.memchr   0x00003598       0x1c c:/program files (x86)/cypress/psoc creator/4.4/psoc creator/import/gnu/arm/5.4.1/bin/../lib/gcc/arm-none-eabi/5.4.1/../../../../arm-none-eabi/lib/armv7-m\libg_nano.a(lib_a-memchr-stub.o)
                0x00003598                memchr
 .text._Balloc  0x000035b4       0x6a c:/program files (x86)/cypress/psoc creator/4.4/psoc creator/import/gnu/arm/5.4.1/bin/../lib/gcc/arm-none-eabi/5.4.1/../../../../arm-none-eabi/lib/armv7-m\libg_nano.a(lib_a-mprec.o)
                0x000035b4                _Balloc
 .text._Bfree   0x0000361e       0x2e c:/program files (x86)/cypress/psoc creator/4.4/psoc creator/import/gnu/arm/5.4.1/bin/../lib/gcc/arm-none-eabi/5.4.1/../../../../arm-none-eabi/lib/armv7-m\libg_nano.a(lib_a-mprec.o)
                0x0000361e                _Bfree
 .text.__multadd
                0x0000364c       0x76 c:/program files (x86)/cypress/psoc creator/4.4/psoc creator/import/gnu/arm/5.4.1/bin/../lib/gcc/arm-none-eabi/5.4.1/../../../../arm-none-eabi/lib/armv7-m\libg_nano.a(lib_a-mprec.o)
                0x0000364c                __multadd
 .text.__hi0bits
                0x000036c2       0x40 c:/program files (x86)/cypress/psoc creator/4.4/psoc creator/import/gnu/arm/5.4.1/bin/../lib/gcc/arm-none-eabi/5.4.1/../../../../arm-none-eabi/lib/armv7-m\libg_nano.a(lib_a-mprec.o)
                0x000036c2                __hi0bits
 .text.__lo0bits
                0x00003702       0x5a c:/program files (x86)/cypress/psoc creator/4.4/psoc creator/import/gnu/arm/5.4.1/bin/../lib/gcc/arm-none-eabi/5.4.1/../../../../arm-none-eabi/lib/armv7-m\libg_nano.a(lib_a-mprec.o)
                0x00003702                __lo0bits
 .text.__i2b    0x0000375c       0x12 c:/program files (x86)/cypress/psoc creator/4.4/psoc creator/import/gnu/arm/5.4.1/bin/../lib/gcc/arm-none-eabi/5.4.1/../../../../arm-none-eabi/lib/armv7-m\libg_nano.a(lib_a-mprec.o)
                0x0000375c                __i2b
 .text.__multiply
                0x0000376e      0x120 c:/program files (x86)/cypress/psoc creator/4.4/psoc creator/import/gnu/arm/5.4.1/bin/../lib/gcc/arm-none-eabi/5.4.1/../../../../arm-none-eabi/lib/armv7-m\libg_nano.a(lib_a-mprec.o)
                0x0000376e                __multiply
 *fill*         0x0000388e        0x2 
 .text.__pow5mult
                0x00003890       0x9c c:/program files (x86)/cypress/psoc creator/4.4/psoc creator/import/gnu/arm/5.4.1/bin/../lib/gcc/arm-none-eabi/5.4.1/../../../../arm-none-eabi/lib/armv7-m\libg_nano.a(lib_a-mprec.o)
                0x00003890                __pow5mult
 .text.__lshift
                0x0000392c       0xa2 c:/program files (x86)/cypress/psoc creator/4.4/psoc creator/import/gnu/arm/5.4.1/bin/../lib/gcc/arm-none-eabi/5.4.1/../../../../arm-none-eabi/lib/armv7-m\libg_nano.a(lib_a-mprec.o)
                0x0000392c                __lshift
 .text.__mcmp   0x000039ce       0x38 c:/program files (x86)/cypress/psoc creator/4.4/psoc creator/import/gnu/arm/5.4.1/bin/../lib/gcc/arm-none-eabi/5.4.1/../../../../arm-none-eabi/lib/armv7-m\libg_nano.a(lib_a-mprec.o)
                0x000039ce                __mcmp
 .text.__mdiff  0x00003a06       0xbe c:/program files (x86)/cypress/psoc creator/4.4/psoc creator/import/gnu/arm/5.4.1/bin/../lib/gcc/arm-none-eabi/5.4.1/../../../../arm-none-eabi/lib/armv7-m\libg_nano.a(lib_a-mprec.o)
                0x00003a06                __mdiff
 .text.__d2b    0x00003ac4       0x9c c:/program files (x86)/cypress/psoc creator/4.4/psoc creator/import/gnu/arm/5.4.1/bin/../lib/gcc/arm-none-eabi/5.4.1/../../../../arm-none-eabi/lib/armv7-m\libg_nano.a(lib_a-mprec.o)
                0x00003ac4                __d2b
 .text._calloc_r
                0x00003b60       0x1c c:/program files (x86)/cypress/psoc creator/4.4/psoc creator/import/gnu/arm/5.4.1/bin/../lib/gcc/arm-none-eabi/5.4.1/../../../../arm-none-eabi/lib/armv7-m\libg_nano.a(lib_a-nano-callocr.o)
                0x00003b60                _calloc_r
 .text._free_r  0x00003b7c       0x98 c:/program files (x86)/cypress/psoc creator/4.4/psoc creator/import/gnu/arm/5.4.1/bin/../lib/gcc/arm-none-eabi/5.4.1/../../../../arm-none-eabi/lib/armv7-m\libg_nano.a(lib_a-nano-freer.o)
                0x00003b7c                _free_r
 .text._malloc_r
                0x00003c14       0xbc c:/program files (x86)/cypress/psoc creator/4.4/psoc creator/import/gnu/arm/5.4.1/bin/../lib/gcc/arm-none-eabi/5.4.1/../../../../arm-none-eabi/lib/armv7-m\libg_nano.a(lib_a-nano-mallocr.o)
                0x00003c14                _malloc_r
 .text.__ssputs_r
                0x00003cd0       0xb2 c:/program files (x86)/cypress/psoc creator/4.4/psoc creator/import/gnu/arm/5.4.1/bin/../lib/gcc/arm-none-eabi/5.4.1/../../../../arm-none-eabi/lib/armv7-m\libg_nano.a(lib_a-nano-svfprintf.o)
                0x00003cd0                __ssputs_r
 *fill*         0x00003d82        0x2 
 .text._svfprintf_r
                0x00003d84      0x1e8 c:/program files (x86)/cypress/psoc creator/4.4/psoc creator/import/gnu/arm/5.4.1/bin/../lib/gcc/arm-none-eabi/5.4.1/../../../../arm-none-eabi/lib/armv7-m\libg_nano.a(lib_a-nano-svfprintf.o)
                0x00003d84                _svfiprintf_r
                0x00003d84                _svfprintf_r
 .text._sbrk_r  0x00003f6c       0x20 c:/program files (x86)/cypress/psoc creator/4.4/psoc creator/import/gnu/arm/5.4.1/bin/../lib/gcc/arm-none-eabi/5.4.1/../../../../arm-none-eabi/lib/armv7-m\libg_nano.a(lib_a-sbrkr.o)
                0x00003f6c                _sbrk_r
 .text.memmove  0x00003f8c       0x36 c:/program files (x86)/cypress/psoc creator/4.4/psoc creator/import/gnu/arm/5.4.1/bin/../lib/gcc/arm-none-eabi/5.4.1/../../../../arm-none-eabi/lib/armv7-m\libg_nano.a(lib_a-memmove.o)
                0x00003f8c                memmove
 .text.__malloc_lock
                0x00003fc2        0x2 c:/program files (x86)/cypress/psoc creator/4.4/psoc creator/import/gnu/arm/5.4.1/bin/../lib/gcc/arm-none-eabi/5.4.1/../../../../arm-none-eabi/lib/armv7-m\libg_nano.a(lib_a-mlock.o)
                0x00003fc2                __malloc_lock
 .text.__malloc_unlock
                0x00003fc4        0x2 c:/program files (x86)/cypress/psoc creator/4.4/psoc creator/import/gnu/arm/5.4.1/bin/../lib/gcc/arm-none-eabi/5.4.1/../../../../arm-none-eabi/lib/armv7-m\libg_nano.a(lib_a-mlock.o)
                0x00003fc4                __malloc_unlock
 .text._realloc_r
                0x00003fc6       0x4c c:/program files (x86)/cypress/psoc creator/4.4/psoc creator/import/gnu/arm/5.4.1/bin/../lib/gcc/arm-none-eabi/5.4.1/../../../../arm-none-eabi/lib/armv7-m\libg_nano.a(lib_a-nano-reallocr.o)
                0x00003fc6                _realloc_r
 .text._malloc_usable_size_r
                0x00004012       0x14 c:/program files (x86)/cypress/psoc creator/4.4/psoc creator/import/gnu/arm/5.4.1/bin/../lib/gcc/arm-none-eabi/5.4.1/../../../../arm-none-eabi/lib/armv7-m\libg_nano.a(lib_a-nano-msizer.o)
                0x00004012                _malloc_usable_size_r
 *fill*         0x00004026        0x2 
 .text          0x00004028      0x110 c:/program files (x86)/cypress/psoc creator/4.4/psoc creator/import/gnu/arm/5.4.1/bin/../lib/gcc/arm-none-eabi/5.4.1/armv7-m\libgcc.a(_arm_cmpdf2.o)
                0x00004028                __gtdf2
                0x00004028                __gedf2
                0x00004030                __ltdf2
                0x00004030                __ledf2
                0x00004038                __nedf2
                0x00004038                __eqdf2
                0x00004038                __cmpdf2
                0x000040b4                __aeabi_cdrcmple
                0x000040c4                __aeabi_cdcmpeq
                0x000040c4                __aeabi_cdcmple
                0x000040d4                __aeabi_dcmpeq
                0x000040e8                __aeabi_dcmplt
                0x000040fc                __aeabi_dcmple
                0x00004110                __aeabi_dcmpge
                0x00004124                __aeabi_dcmpgt
 .text          0x00004138       0x2c c:/program files (x86)/cypress/psoc creator/4.4/psoc creator/import/gnu/arm/5.4.1/bin/../lib/gcc/arm-none-eabi/5.4.1/armv7-m\libgcc.a(_arm_unorddf2.o)
                0x00004138                __unorddf2
                0x00004138                __aeabi_dcmpun
 .text          0x00004164       0x50 c:/program files (x86)/cypress/psoc creator/4.4/psoc creator/import/gnu/arm/5.4.1/bin/../lib/gcc/arm-none-eabi/5.4.1/armv7-m\libgcc.a(_arm_fixdfsi.o)
                0x00004164                __aeabi_d2iz
                0x00004164                __fixdfsi
 *(.plt)
 *(.gnu.warning)
 *(.glue_7t)
 .glue_7t       0x000041b4        0x0 linker stubs
 *(.glue_7)
 .glue_7        0x000041b4        0x0 linker stubs
 *(.vfp11_veneer)
 .vfp11_veneer  0x000041b4        0x0 linker stubs
 *(.bootloader)
 *(.ARM.extab* .gnu.linkonce.armextab.*)
 *(.gcc_except_table)

.v4_bx          0x000041b4        0x0
 .v4_bx         0x000041b4        0x0 linker stubs

.iplt           0x000041b4        0x0
 .iplt          0x000041b4        0x0 c:/program files (x86)/cypress/psoc creator/4.4/psoc creator/import/gnu/arm/5.4.1/bin/../lib/gcc/arm-none-eabi/5.4.1/armv7-m/crtbegin.o

.eh_frame_hdr
 *(.eh_frame_hdr)

.eh_frame       0x000041b4        0x4
 *(.eh_frame)
 .eh_frame      0x000041b4        0x0 c:/program files (x86)/cypress/psoc creator/4.4/psoc creator/import/gnu/arm/5.4.1/bin/../lib/gcc/arm-none-eabi/5.4.1/armv7-m/crtbegin.o
 .eh_frame      0x000041b4        0x4 c:/program files (x86)/cypress/psoc creator/4.4/psoc creator/import/gnu/arm/5.4.1/bin/../lib/gcc/arm-none-eabi/5.4.1/armv7-m/crtend.o
                [!provide]                PROVIDE (__exidx_start, .)

.ARM.exidx
 *(.ARM.exidx* .gnu.linkonce.armexidx.*)
                0x000041b8                __exidx_end = .

.rodata         0x000041b8      0x1d0
 *(.rodata .rodata.* .gnu.linkonce.r.*)
 .rodata        0x000041b8        0x9 .\CortexM3\ARM_GCC_541\Debug\main.o
 *fill*         0x000041c1        0x3 
 .rodata        0x000041c4       0x30 .\CortexM3\ARM_GCC_541\Debug\cyfitter_cfg.o
 .rodata.str1.1
                0x000041f4        0x2 c:/program files (x86)/cypress/psoc creator/4.4/psoc creator/import/gnu/arm/5.4.1/bin/../lib/gcc/arm-none-eabi/5.4.1/../../../../arm-none-eabi/lib/armv7-m\libg_nano.a(lib_a-impure.o)
 .rodata.str1.1
                0x000041f6       0x12 c:/program files (x86)/cypress/psoc creator/4.4/psoc creator/import/gnu/arm/5.4.1/bin/../lib/gcc/arm-none-eabi/5.4.1/../../../../arm-none-eabi/lib/armv7-m\libg_nano.a(lib_a-nano-vfprintf_float.o)
 .rodata.str1.1
                0x00004208       0x22 c:/program files (x86)/cypress/psoc creator/4.4/psoc creator/import/gnu/arm/5.4.1/bin/../lib/gcc/arm-none-eabi/5.4.1/../../../../arm-none-eabi/lib/armv7-m\libg_nano.a(lib_a-nano-vfprintf_i.o)
 .rodata.str1.1
                0x0000422a        0xd c:/program files (x86)/cypress/psoc creator/4.4/psoc creator/import/gnu/arm/5.4.1/bin/../lib/gcc/arm-none-eabi/5.4.1/../../../../arm-none-eabi/lib/armv7-m\libg_nano.a(lib_a-dtoa.o)
                                  0xf (size before relaxing)
 .rodata.str1.1
                0x00004237        0x8 c:/program files (x86)/cypress/psoc creator/4.4/psoc creator/import/gnu/arm/5.4.1/bin/../lib/gcc/arm-none-eabi/5.4.1/../../../../arm-none-eabi/lib/armv7-m\libg_nano.a(lib_a-locale.o)
                                  0xb (size before relaxing)
 *fill*         0x0000423f        0x1 
 .rodata.__mprec_tens
                0x00004240       0xc8 c:/program files (x86)/cypress/psoc creator/4.4/psoc creator/import/gnu/arm/5.4.1/bin/../lib/gcc/arm-none-eabi/5.4.1/../../../../arm-none-eabi/lib/armv7-m\libg_nano.a(lib_a-mprec.o)
                0x00004240                __mprec_tens
 .rodata.p05.5408
                0x00004308        0xc c:/program files (x86)/cypress/psoc creator/4.4/psoc creator/import/gnu/arm/5.4.1/bin/../lib/gcc/arm-none-eabi/5.4.1/../../../../arm-none-eabi/lib/armv7-m\libg_nano.a(lib_a-mprec.o)
 *fill*         0x00004314        0x4 
 .rodata.__mprec_bigtens
                0x00004318       0x28 c:/program files (x86)/cypress/psoc creator/4.4/psoc creator/import/gnu/arm/5.4.1/bin/../lib/gcc/arm-none-eabi/5.4.1/../../../../arm-none-eabi/lib/armv7-m\libg_nano.a(lib_a-mprec.o)
                0x00004318                __mprec_bigtens
 .rodata.str1.1
                0x00004340       0x11 c:/program files (x86)/cypress/psoc creator/4.4/psoc creator/import/gnu/arm/5.4.1/bin/../lib/gcc/arm-none-eabi/5.4.1/../../../../arm-none-eabi/lib/armv7-m\libg_nano.a(lib_a-nano-svfprintf.o)
                0x00004354                . = ALIGN (0x4)
 *fill*         0x00004351        0x3 
 *(.init)
 .init          0x00004354        0x4 c:/program files (x86)/cypress/psoc creator/4.4/psoc creator/import/gnu/arm/5.4.1/bin/../lib/gcc/arm-none-eabi/5.4.1/armv7-m/crti.o
                0x00004354                _init
 .init          0x00004358        0x8 c:/program files (x86)/cypress/psoc creator/4.4/psoc creator/import/gnu/arm/5.4.1/bin/../lib/gcc/arm-none-eabi/5.4.1/armv7-m/crtn.o
                0x00004360                . = ALIGN (0x4)
                0x00004360                __preinit_array_start = .
 *(.preinit_array)
                0x00004360                __preinit_array_end = .
                0x00004360                . = ALIGN (0x4)
                0x00004360                __init_array_start = .
 *(SORT(.init_array.*))
 *(.init_array)
 .init_array    0x00004360        0x4 c:/program files (x86)/cypress/psoc creator/4.4/psoc creator/import/gnu/arm/5.4.1/bin/../lib/gcc/arm-none-eabi/5.4.1/armv7-m/crtbegin.o
 .init_array    0x00004364        0x4 .\CortexM3\ARM_GCC_541\Debug\Cm3Start.o
                0x00004368                __init_array_end = .
                0x00004368                . = ALIGN (0x4)
 *(.fini)
 .fini          0x00004368        0x4 c:/program files (x86)/cypress/psoc creator/4.4/psoc creator/import/gnu/arm/5.4.1/bin/../lib/gcc/arm-none-eabi/5.4.1/armv7-m/crti.o
                0x00004368                _fini
 .fini          0x0000436c        0x8 c:/program files (x86)/cypress/psoc creator/4.4/psoc creator/import/gnu/arm/5.4.1/bin/../lib/gcc/arm-none-eabi/5.4.1/armv7-m/crtn.o
                0x00004374                . = ALIGN (0x4)
                0x00004374                __fini_array_start = .
 *(.fini_array)
 .fini_array    0x00004374        0x4 c:/program files (x86)/cypress/psoc creator/4.4/psoc creator/import/gnu/arm/5.4.1/bin/../lib/gcc/arm-none-eabi/5.4.1/armv7-m/crtbegin.o
 *(SORT(.fini_array.*))
                0x00004378                __fini_array_end = .
                0x00004378                . = ALIGN (0x4)
 *crtbegin.o(.ctors)
 *(EXCLUDE_FILE(*crtend.o) .ctors)
 *(SORT(.ctors.*))
 *crtend.o(.ctors)
                0x00004378                . = ALIGN (0x4)
 *crtbegin.o(.dtors)
 *(EXCLUDE_FILE(*crtend.o) .dtors)
 *(SORT(.dtors.*))
 *crtend.o(.dtors)
                0x00004378                . = ALIGN (0x4)
                0x00004378                __cy_regions = .
                0x00004378        0x4 LONG 0x4388 __cy_region_init_ram
                0x0000437c        0x4 LONG 0x1fff80c8 __cy_region_start_data
                0x00004380        0x4 LONG 0xc0 __cy_region_init_size_ram
                0x00004384        0x4 LONG 0x100 __cy_region_zero_size_ram
                0x00004388                __cy_regions_end = .
                0x00004388                . = ALIGN (0x8)
                0x00004388                _etext = .

.cy_checksum_exclude
                0x00004388        0x0
 *(.cy_checksum_exclude)

.ramvectors     0x1fff8000       0xc0
                0x1fff8000                __cy_region_start_ram = .
 *(.ramvectors)
 .ramvectors    0x1fff8000       0xc0 .\CortexM3\ARM_GCC_541\Debug\Cm3Start.o
                0x1fff8000                CyRamVectors

.noinit         0x1fff80c0        0x5
 *(.noinit)
 .noinit        0x1fff80c0        0x4 .\CortexM3\ARM_GCC_541\Debug\Cm3Start.o
 .noinit        0x1fff80c4        0x1 .\CortexM3\ARM_GCC_541\Debug\DeliveryRobot.a(CyLib.o)
                0x1fff80c4                CyResetStatus

.data           0x1fff80c8       0xc0 load address 0x00004388
                0x1fff80c8                __cy_region_start_data = .
 *(.jcr)
 .jcr           0x1fff80c8        0x0 c:/program files (x86)/cypress/psoc creator/4.4/psoc creator/import/gnu/arm/5.4.1/bin/../lib/gcc/arm-none-eabi/5.4.1/armv7-m/crtbegin.o
 .jcr           0x1fff80c8        0x4 c:/program files (x86)/cypress/psoc creator/4.4/psoc creator/import/gnu/arm/5.4.1/bin/../lib/gcc/arm-none-eabi/5.4.1/armv7-m/crtend.o
 *(.got.plt)
 *(.got)
 *(.shdata)
 *(.data .data.* .gnu.linkonce.d.*)
 .data          0x1fff80cc        0x8 .\CortexM3\ARM_GCC_541\Debug\main.o
                0x1fff80cc                max_count
                0x1fff80d0                duty_cyle
 .data          0x1fff80d4        0x4 .\CortexM3\ARM_GCC_541\Debug\Cm3Start.o
 .data          0x1fff80d8       0x10 .\CortexM3\ARM_GCC_541\Debug\DeliveryRobot.a(CyLib.o)
                0x1fff80d8                cydelay_freq_hz
                0x1fff80dc                cydelay_freq_khz
                0x1fff80e0                cydelay_freq_mhz
                0x1fff80e4                cydelay_32k_ms
 .data.impure_data
                0x1fff80e8       0x60 c:/program files (x86)/cypress/psoc creator/4.4/psoc creator/import/gnu/arm/5.4.1/bin/../lib/gcc/arm-none-eabi/5.4.1/../../../../arm-none-eabi/lib/armv7-m\libg_nano.a(lib_a-impure.o)
 .data._impure_ptr
                0x1fff8148        0x4 c:/program files (x86)/cypress/psoc creator/4.4/psoc creator/import/gnu/arm/5.4.1/bin/../lib/gcc/arm-none-eabi/5.4.1/../../../../arm-none-eabi/lib/armv7-m\libg_nano.a(lib_a-impure.o)
                0x1fff8148                _impure_ptr
 .data.lconv    0x1fff814c       0x38 c:/program files (x86)/cypress/psoc creator/4.4/psoc creator/import/gnu/arm/5.4.1/bin/../lib/gcc/arm-none-eabi/5.4.1/../../../../arm-none-eabi/lib/armv7-m\libg_nano.a(lib_a-locale.o)
                0x1fff8188                . = ALIGN (0x8)
 *fill*         0x1fff8184        0x4 
 *(.ram)
                0x1fff8188                _edata = .

.igot.plt       0x1fff8188        0x0 load address 0x00004448
 .igot.plt      0x1fff8188        0x0 c:/program files (x86)/cypress/psoc creator/4.4/psoc creator/import/gnu/arm/5.4.1/bin/../lib/gcc/arm-none-eabi/5.4.1/armv7-m/crtbegin.o

.bss            0x1fff8188      0x100 load address 0x00004448
                0x1fff8188                PROVIDE (__bss_start__, .)
 *(.shbss)
 *(.bss .bss.* .gnu.linkonce.b.*)
 .bss           0x1fff8188       0x1c c:/program files (x86)/cypress/psoc creator/4.4/psoc creator/import/gnu/arm/5.4.1/bin/../lib/gcc/arm-none-eabi/5.4.1/armv7-m/crtbegin.o
 .bss           0x1fff81a4        0xc .\CortexM3\ARM_GCC_541\Debug\main.o
                0x1fff81a4                echo_flag
                0x1fff81a5                mux_select
                0x1fff81a8                left_wheel_count
                0x1fff81ac                right_wheel_count
 .bss           0x1fff81b0        0x1 .\CortexM3\ARM_GCC_541\Debug\DeliveryRobot.a(PWM_Trigger.o)
                0x1fff81b0                PWM_Trigger_initVar
 .bss           0x1fff81b1        0x1 .\CortexM3\ARM_GCC_541\Debug\DeliveryRobot.a(Timer_Echo.o)
                0x1fff81b1                Timer_Echo_initVar
 .bss           0x1fff81b2        0x2 .\CortexM3\ARM_GCC_541\Debug\DeliveryRobot.a(UART.o)
                0x1fff81b2                UART_initVar
 .bss           0x1fff81b4        0x1 .\CortexM3\ARM_GCC_541\Debug\DeliveryRobot.a(QuadDec_L.o)
                0x1fff81b4                QuadDec_L_initVar
 *fill*         0x1fff81b5        0x3 
 .bss           0x1fff81b8        0x4 .\CortexM3\ARM_GCC_541\Debug\DeliveryRobot.a(QuadDec_L_INT.o)
                0x1fff81b8                QuadDec_L_count32SoftPart
 .bss           0x1fff81bc        0x1 .\CortexM3\ARM_GCC_541\Debug\DeliveryRobot.a(QuadDec_L_Cnt16.o)
                0x1fff81bc                QuadDec_L_Cnt16_initVar
 .bss           0x1fff81bd        0x1 .\CortexM3\ARM_GCC_541\Debug\DeliveryRobot.a(PWM_Motor_L.o)
                0x1fff81bd                PWM_Motor_L_initVar
 *fill*         0x1fff81be        0x2 
 .bss.__malloc_sbrk_start
                0x1fff81c0        0x4 c:/program files (x86)/cypress/psoc creator/4.4/psoc creator/import/gnu/arm/5.4.1/bin/../lib/gcc/arm-none-eabi/5.4.1/../../../../arm-none-eabi/lib/armv7-m\libg_nano.a(lib_a-nano-mallocr.o)
                0x1fff81c0                __malloc_sbrk_start
 .bss.__malloc_free_list
                0x1fff81c4        0x4 c:/program files (x86)/cypress/psoc creator/4.4/psoc creator/import/gnu/arm/5.4.1/bin/../lib/gcc/arm-none-eabi/5.4.1/../../../../arm-none-eabi/lib/armv7-m\libg_nano.a(lib_a-nano-mallocr.o)
                0x1fff81c4                __malloc_free_list
 *(COMMON)
 COMMON         0x1fff81c8       0xba .\CortexM3\ARM_GCC_541\Debug\main.o
                0x1fff81c8                right_motor
                0x1fff81d8                echo_distance
                0x1fff81dc                left_motor
                0x1fff81ec                serial_output
 *fill*         0x1fff8282        0x2 
 COMMON         0x1fff8284        0x4 c:/program files (x86)/cypress/psoc creator/4.4/psoc creator/import/gnu/arm/5.4.1/bin/../lib/gcc/arm-none-eabi/5.4.1/../../../../arm-none-eabi/lib/armv7-m\libg_nano.a(lib_a-reent.o)
                0x1fff8284                errno
                0x1fff8288                . = ALIGN (0x8)
 *(.ram.b)
                0x1fff8288                _end = .
                0x1fff8288                __end = .
                0x1fff8288                PROVIDE (end, .)
                0x1fff8288                PROVIDE (__bss_end__, .)
                0x00004388                __cy_region_init_ram = LOADADDR (.data)
                0x000000c0                __cy_region_init_size_ram = (_edata - ADDR (.data))
                0x00000100                __cy_region_zero_size_ram = (_end - _edata)

.heap           0x1fff8288      0x200 load address 0x00004448
                0x1fff8288                . = _end
                0x1fff8488                . = (. + 0x200)
 *fill*         0x1fff8288      0x200 
                0x1fff8488                __cy_heap_limit = .

.stack          0x20007800      0x800
                0x20007800                __cy_stack_limit = .
                0x20008000                . = (. + 0x800)
 *fill*         0x20007800      0x800 
                0x00000001                ASSERT ((__cy_stack_limit >= __cy_heap_limit), region RAM overflowed with stack)
                0x00000000                cy_checksum_exclude_size = (CY_APPL_LOADABLE == 0x1)?SIZEOF (.cy_checksum_exclude):0x0
                0x00000001                ASSERT ((cy_checksum_exclude_size <= CY_CHECKSUM_EXCLUDE_SIZE), CY_BOOT: Section .cy_checksum_exclude size exceedes specified limit.)

.cyloadermeta
 *(.cyloadermeta)

.cyloadablemeta
 *(.cyloadablemeta)

.cyconfigecc    0x80000000      0x8d8
 *(.cyconfigecc)
 .cyconfigecc   0x80000000      0x8d8 .\CortexM3\ARM_GCC_541\Debug\cymetadata.o
                0x80000000                cy_meta_configecc

.cycustnvl      0x90000000        0x4
 *(.cycustnvl)
 .cycustnvl     0x90000000        0x4 .\CortexM3\ARM_GCC_541\Debug\cymetadata.o
                0x90000000                cy_meta_custnvl

.cywolatch      0x90100000        0x4
 *(.cywolatch)
 .cywolatch     0x90100000        0x4 .\CortexM3\ARM_GCC_541\Debug\cymetadata.o
                0x90100000                cy_meta_wonvl

.cyeeprom       0x90200000        0x0
 *(.cyeeprom)
                0x00000001                ASSERT ((. <= ((0x90200000 + ee_offset) + ee_size)), .cyeeprom data will not fit in EEPROM)

.cyflashprotect
                0x90400000      0x100
 *(.cyflashprotect)
 .cyflashprotect
                0x90400000      0x100 .\CortexM3\ARM_GCC_541\Debug\cymetadata.o
                0x90400000                cy_meta_flashprotect

.cymeta         0x90500000        0xc
 *(.cymeta)
 .cymeta        0x90500000        0xc .\CortexM3\ARM_GCC_541\Debug\cymetadata.o
                0x90500000                cy_metadata

.rel.dyn        0x00004448        0x0 load address 0x9050000c
 .rel.iplt      0x00004448        0x0 c:/program files (x86)/cypress/psoc creator/4.4/psoc creator/import/gnu/arm/5.4.1/bin/../lib/gcc/arm-none-eabi/5.4.1/armv7-m/crtbegin.o

.stab
 *(.stab)

.stabstr
 *(.stabstr)

.debug
 *(.debug)

.line
 *(.line)

.debug_srcinfo
 *(.debug_srcinfo)

.debug_sfnames
 *(.debug_sfnames)

.debug_aranges  0x00000000      0xa68
 *(.debug_aranges)
 .debug_aranges
                0x00000000       0x38 .\CortexM3\ARM_GCC_541\Debug\main.o
 .debug_aranges
                0x00000038       0x60 .\CortexM3\ARM_GCC_541\Debug\cyfitter_cfg.o
 .debug_aranges
                0x00000098       0x18 .\CortexM3\ARM_GCC_541\Debug\cymetadata.o
 .debug_aranges
                0x000000b0       0x48 .\CortexM3\ARM_GCC_541\Debug\Cm3Start.o
 .debug_aranges
                0x000000f8       0x80 .\CortexM3\ARM_GCC_541\Debug\DeliveryRobot.a(PWM_Trigger.o)
 .debug_aranges
                0x00000178       0x98 .\CortexM3\ARM_GCC_541\Debug\DeliveryRobot.a(Timer_Echo.o)
 .debug_aranges
                0x00000210       0x80 .\CortexM3\ARM_GCC_541\Debug\DeliveryRobot.a(Timer_Echo_Int.o)
 .debug_aranges
                0x00000290      0x2a0 .\CortexM3\ARM_GCC_541\Debug\DeliveryRobot.a(CyLib.o)
 .debug_aranges
                0x00000530       0x98 .\CortexM3\ARM_GCC_541\Debug\DeliveryRobot.a(cyPm.o)
 .debug_aranges
                0x000005c8       0xa0 .\CortexM3\ARM_GCC_541\Debug\DeliveryRobot.a(UART.o)
 .debug_aranges
                0x00000668       0x70 .\CortexM3\ARM_GCC_541\Debug\DeliveryRobot.a(UART_IntClock.o)
 .debug_aranges
                0x000006d8       0x28 .\CortexM3\ARM_GCC_541\Debug\DeliveryRobot.a(Control_Reg_US.o)
 .debug_aranges
                0x00000700       0x60 .\CortexM3\ARM_GCC_541\Debug\DeliveryRobot.a(QuadDec_L.o)
 .debug_aranges
                0x00000760       0x20 .\CortexM3\ARM_GCC_541\Debug\DeliveryRobot.a(QuadDec_L_INT.o)
 .debug_aranges
                0x00000780       0x98 .\CortexM3\ARM_GCC_541\Debug\DeliveryRobot.a(QuadDec_L_Cnt16.o)
 .debug_aranges
                0x00000818       0xa8 .\CortexM3\ARM_GCC_541\Debug\DeliveryRobot.a(PWM_Motor_L.o)
 .debug_aranges
                0x000008c0       0x80 .\CortexM3\ARM_GCC_541\Debug\DeliveryRobot.a(Wheel_Vel_Int.o)
 .debug_aranges
                0x00000940       0x20 .\CortexM3\ARM_GCC_541\Debug\DeliveryRobot.a(CyBootAsmGnu.o)
 .debug_aranges
                0x00000960       0x88 .\CortexM3\ARM_GCC_541\Debug\DeliveryRobot.a(CyFlash.o)
 .debug_aranges
                0x000009e8       0x80 .\CortexM3\ARM_GCC_541\Debug\DeliveryRobot.a(CySpc.o)

.debug_pubnames
 *(.debug_pubnames)

.debug_info     0x00000000     0x4014
 *(.debug_info .gnu.linkonce.wi.*)
 .debug_info    0x00000000      0x261 .\CortexM3\ARM_GCC_541\Debug\main.o
 .debug_info    0x00000261      0x3ab .\CortexM3\ARM_GCC_541\Debug\cyfitter_cfg.o
 .debug_info    0x0000060c      0x139 .\CortexM3\ARM_GCC_541\Debug\cymetadata.o
 .debug_info    0x00000745      0x32b .\CortexM3\ARM_GCC_541\Debug\Cm3Start.o
 .debug_info    0x00000a70      0x24b .\CortexM3\ARM_GCC_541\Debug\DeliveryRobot.a(PWM_Trigger.o)
 .debug_info    0x00000cbb      0x281 .\CortexM3\ARM_GCC_541\Debug\DeliveryRobot.a(Timer_Echo.o)
 .debug_info    0x00000f3c      0x241 .\CortexM3\ARM_GCC_541\Debug\DeliveryRobot.a(Timer_Echo_Int.o)
 .debug_info    0x0000117d      0xe51 .\CortexM3\ARM_GCC_541\Debug\DeliveryRobot.a(CyLib.o)
 .debug_info    0x00001fce      0x57a .\CortexM3\ARM_GCC_541\Debug\DeliveryRobot.a(cyPm.o)
 .debug_info    0x00002548      0x37f .\CortexM3\ARM_GCC_541\Debug\DeliveryRobot.a(UART.o)
 .debug_info    0x000028c7      0x25d .\CortexM3\ARM_GCC_541\Debug\DeliveryRobot.a(UART_IntClock.o)
 .debug_info    0x00002b24       0xd7 .\CortexM3\ARM_GCC_541\Debug\DeliveryRobot.a(Control_Reg_US.o)
 .debug_info    0x00002bfb      0x234 .\CortexM3\ARM_GCC_541\Debug\DeliveryRobot.a(QuadDec_L.o)
 .debug_info    0x00002e2f       0xf2 .\CortexM3\ARM_GCC_541\Debug\DeliveryRobot.a(QuadDec_L_INT.o)
 .debug_info    0x00002f21      0x291 .\CortexM3\ARM_GCC_541\Debug\DeliveryRobot.a(QuadDec_L_Cnt16.o)
 .debug_info    0x000031b2      0x2e3 .\CortexM3\ARM_GCC_541\Debug\DeliveryRobot.a(PWM_Motor_L.o)
 .debug_info    0x00003495      0x241 .\CortexM3\ARM_GCC_541\Debug\DeliveryRobot.a(Wheel_Vel_Int.o)
 .debug_info    0x000036d6       0xc5 .\CortexM3\ARM_GCC_541\Debug\DeliveryRobot.a(CyBootAsmGnu.o)
 .debug_info    0x0000379b      0x3b9 .\CortexM3\ARM_GCC_541\Debug\DeliveryRobot.a(CyFlash.o)
 .debug_info    0x00003b54      0x4c0 .\CortexM3\ARM_GCC_541\Debug\DeliveryRobot.a(CySpc.o)

.debug_abbrev   0x00000000     0x172b
 *(.debug_abbrev)
 .debug_abbrev  0x00000000      0x116 .\CortexM3\ARM_GCC_541\Debug\main.o
 .debug_abbrev  0x00000116      0x19d .\CortexM3\ARM_GCC_541\Debug\cyfitter_cfg.o
 .debug_abbrev  0x000002b3       0x77 .\CortexM3\ARM_GCC_541\Debug\cymetadata.o
 .debug_abbrev  0x0000032a      0x1d6 .\CortexM3\ARM_GCC_541\Debug\Cm3Start.o
 .debug_abbrev  0x00000500      0x116 .\CortexM3\ARM_GCC_541\Debug\DeliveryRobot.a(PWM_Trigger.o)
 .debug_abbrev  0x00000616      0x11b .\CortexM3\ARM_GCC_541\Debug\DeliveryRobot.a(Timer_Echo.o)
 .debug_abbrev  0x00000731      0x172 .\CortexM3\ARM_GCC_541\Debug\DeliveryRobot.a(Timer_Echo_Int.o)
 .debug_abbrev  0x000008a3      0x217 .\CortexM3\ARM_GCC_541\Debug\DeliveryRobot.a(CyLib.o)
 .debug_abbrev  0x00000aba      0x161 .\CortexM3\ARM_GCC_541\Debug\DeliveryRobot.a(cyPm.o)
 .debug_abbrev  0x00000c1b      0x149 .\CortexM3\ARM_GCC_541\Debug\DeliveryRobot.a(UART.o)
 .debug_abbrev  0x00000d64      0x11d .\CortexM3\ARM_GCC_541\Debug\DeliveryRobot.a(UART_IntClock.o)
 .debug_abbrev  0x00000e81       0x81 .\CortexM3\ARM_GCC_541\Debug\DeliveryRobot.a(Control_Reg_US.o)
 .debug_abbrev  0x00000f02      0x11a .\CortexM3\ARM_GCC_541\Debug\DeliveryRobot.a(QuadDec_L.o)
 .debug_abbrev  0x0000101c       0x78 .\CortexM3\ARM_GCC_541\Debug\DeliveryRobot.a(QuadDec_L_INT.o)
 .debug_abbrev  0x00001094      0x12c .\CortexM3\ARM_GCC_541\Debug\DeliveryRobot.a(QuadDec_L_Cnt16.o)
 .debug_abbrev  0x000011c0      0x12e .\CortexM3\ARM_GCC_541\Debug\DeliveryRobot.a(PWM_Motor_L.o)
 .debug_abbrev  0x000012ee      0x172 .\CortexM3\ARM_GCC_541\Debug\DeliveryRobot.a(Wheel_Vel_Int.o)
 .debug_abbrev  0x00001460       0x14 .\CortexM3\ARM_GCC_541\Debug\DeliveryRobot.a(CyBootAsmGnu.o)
 .debug_abbrev  0x00001474      0x14b .\CortexM3\ARM_GCC_541\Debug\DeliveryRobot.a(CyFlash.o)
 .debug_abbrev  0x000015bf      0x16c .\CortexM3\ARM_GCC_541\Debug\DeliveryRobot.a(CySpc.o)

.debug_line     0x00000000     0x2615
 *(.debug_line)
 .debug_line    0x00000000      0x1cb .\CortexM3\ARM_GCC_541\Debug\main.o
 .debug_line    0x000001cb      0x1f5 .\CortexM3\ARM_GCC_541\Debug\cyfitter_cfg.o
 .debug_line    0x000003c0      0x141 .\CortexM3\ARM_GCC_541\Debug\cymetadata.o
 .debug_line    0x00000501      0x1dc .\CortexM3\ARM_GCC_541\Debug\Cm3Start.o
 .debug_line    0x000006dd      0x150 .\CortexM3\ARM_GCC_541\Debug\DeliveryRobot.a(PWM_Trigger.o)
 .debug_line    0x0000082d      0x186 .\CortexM3\ARM_GCC_541\Debug\DeliveryRobot.a(Timer_Echo.o)
 .debug_line    0x000009b3      0x149 .\CortexM3\ARM_GCC_541\Debug\DeliveryRobot.a(Timer_Echo_Int.o)
 .debug_line    0x00000afc      0x883 .\CortexM3\ARM_GCC_541\Debug\DeliveryRobot.a(CyLib.o)
 .debug_line    0x0000137f      0x38e .\CortexM3\ARM_GCC_541\Debug\DeliveryRobot.a(cyPm.o)
 .debug_line    0x0000170d      0x1f5 .\CortexM3\ARM_GCC_541\Debug\DeliveryRobot.a(UART.o)
 .debug_line    0x00001902      0x1ac .\CortexM3\ARM_GCC_541\Debug\DeliveryRobot.a(UART_IntClock.o)
 .debug_line    0x00001aae       0x77 .\CortexM3\ARM_GCC_541\Debug\DeliveryRobot.a(Control_Reg_US.o)
 .debug_line    0x00001b25      0x124 .\CortexM3\ARM_GCC_541\Debug\DeliveryRobot.a(QuadDec_L.o)
 .debug_line    0x00001c49       0x6f .\CortexM3\ARM_GCC_541\Debug\DeliveryRobot.a(QuadDec_L_INT.o)
 .debug_line    0x00001cb8      0x18d .\CortexM3\ARM_GCC_541\Debug\DeliveryRobot.a(QuadDec_L_Cnt16.o)
 .debug_line    0x00001e45      0x1b2 .\CortexM3\ARM_GCC_541\Debug\DeliveryRobot.a(PWM_Motor_L.o)
 .debug_line    0x00001ff7      0x158 .\CortexM3\ARM_GCC_541\Debug\DeliveryRobot.a(Wheel_Vel_Int.o)
 .debug_line    0x0000214f       0x66 .\CortexM3\ARM_GCC_541\Debug\DeliveryRobot.a(CyBootAsmGnu.o)
 .debug_line    0x000021b5      0x22f .\CortexM3\ARM_GCC_541\Debug\DeliveryRobot.a(CyFlash.o)
 .debug_line    0x000023e4      0x231 .\CortexM3\ARM_GCC_541\Debug\DeliveryRobot.a(CySpc.o)

.debug_frame    0x00000000     0x3104
 *(.debug_frame)
 .debug_frame   0x00000000       0xa0 .\CortexM3\ARM_GCC_541\Debug\main.o
 .debug_frame   0x000000a0      0x16c .\CortexM3\ARM_GCC_541\Debug\cyfitter_cfg.o
 .debug_frame   0x0000020c       0xd8 .\CortexM3\ARM_GCC_541\Debug\Cm3Start.o
 .debug_frame   0x000002e4      0x1f4 .\CortexM3\ARM_GCC_541\Debug\DeliveryRobot.a(PWM_Trigger.o)
 .debug_frame   0x000004d8      0x258 .\CortexM3\ARM_GCC_541\Debug\DeliveryRobot.a(Timer_Echo.o)
 .debug_frame   0x00000730      0x1e8 .\CortexM3\ARM_GCC_541\Debug\DeliveryRobot.a(Timer_Echo_Int.o)
 .debug_frame   0x00000918      0xc0c .\CortexM3\ARM_GCC_541\Debug\DeliveryRobot.a(CyLib.o)
 .debug_frame   0x00001524      0x234 .\CortexM3\ARM_GCC_541\Debug\DeliveryRobot.a(cyPm.o)
 .debug_frame   0x00001758      0x2a0 .\CortexM3\ARM_GCC_541\Debug\DeliveryRobot.a(UART.o)
 .debug_frame   0x000019f8      0x1b4 .\CortexM3\ARM_GCC_541\Debug\DeliveryRobot.a(UART_IntClock.o)
 .debug_frame   0x00001bac       0x5c .\CortexM3\ARM_GCC_541\Debug\DeliveryRobot.a(Control_Reg_US.o)
 .debug_frame   0x00001c08      0x158 .\CortexM3\ARM_GCC_541\Debug\DeliveryRobot.a(QuadDec_L.o)
 .debug_frame   0x00001d60       0x38 .\CortexM3\ARM_GCC_541\Debug\DeliveryRobot.a(QuadDec_L_INT.o)
 .debug_frame   0x00001d98      0x258 .\CortexM3\ARM_GCC_541\Debug\DeliveryRobot.a(QuadDec_L_Cnt16.o)
 .debug_frame   0x00001ff0      0x2a8 .\CortexM3\ARM_GCC_541\Debug\DeliveryRobot.a(PWM_Motor_L.o)
 .debug_frame   0x00002298      0x1e8 .\CortexM3\ARM_GCC_541\Debug\DeliveryRobot.a(Wheel_Vel_Int.o)
 .debug_frame   0x00002480      0x238 .\CortexM3\ARM_GCC_541\Debug\DeliveryRobot.a(CyFlash.o)
 .debug_frame   0x000026b8      0x228 .\CortexM3\ARM_GCC_541\Debug\DeliveryRobot.a(CySpc.o)
 .debug_frame   0x000028e0       0x20 c:/program files (x86)/cypress/psoc creator/4.4/psoc creator/import/gnu/arm/5.4.1/bin/../lib/gcc/arm-none-eabi/5.4.1/../../../../arm-none-eabi/lib/armv7-m\libg_nano.a(lib_a-errno.o)
 .debug_frame   0x00002900       0x28 c:/program files (x86)/cypress/psoc creator/4.4/psoc creator/import/gnu/arm/5.4.1/bin/../lib/gcc/arm-none-eabi/5.4.1/../../../../arm-none-eabi/lib/armv7-m\libg_nano.a(lib_a-exit.o)
 .debug_frame   0x00002928       0x2c c:/program files (x86)/cypress/psoc creator/4.4/psoc creator/import/gnu/arm/5.4.1/bin/../lib/gcc/arm-none-eabi/5.4.1/../../../../arm-none-eabi/lib/armv7-m\libg_nano.a(lib_a-init.o)
 .debug_frame   0x00002954       0x28 c:/program files (x86)/cypress/psoc creator/4.4/psoc creator/import/gnu/arm/5.4.1/bin/../lib/gcc/arm-none-eabi/5.4.1/../../../../arm-none-eabi/lib/armv7-m\libg_nano.a(lib_a-memcpy-stub.o)
 .debug_frame   0x0000297c       0x20 c:/program files (x86)/cypress/psoc creator/4.4/psoc creator/import/gnu/arm/5.4.1/bin/../lib/gcc/arm-none-eabi/5.4.1/../../../../arm-none-eabi/lib/armv7-m\libg_nano.a(lib_a-memset.o)
 .debug_frame   0x0000299c       0x8c c:/program files (x86)/cypress/psoc creator/4.4/psoc creator/import/gnu/arm/5.4.1/bin/../lib/gcc/arm-none-eabi/5.4.1/../../../../arm-none-eabi/lib/armv7-m\libg_nano.a(lib_a-nano-vfprintf_float.o)
 .debug_frame   0x00002a28       0x60 c:/program files (x86)/cypress/psoc creator/4.4/psoc creator/import/gnu/arm/5.4.1/bin/../lib/gcc/arm-none-eabi/5.4.1/../../../../arm-none-eabi/lib/armv7-m\libg_nano.a(lib_a-nano-vfprintf_i.o)
 .debug_frame   0x00002a88       0x70 c:/program files (x86)/cypress/psoc creator/4.4/psoc creator/import/gnu/arm/5.4.1/bin/../lib/gcc/arm-none-eabi/5.4.1/../../../../arm-none-eabi/lib/armv7-m\libg_nano.a(lib_a-sprintf.o)
 .debug_frame   0x00002af8       0x6c c:/program files (x86)/cypress/psoc creator/4.4/psoc creator/import/gnu/arm/5.4.1/bin/../lib/gcc/arm-none-eabi/5.4.1/../../../../arm-none-eabi/lib/armv7-m\libg_nano.a(lib_a-dtoa.o)
 .debug_frame   0x00002b64       0x98 c:/program files (x86)/cypress/psoc creator/4.4/psoc creator/import/gnu/arm/5.4.1/bin/../lib/gcc/arm-none-eabi/5.4.1/../../../../arm-none-eabi/lib/armv7-m\libg_nano.a(lib_a-locale.o)
 .debug_frame   0x00002bfc       0x30 c:/program files (x86)/cypress/psoc creator/4.4/psoc creator/import/gnu/arm/5.4.1/bin/../lib/gcc/arm-none-eabi/5.4.1/../../../../arm-none-eabi/lib/armv7-m\libg_nano.a(lib_a-malloc.o)
 .debug_frame   0x00002c2c       0x28 c:/program files (x86)/cypress/psoc creator/4.4/psoc creator/import/gnu/arm/5.4.1/bin/../lib/gcc/arm-none-eabi/5.4.1/../../../../arm-none-eabi/lib/armv7-m\libg_nano.a(lib_a-memchr-stub.o)
 .debug_frame   0x00002c54      0x234 c:/program files (x86)/cypress/psoc creator/4.4/psoc creator/import/gnu/arm/5.4.1/bin/../lib/gcc/arm-none-eabi/5.4.1/../../../../arm-none-eabi/lib/armv7-m\libg_nano.a(lib_a-mprec.o)
 .debug_frame   0x00002e88       0x2c c:/program files (x86)/cypress/psoc creator/4.4/psoc creator/import/gnu/arm/5.4.1/bin/../lib/gcc/arm-none-eabi/5.4.1/../../../../arm-none-eabi/lib/armv7-m\libg_nano.a(lib_a-nano-callocr.o)
 .debug_frame   0x00002eb4       0x38 c:/program files (x86)/cypress/psoc creator/4.4/psoc creator/import/gnu/arm/5.4.1/bin/../lib/gcc/arm-none-eabi/5.4.1/../../../../arm-none-eabi/lib/armv7-m\libg_nano.a(lib_a-nano-freer.o)
 .debug_frame   0x00002eec       0x2c c:/program files (x86)/cypress/psoc creator/4.4/psoc creator/import/gnu/arm/5.4.1/bin/../lib/gcc/arm-none-eabi/5.4.1/../../../../arm-none-eabi/lib/armv7-m\libg_nano.a(lib_a-nano-mallocr.o)
 .debug_frame   0x00002f18       0x90 c:/program files (x86)/cypress/psoc creator/4.4/psoc creator/import/gnu/arm/5.4.1/bin/../lib/gcc/arm-none-eabi/5.4.1/../../../../arm-none-eabi/lib/armv7-m\libg_nano.a(lib_a-nano-svfprintf.o)
 .debug_frame   0x00002fa8       0x2c c:/program files (x86)/cypress/psoc creator/4.4/psoc creator/import/gnu/arm/5.4.1/bin/../lib/gcc/arm-none-eabi/5.4.1/../../../../arm-none-eabi/lib/armv7-m\libg_nano.a(lib_a-sbrkr.o)
 .debug_frame   0x00002fd4       0x20 c:/program files (x86)/cypress/psoc creator/4.4/psoc creator/import/gnu/arm/5.4.1/bin/../lib/gcc/arm-none-eabi/5.4.1/../../../../arm-none-eabi/lib/armv7-m\libg_nano.a(lib_a-strcmp.o)
 .debug_frame   0x00002ff4       0x28 c:/program files (x86)/cypress/psoc creator/4.4/psoc creator/import/gnu/arm/5.4.1/bin/../lib/gcc/arm-none-eabi/5.4.1/../../../../arm-none-eabi/lib/armv7-m\libg_nano.a(lib_a-memmove.o)
 .debug_frame   0x0000301c       0x30 c:/program files (x86)/cypress/psoc creator/4.4/psoc creator/import/gnu/arm/5.4.1/bin/../lib/gcc/arm-none-eabi/5.4.1/../../../../arm-none-eabi/lib/armv7-m\libg_nano.a(lib_a-mlock.o)
 .debug_frame   0x0000304c       0x3c c:/program files (x86)/cypress/psoc creator/4.4/psoc creator/import/gnu/arm/5.4.1/bin/../lib/gcc/arm-none-eabi/5.4.1/../../../../arm-none-eabi/lib/armv7-m\libg_nano.a(lib_a-nano-reallocr.o)
 .debug_frame   0x00003088       0x5c c:/program files (x86)/cypress/psoc creator/4.4/psoc creator/import/gnu/arm/5.4.1/bin/../lib/gcc/arm-none-eabi/5.4.1/../../../../arm-none-eabi/lib/armv7-m\libg_nano.a(lib_a-reent.o)
 .debug_frame   0x000030e4       0x20 c:/program files (x86)/cypress/psoc creator/4.4/psoc creator/import/gnu/arm/5.4.1/bin/../lib/gcc/arm-none-eabi/5.4.1/../../../../arm-none-eabi/lib/armv7-m\libg_nano.a(lib_a-nano-msizer.o)

.debug_str      0x00000000     0x230a
 *(.debug_str)
 .debug_str     0x00000000      0x291 .\CortexM3\ARM_GCC_541\Debug\main.o
                                0x2f6 (size before relaxing)
 .debug_str     0x00000291      0x17b .\CortexM3\ARM_GCC_541\Debug\cyfitter_cfg.o
                                0x33e (size before relaxing)
 .debug_str     0x0000040c       0x75 .\CortexM3\ARM_GCC_541\Debug\cymetadata.o
                                0x219 (size before relaxing)
 .debug_str     0x00000481      0x11d .\CortexM3\ARM_GCC_541\Debug\Cm3Start.o
                                0x30c (size before relaxing)
 .debug_str     0x0000059e      0x195 .\CortexM3\ARM_GCC_541\Debug\DeliveryRobot.a(PWM_Trigger.o)
                                0x35d (size before relaxing)
 .debug_str     0x00000733      0x1ea .\CortexM3\ARM_GCC_541\Debug\DeliveryRobot.a(Timer_Echo.o)
                                0x3c9 (size before relaxing)
 .debug_str     0x0000091d      0x17c .\CortexM3\ARM_GCC_541\Debug\DeliveryRobot.a(Timer_Echo_Int.o)
                                0x359 (size before relaxing)
 .debug_str     0x00000a99      0x7e5 .\CortexM3\ARM_GCC_541\Debug\DeliveryRobot.a(CyLib.o)
                                0xa1f (size before relaxing)
 .debug_str     0x0000127e      0x371 .\CortexM3\ARM_GCC_541\Debug\DeliveryRobot.a(cyPm.o)
                                0x578 (size before relaxing)
 .debug_str     0x000015ef      0x1b0 .\CortexM3\ARM_GCC_541\Debug\DeliveryRobot.a(UART.o)
                                0x37f (size before relaxing)
 .debug_str     0x0000179f      0x1aa .\CortexM3\ARM_GCC_541\Debug\DeliveryRobot.a(UART_IntClock.o)
                                0x36b (size before relaxing)
 .debug_str     0x00001949       0x51 .\CortexM3\ARM_GCC_541\Debug\DeliveryRobot.a(Control_Reg_US.o)
                                0x1ff (size before relaxing)
 .debug_str     0x0000199a      0x111 .\CortexM3\ARM_GCC_541\Debug\DeliveryRobot.a(QuadDec_L.o)
                                0x30e (size before relaxing)
 .debug_str     0x00001aab       0x48 .\CortexM3\ARM_GCC_541\Debug\DeliveryRobot.a(QuadDec_L_INT.o)
                                0x223 (size before relaxing)
 .debug_str     0x00001af3      0x232 .\CortexM3\ARM_GCC_541\Debug\DeliveryRobot.a(QuadDec_L_Cnt16.o)
                                0x41e (size before relaxing)
 .debug_str     0x00001d25      0x20c .\CortexM3\ARM_GCC_541\Debug\DeliveryRobot.a(PWM_Motor_L.o)
                                0x40d (size before relaxing)
 .debug_str     0x00001f31      0x156 .\CortexM3\ARM_GCC_541\Debug\DeliveryRobot.a(Wheel_Vel_Int.o)
                                0x34b (size before relaxing)
 .debug_str     0x00002087      0x156 .\CortexM3\ARM_GCC_541\Debug\DeliveryRobot.a(CyFlash.o)
                                0x33c (size before relaxing)
 .debug_str     0x000021dd      0x12d .\CortexM3\ARM_GCC_541\Debug\DeliveryRobot.a(CySpc.o)
                                0x336 (size before relaxing)

.debug_loc
 *(.debug_loc)

.debug_macinfo
 *(.debug_macinfo)

.debug_ranges   0x00000000      0x910
 *(.debug_ranges)
 .debug_ranges  0x00000000       0x28 .\CortexM3\ARM_GCC_541\Debug\main.o
 .debug_ranges  0x00000028       0x50 .\CortexM3\ARM_GCC_541\Debug\cyfitter_cfg.o
 .debug_ranges  0x00000078       0x38 .\CortexM3\ARM_GCC_541\Debug\Cm3Start.o
 .debug_ranges  0x000000b0       0x70 .\CortexM3\ARM_GCC_541\Debug\DeliveryRobot.a(PWM_Trigger.o)
 .debug_ranges  0x00000120       0x88 .\CortexM3\ARM_GCC_541\Debug\DeliveryRobot.a(Timer_Echo.o)
 .debug_ranges  0x000001a8       0x70 .\CortexM3\ARM_GCC_541\Debug\DeliveryRobot.a(Timer_Echo_Int.o)
 .debug_ranges  0x00000218      0x290 .\CortexM3\ARM_GCC_541\Debug\DeliveryRobot.a(CyLib.o)
 .debug_ranges  0x000004a8       0x88 .\CortexM3\ARM_GCC_541\Debug\DeliveryRobot.a(cyPm.o)
 .debug_ranges  0x00000530       0x90 .\CortexM3\ARM_GCC_541\Debug\DeliveryRobot.a(UART.o)
 .debug_ranges  0x000005c0       0x60 .\CortexM3\ARM_GCC_541\Debug\DeliveryRobot.a(UART_IntClock.o)
 .debug_ranges  0x00000620       0x18 .\CortexM3\ARM_GCC_541\Debug\DeliveryRobot.a(Control_Reg_US.o)
 .debug_ranges  0x00000638       0x50 .\CortexM3\ARM_GCC_541\Debug\DeliveryRobot.a(QuadDec_L.o)
 .debug_ranges  0x00000688       0x10 .\CortexM3\ARM_GCC_541\Debug\DeliveryRobot.a(QuadDec_L_INT.o)
 .debug_ranges  0x00000698       0x88 .\CortexM3\ARM_GCC_541\Debug\DeliveryRobot.a(QuadDec_L_Cnt16.o)
 .debug_ranges  0x00000720       0x98 .\CortexM3\ARM_GCC_541\Debug\DeliveryRobot.a(PWM_Motor_L.o)
 .debug_ranges  0x000007b8       0x70 .\CortexM3\ARM_GCC_541\Debug\DeliveryRobot.a(Wheel_Vel_Int.o)
 .debug_ranges  0x00000828       0x78 .\CortexM3\ARM_GCC_541\Debug\DeliveryRobot.a(CyFlash.o)
 .debug_ranges  0x000008a0       0x70 .\CortexM3\ARM_GCC_541\Debug\DeliveryRobot.a(CySpc.o)

.comment        0x00000000       0x6e
 .comment       0x00000000       0x6e .\CortexM3\ARM_GCC_541\Debug\main.o
                                 0x6f (size before relaxing)
 .comment       0x0000006e       0x6f .\CortexM3\ARM_GCC_541\Debug\cyfitter_cfg.o
 .comment       0x0000006e       0x6f .\CortexM3\ARM_GCC_541\Debug\cymetadata.o
 .comment       0x0000006e       0x6f .\CortexM3\ARM_GCC_541\Debug\Cm3Start.o
 .comment       0x0000006e       0x6f .\CortexM3\ARM_GCC_541\Debug\DeliveryRobot.a(PWM_Trigger.o)
 .comment       0x0000006e       0x6f .\CortexM3\ARM_GCC_541\Debug\DeliveryRobot.a(Timer_Echo.o)
 .comment       0x0000006e       0x6f .\CortexM3\ARM_GCC_541\Debug\DeliveryRobot.a(Timer_Echo_Int.o)
 .comment       0x0000006e       0x6f .\CortexM3\ARM_GCC_541\Debug\DeliveryRobot.a(CyLib.o)
 .comment       0x0000006e       0x6f .\CortexM3\ARM_GCC_541\Debug\DeliveryRobot.a(cyPm.o)
 .comment       0x0000006e       0x6f .\CortexM3\ARM_GCC_541\Debug\DeliveryRobot.a(UART.o)
 .comment       0x0000006e       0x6f .\CortexM3\ARM_GCC_541\Debug\DeliveryRobot.a(UART_IntClock.o)
 .comment       0x0000006e       0x6f .\CortexM3\ARM_GCC_541\Debug\DeliveryRobot.a(Control_Reg_US.o)
 .comment       0x0000006e       0x6f .\CortexM3\ARM_GCC_541\Debug\DeliveryRobot.a(QuadDec_L.o)
 .comment       0x0000006e       0x6f .\CortexM3\ARM_GCC_541\Debug\DeliveryRobot.a(QuadDec_L_INT.o)
 .comment       0x0000006e       0x6f .\CortexM3\ARM_GCC_541\Debug\DeliveryRobot.a(QuadDec_L_Cnt16.o)
 .comment       0x0000006e       0x6f .\CortexM3\ARM_GCC_541\Debug\DeliveryRobot.a(PWM_Motor_L.o)
 .comment       0x0000006e       0x6f .\CortexM3\ARM_GCC_541\Debug\DeliveryRobot.a(Wheel_Vel_Int.o)
 .comment       0x0000006e       0x6f .\CortexM3\ARM_GCC_541\Debug\DeliveryRobot.a(CyFlash.o)
 .comment       0x0000006e       0x6f .\CortexM3\ARM_GCC_541\Debug\DeliveryRobot.a(CySpc.o)

.debug_weaknames
 *(.debug_weaknames)

.debug_funcnames
 *(.debug_funcnames)

.debug_typenames
 *(.debug_typenames)

.debug_varnames
 *(.debug_varnames)

.note.gnu.arm.ident
 *(.note.gnu.arm.ident)

.ARM.attributes
                0x00000000       0x29
 *(.ARM.attributes)
 .ARM.attributes
                0x00000000       0x1d c:/program files (x86)/cypress/psoc creator/4.4/psoc creator/import/gnu/arm/5.4.1/bin/../lib/gcc/arm-none-eabi/5.4.1/armv7-m/crti.o
 .ARM.attributes
                0x0000001d       0x2d c:/program files (x86)/cypress/psoc creator/4.4/psoc creator/import/gnu/arm/5.4.1/bin/../lib/gcc/arm-none-eabi/5.4.1/armv7-m/crtbegin.o
 .ARM.attributes
                0x0000004a       0x1b c:/program files (x86)/cypress/psoc creator/4.4/psoc creator/import/gnu/arm/5.4.1/bin/../lib/gcc/arm-none-eabi/5.4.1/../../../../arm-none-eabi/lib/armv7-m/crt0.o
 .ARM.attributes
                0x00000065       0x33 .\CortexM3\ARM_GCC_541\Debug\main.o
 .ARM.attributes
                0x00000098       0x33 .\CortexM3\ARM_GCC_541\Debug\cyfitter_cfg.o
 .ARM.attributes
                0x000000cb       0x33 .\CortexM3\ARM_GCC_541\Debug\cymetadata.o
 .ARM.attributes
                0x000000fe       0x33 .\CortexM3\ARM_GCC_541\Debug\Cm3Start.o
 .ARM.attributes
                0x00000131       0x33 .\CortexM3\ARM_GCC_541\Debug\DeliveryRobot.a(PWM_Trigger.o)
 .ARM.attributes
                0x00000164       0x33 .\CortexM3\ARM_GCC_541\Debug\DeliveryRobot.a(Timer_Echo.o)
 .ARM.attributes
                0x00000197       0x33 .\CortexM3\ARM_GCC_541\Debug\DeliveryRobot.a(Timer_Echo_Int.o)
 .ARM.attributes
                0x000001ca       0x33 .\CortexM3\ARM_GCC_541\Debug\DeliveryRobot.a(CyLib.o)
 .ARM.attributes
                0x000001fd       0x33 .\CortexM3\ARM_GCC_541\Debug\DeliveryRobot.a(cyPm.o)
 .ARM.attributes
                0x00000230       0x33 .\CortexM3\ARM_GCC_541\Debug\DeliveryRobot.a(UART.o)
 .ARM.attributes
                0x00000263       0x33 .\CortexM3\ARM_GCC_541\Debug\DeliveryRobot.a(UART_IntClock.o)
 .ARM.attributes
                0x00000296       0x33 .\CortexM3\ARM_GCC_541\Debug\DeliveryRobot.a(Control_Reg_US.o)
 .ARM.attributes
                0x000002c9       0x33 .\CortexM3\ARM_GCC_541\Debug\DeliveryRobot.a(QuadDec_L.o)
 .ARM.attributes
                0x000002fc       0x33 .\CortexM3\ARM_GCC_541\Debug\DeliveryRobot.a(QuadDec_L_INT.o)
 .ARM.attributes
                0x0000032f       0x33 .\CortexM3\ARM_GCC_541\Debug\DeliveryRobot.a(QuadDec_L_Cnt16.o)
 .ARM.attributes
                0x00000362       0x33 .\CortexM3\ARM_GCC_541\Debug\DeliveryRobot.a(PWM_Motor_L.o)
 .ARM.attributes
                0x00000395       0x33 .\CortexM3\ARM_GCC_541\Debug\DeliveryRobot.a(Wheel_Vel_Int.o)
 .ARM.attributes
                0x000003c8       0x21 .\CortexM3\ARM_GCC_541\Debug\DeliveryRobot.a(CyBootAsmGnu.o)
 .ARM.attributes
                0x000003e9       0x33 .\CortexM3\ARM_GCC_541\Debug\DeliveryRobot.a(CyFlash.o)
 .ARM.attributes
                0x0000041c       0x33 .\CortexM3\ARM_GCC_541\Debug\DeliveryRobot.a(CySpc.o)
 .ARM.attributes
                0x0000044f       0x1d c:/program files (x86)/cypress/psoc creator/4.4/psoc creator/import/gnu/arm/5.4.1/bin/../lib/gcc/arm-none-eabi/5.4.1/armv7-m\libgcc.a(_arm_addsubdf3.o)
 .ARM.attributes
                0x0000046c       0x1d c:/program files (x86)/cypress/psoc creator/4.4/psoc creator/import/gnu/arm/5.4.1/bin/../lib/gcc/arm-none-eabi/5.4.1/armv7-m\libgcc.a(_arm_muldivdf3.o)
 .ARM.attributes
                0x00000489       0x1d c:/program files (x86)/cypress/psoc creator/4.4/psoc creator/import/gnu/arm/5.4.1/bin/../lib/gcc/arm-none-eabi/5.4.1/armv7-m\libgcc.a(_arm_truncdfsf2.o)
 .ARM.attributes
                0x000004a6       0x1d c:/program files (x86)/cypress/psoc creator/4.4/psoc creator/import/gnu/arm/5.4.1/bin/../lib/gcc/arm-none-eabi/5.4.1/armv7-m\libgcc.a(_arm_muldivsf3.o)
 .ARM.attributes
                0x000004c3       0x1d c:/program files (x86)/cypress/psoc creator/4.4/psoc creator/import/gnu/arm/5.4.1/bin/../lib/gcc/arm-none-eabi/5.4.1/armv7-m\libgcc.a(_arm_cmpsf2.o)
 .ARM.attributes
                0x000004e0       0x1d c:/program files (x86)/cypress/psoc creator/4.4/psoc creator/import/gnu/arm/5.4.1/bin/../lib/gcc/arm-none-eabi/5.4.1/armv7-m\libgcc.a(_arm_fixunssfsi.o)
 .ARM.attributes
                0x000004fd       0x2d c:/program files (x86)/cypress/psoc creator/4.4/psoc creator/import/gnu/arm/5.4.1/bin/../lib/gcc/arm-none-eabi/5.4.1/../../../../arm-none-eabi/lib/armv7-m\libg_nano.a(lib_a-errno.o)
 .ARM.attributes
                0x0000052a       0x2d c:/program files (x86)/cypress/psoc creator/4.4/psoc creator/import/gnu/arm/5.4.1/bin/../lib/gcc/arm-none-eabi/5.4.1/../../../../arm-none-eabi/lib/armv7-m\libg_nano.a(lib_a-exit.o)
 .ARM.attributes
                0x00000557       0x2d c:/program files (x86)/cypress/psoc creator/4.4/psoc creator/import/gnu/arm/5.4.1/bin/../lib/gcc/arm-none-eabi/5.4.1/../../../../arm-none-eabi/lib/armv7-m\libg_nano.a(lib_a-impure.o)
 .ARM.attributes
                0x00000584       0x2d c:/program files (x86)/cypress/psoc creator/4.4/psoc creator/import/gnu/arm/5.4.1/bin/../lib/gcc/arm-none-eabi/5.4.1/../../../../arm-none-eabi/lib/armv7-m\libg_nano.a(lib_a-init.o)
 .ARM.attributes
                0x000005b1       0x2d c:/program files (x86)/cypress/psoc creator/4.4/psoc creator/import/gnu/arm/5.4.1/bin/../lib/gcc/arm-none-eabi/5.4.1/../../../../arm-none-eabi/lib/armv7-m\libg_nano.a(lib_a-memcpy-stub.o)
 .ARM.attributes
                0x000005de       0x2d c:/program files (x86)/cypress/psoc creator/4.4/psoc creator/import/gnu/arm/5.4.1/bin/../lib/gcc/arm-none-eabi/5.4.1/../../../../arm-none-eabi/lib/armv7-m\libg_nano.a(lib_a-memset.o)
 .ARM.attributes
                0x0000060b       0x2d c:/program files (x86)/cypress/psoc creator/4.4/psoc creator/import/gnu/arm/5.4.1/bin/../lib/gcc/arm-none-eabi/5.4.1/../../../../arm-none-eabi/lib/armv7-m\libg_nano.a(lib_a-nano-vfprintf_float.o)
 .ARM.attributes
                0x00000638       0x2d c:/program files (x86)/cypress/psoc creator/4.4/psoc creator/import/gnu/arm/5.4.1/bin/../lib/gcc/arm-none-eabi/5.4.1/../../../../arm-none-eabi/lib/armv7-m\libg_nano.a(lib_a-nano-vfprintf_i.o)
 .ARM.attributes
                0x00000665       0x2d c:/program files (x86)/cypress/psoc creator/4.4/psoc creator/import/gnu/arm/5.4.1/bin/../lib/gcc/arm-none-eabi/5.4.1/../../../../arm-none-eabi/lib/armv7-m\libg_nano.a(lib_a-sprintf.o)
 .ARM.attributes
                0x00000692       0x17 c:/program files (x86)/cypress/psoc creator/4.4/psoc creator/import/gnu/arm/5.4.1/bin/../lib/gcc/arm-none-eabi/5.4.1/../../../../arm-none-eabi/lib/armv7-m\libg_nano.a(lib_a-strlen.o)
 .ARM.attributes
                0x000006a9       0x2d c:/program files (x86)/cypress/psoc creator/4.4/psoc creator/import/gnu/arm/5.4.1/bin/../lib/gcc/arm-none-eabi/5.4.1/../../../../arm-none-eabi/lib/armv7-m\libg_nano.a(lib_a-dtoa.o)
 .ARM.attributes
                0x000006d6       0x2d c:/program files (x86)/cypress/psoc creator/4.4/psoc creator/import/gnu/arm/5.4.1/bin/../lib/gcc/arm-none-eabi/5.4.1/../../../../arm-none-eabi/lib/armv7-m\libg_nano.a(lib_a-locale.o)
 .ARM.attributes
                0x00000703       0x2d c:/program files (x86)/cypress/psoc creator/4.4/psoc creator/import/gnu/arm/5.4.1/bin/../lib/gcc/arm-none-eabi/5.4.1/../../../../arm-none-eabi/lib/armv7-m\libg_nano.a(lib_a-malloc.o)
 .ARM.attributes
                0x00000730       0x2d c:/program files (x86)/cypress/psoc creator/4.4/psoc creator/import/gnu/arm/5.4.1/bin/../lib/gcc/arm-none-eabi/5.4.1/../../../../arm-none-eabi/lib/armv7-m\libg_nano.a(lib_a-memchr-stub.o)
 .ARM.attributes
                0x0000075d       0x2d c:/program files (x86)/cypress/psoc creator/4.4/psoc creator/import/gnu/arm/5.4.1/bin/../lib/gcc/arm-none-eabi/5.4.1/../../../../arm-none-eabi/lib/armv7-m\libg_nano.a(lib_a-mprec.o)
 .ARM.attributes
                0x0000078a       0x2d c:/program files (x86)/cypress/psoc creator/4.4/psoc creator/import/gnu/arm/5.4.1/bin/../lib/gcc/arm-none-eabi/5.4.1/../../../../arm-none-eabi/lib/armv7-m\libg_nano.a(lib_a-nano-callocr.o)
 .ARM.attributes
                0x000007b7       0x2d c:/program files (x86)/cypress/psoc creator/4.4/psoc creator/import/gnu/arm/5.4.1/bin/../lib/gcc/arm-none-eabi/5.4.1/../../../../arm-none-eabi/lib/armv7-m\libg_nano.a(lib_a-nano-freer.o)
 .ARM.attributes
                0x000007e4       0x2d c:/program files (x86)/cypress/psoc creator/4.4/psoc creator/import/gnu/arm/5.4.1/bin/../lib/gcc/arm-none-eabi/5.4.1/../../../../arm-none-eabi/lib/armv7-m\libg_nano.a(lib_a-nano-mallocr.o)
 .ARM.attributes
                0x00000811       0x2d c:/program files (x86)/cypress/psoc creator/4.4/psoc creator/import/gnu/arm/5.4.1/bin/../lib/gcc/arm-none-eabi/5.4.1/../../../../arm-none-eabi/lib/armv7-m\libg_nano.a(lib_a-nano-svfprintf.o)
 .ARM.attributes
                0x0000083e       0x2d c:/program files (x86)/cypress/psoc creator/4.4/psoc creator/import/gnu/arm/5.4.1/bin/../lib/gcc/arm-none-eabi/5.4.1/../../../../arm-none-eabi/lib/armv7-m\libg_nano.a(lib_a-sbrkr.o)
 .ARM.attributes
                0x0000086b       0x1b c:/program files (x86)/cypress/psoc creator/4.4/psoc creator/import/gnu/arm/5.4.1/bin/../lib/gcc/arm-none-eabi/5.4.1/../../../../arm-none-eabi/lib/armv7-m\libg_nano.a(lib_a-strcmp.o)
 .ARM.attributes
                0x00000886       0x2d c:/program files (x86)/cypress/psoc creator/4.4/psoc creator/import/gnu/arm/5.4.1/bin/../lib/gcc/arm-none-eabi/5.4.1/../../../../arm-none-eabi/lib/armv7-m\libg_nano.a(lib_a-memmove.o)
 .ARM.attributes
                0x000008b3       0x2d c:/program files (x86)/cypress/psoc creator/4.4/psoc creator/import/gnu/arm/5.4.1/bin/../lib/gcc/arm-none-eabi/5.4.1/../../../../arm-none-eabi/lib/armv7-m\libg_nano.a(lib_a-mlock.o)
 .ARM.attributes
                0x000008e0       0x2d c:/program files (x86)/cypress/psoc creator/4.4/psoc creator/import/gnu/arm/5.4.1/bin/../lib/gcc/arm-none-eabi/5.4.1/../../../../arm-none-eabi/lib/armv7-m\libg_nano.a(lib_a-nano-reallocr.o)
 .ARM.attributes
                0x0000090d       0x2d c:/program files (x86)/cypress/psoc creator/4.4/psoc creator/import/gnu/arm/5.4.1/bin/../lib/gcc/arm-none-eabi/5.4.1/../../../../arm-none-eabi/lib/armv7-m\libg_nano.a(lib_a-reent.o)
 .ARM.attributes
                0x0000093a       0x2d c:/program files (x86)/cypress/psoc creator/4.4/psoc creator/import/gnu/arm/5.4.1/bin/../lib/gcc/arm-none-eabi/5.4.1/../../../../arm-none-eabi/lib/armv7-m\libg_nano.a(lib_a-nano-msizer.o)
 .ARM.attributes
                0x00000967       0x1d c:/program files (x86)/cypress/psoc creator/4.4/psoc creator/import/gnu/arm/5.4.1/bin/../lib/gcc/arm-none-eabi/5.4.1/armv7-m\libgcc.a(_arm_cmpdf2.o)
 .ARM.attributes
                0x00000984       0x1d c:/program files (x86)/cypress/psoc creator/4.4/psoc creator/import/gnu/arm/5.4.1/bin/../lib/gcc/arm-none-eabi/5.4.1/armv7-m\libgcc.a(_arm_unorddf2.o)
 .ARM.attributes
                0x000009a1       0x1d c:/program files (x86)/cypress/psoc creator/4.4/psoc creator/import/gnu/arm/5.4.1/bin/../lib/gcc/arm-none-eabi/5.4.1/armv7-m\libgcc.a(_arm_fixdfsi.o)
 .ARM.attributes
                0x000009be       0x2d c:/program files (x86)/cypress/psoc creator/4.4/psoc creator/import/gnu/arm/5.4.1/bin/../lib/gcc/arm-none-eabi/5.4.1/armv7-m/crtend.o
 .ARM.attributes
                0x000009eb       0x1d c:/program files (x86)/cypress/psoc creator/4.4/psoc creator/import/gnu/arm/5.4.1/bin/../lib/gcc/arm-none-eabi/5.4.1/armv7-m/crtn.o

/DISCARD/
 *(.note.GNU-stack)
OUTPUT(C:\Users\raymo\Desktop\Raymond\Monash\OneDrive - Monash University\Fifth Year\ECE4191\PSOC_ECE4191\DeliveryRobot.cydsn\CortexM3\ARM_GCC_541\Debug\DeliveryRobot.elf elf32-littlearm)
